<<< NEORV32 Hardware Performance Monitors (HPMs) Example Program >>>

[NOTE] Clockspeed: 10000000 Hz
[NOTE] This program will use up to 9 HPM counters (if available).

13 HPM counters detected, each 40 bits wide

> Starting benchmark. 
	> Sizes: DATA 40 | INSTR 40 | COPY 40 
> Benchmark Complete.

HPM results (low-words only):
 cycle (active clock cycles)         : 918758792
 instret (retired instructions)      : 193106594
 HPM03 (compressed instructions)     : 0
 HPM04 (instr. dispatch wait cycles) : 92797901
 HPM05 (ALU wait cycles)             : 327272047
 HPM06 (branch instructions)         : 61268983
 HPM07 (control flow transfers)      : 41778584
 HPM08 (load instructions)           : 1843274
 HPM09 (store instructions)          : 1025486
 HPM10 (load/store wait cycles)      : 3690568
 HPM11 (entered traps)               : 0

Program completed.

Benchmarking scoring:


Benchmark Timing:
Total time: 91.620 seconds
Instructions per cycle (IPC): 0.600

Memory Statistics:
Total memory operations: 2868760
Memory wait cycles: 3690568 (0.80% of total time)
Average cycles per memory operation: 1.800