<<< NEORV32 Hardware Performance Monitors (HPMs) Example Program >>>

[NOTE] Clockspeed: 50000000 Hz
[NOTE] This program will use up to 9 HPM counters (if available).

13 HPM counters detected, each 40 bits wide

> Starting benchmark. 
	> Sizes: DATA 100 | INSTR 100 | COPY 100 
	> Iterations: 1000
> Benchmark Complete.

HPM results (low-words only):
 cycle (active clock cycles)         : 510897693
 instret (retired instructions)      : 109746284
 HPM03 (compressed instructions)     : 0
 HPM04 (instr. dispatch wait cycles) : 48815792
 HPM05 (ALU wait cycles)             : 164973420
 HPM06 (branch instructions)         : 32327407
 HPM07 (control flow transfers)      : 22034959
 HPM08 (load instructions)           : 3804917
 HPM09 (store instructions)          : 3503322
 HPM10 (load/store wait cycles)      : 8637068
 HPM11 (entered traps)               : 0

Program completed.

Benchmark Timing:
	Total time: 10.600 seconds
	Iterations per second: 97.620

Memory Statistics:
	Total memory operations: 7308239
	Memory wait cycles: 8637068 (1.31% of total time)
	Average cycles per memory operation: 1.500



<<< NEORV32 Hardware Performance Monitors (HPMs) Example Program >>>

[NOTE] Clockspeed: 50000000 Hz
[NOTE] This program will use up to 9 HPM counters (if available).

13 HPM counters detected, each 40 bits wide

> Starting benchmark. 
	> Sizes: DATA 200 | INSTR 200 | COPY 200 
	> Iterations: 1000
> Benchmark Complete.

HPM results (low-words only):
 cycle (active clock cycles)         : 1071694734
 instret (retired instructions)      : 231207341
 HPM03 (compressed instructions)     : 0
 HPM04 (instr. dispatch wait cycles) : 96811820
 HPM05 (ALU wait cycles)             : 327214340
 HPM06 (branch instructions)         : 64060439
 HPM07 (control flow transfers)      : 43709967
 HPM08 (load instructions)           : 12831901
 HPM09 (store instructions)          : 12003323
 HPM10 (load/store wait cycles)      : 27813037
 HPM11 (entered traps)               : 0

Program completed.

Benchmark Timing:
	Total time: 21.310 seconds
	Iterations per second: 46.910

Memory Statistics:
	Total memory operations: 24835224
	Memory wait cycles: 27813037 (2.11% of total time)
	Average cycles per memory operation: 1.300



<<< NEORV32 Hardware Performance Monitors (HPMs) Example Program >>>

[NOTE] Clockspeed: 50000000 Hz
[NOTE] This program will use up to 9 HPM counters (if available).

13 HPM counters detected, each 40 bits wide

> Starting benchmark. 
	> Sizes: DATA 400 | INSTR 400 | COPY 400 
	> Iterations: 1000
> Benchmark Complete.

HPM results (low-words only):
 cycle (active clock cycles)         : 2327941724
 instret (retired instructions)      : 499108384
 HPM03 (compressed instructions)     : 0
 HPM04 (instr. dispatch wait cycles) : 192566866
 HPM05 (ALU wait cycles)             : 649500227
 HPM06 (branch instructions)         : 127028468
 HPM07 (control flow transfers)      : 86997984
 HPM08 (load instructions)           : 45130882
 HPM09 (store instructions)          : 44003323
 HPM10 (load/store wait cycles)      : 95363000
 HPM11 (entered traps)               : 0

Program completed.

Benchmark Timing:
	Total time: 46.610 seconds
	Iterations per second: 21.410

Memory Statistics:
	Total memory operations: 89134205
	Memory wait cycles: 95363000 (4.10% of total time)
	Average cycles per memory operation: 1.200


