Resource Usage 10 MHz
+---------------+-------+-------+------------+
| Type          | Used  | Total | Percentage |
+---------------+-------+-------+------------+
| 4LUT          | 10199 | 12084 | 84.40      |
| DFF           | 3593  | 12084 | 29.73      |
| I/O Register  | 0     | 579   | 0.00       |
| Logic Element | 10307 | 12084 | 85.29      |
+---------------+-------+-------+------------+

Resource Usage 50 MHz
+---------------+-------+-------+------------+
| Type          | Used  | Total | Percentage |
+---------------+-------+-------+------------+
| 4LUT          | 10234 | 12084 | 84.69      |
| DFF           | 3593  | 12084 | 29.73      |
| I/O Register  | 0     | 579   | 0.00       |
| Logic Element | 10349 | 12084 | 85.64      |
+---------------+-------+-------+------------+

Resource Usage 100 MHz
+---------------+-------+-------+------------+
| Type          | Used  | Total | Percentage |
+---------------+-------+-------+------------+
| 4LUT          | 10629 | 12084 | 87.96      |
| DFF           | 3598  | 12084 | 29.77      |
| I/O Register  | 0     | 579   | 0.00       |
| Logic Element | 10734 | 12084 | 88.83      |
+---------------+-------+-------+------------+