Resource Report
Microchip Technology Inc. - Microchip Libero Software Release v2023.1 (Version 2023.1.0.6)
Date: Wed Oct 23 16:26:35 2024

Device Selection
+--------------------------------+----------------+
| Family                         | IGLOO2         |
| Device                         | M2GL010        |
| Package                        | 400 VF         |
| Speed Grade                    | STD            |
| Temp                           | 0:25:85        |
| Voltage                        | 1.26:1.20:1.14 |
| Core Voltage                   | 1.2V           |
| Ramp Rate                      | 100ms Minimum  |
| System Controller Suspend Mode | No             |
| PLL Supply Voltage             | 3.3V           |
| Default I/O technology         | LVCMOS 3.3V    |
| Restrict Probe Pins            | Yes            |
| Restrict SPI Pins              | No             |
+--------------------------------+----------------+

Source Files
+---------+--------------------------------------------------------------------------------+
| Topcell | top_sd                                                                         |
| Format  | Verilog                                                                        |
| Source  | /home/tycho/git/NEORV32-SRAM/neorv32-sf2-with-sram/prj_dir/synthesis/top_sd.vm |
+---------+--------------------------------------------------------------------------------+

Options
+----------------------------------------------------+-------+
| Enable Single Event Transient mitigation           | false |
| Enable Design Separation Methodology               | false |
| Limit the number of high fanout nets to display to | 10    |
+----------------------------------------------------+-------+

Resource Usage
+---------------------------+------+-------+------------+
| Type                      | Used | Total | Percentage |
+---------------------------+------+-------+------------+
| 4LUT                      | 2611 | 12084 | 21.61      |
| DFF                       | 1429 | 12084 | 11.83      |
| I/O Register              | 0    | 585   | 0.00       |
| User I/O                  | 10   | 195   | 5.13       |
| -- Single-ended I/O       | 10   | 195   | 5.13       |
| -- Differential I/O Pairs | 0    | 97    | 0.00       |
| RAM64x18                  | 4    | 22    | 18.18      |
| RAM1K18                   | 4    | 21    | 19.05      |
| MACC                      | 0    | 22    | 0.00       |
| Chip Globals              | 2    | 8     | 25.00      |
| CCC                       | 1    | 2     | 50.00      |
| RCOSC_25_50MHZ            | 1    | 1     | 100.00     |
| RCOSC_1MHZ                | 0    | 1     | 0.00       |
| XTLOSC                    | 0    | 1     | 0.00       |
| HPMS                      | 0    | 1     | 0.00       |
+---------------------------+------+-------+------------+

Detailed Logic Resource Usage
+--------------------------+------+------+
| Type                     | 4LUT | DFF  |
+--------------------------+------+------+
| Fabric Logic             | 2323 | 1141 |
| RAM64x18 Interface Logic | 144  | 144  |
| RAM1K18 Interface Logic  | 144  | 144  |
| MACC Interface Logic     | 0    | 0    |
| Total Used               | 2611 | 1429 |
+--------------------------+------+------+

Detailed Carry Chains Resource Usage
+--------+------+
| Length | Used |
| 2      | 33   |
| 10     | 2    |
| 11     | 2    |
| 13     | 1    |
| 17     | 3    |
| 30     | 1    |
| 31     | 1    |
| 33     | 6    |
| 34     | 4    |
| Total  | 53   |
+--------+------+

I/O Function
+-------------------------------+--------------+-------------+-----------------+
| Type                          | w/o register | w/ register | w/ DDR register |
+-------------------------------+--------------+-------------+-----------------+
| Input I/O                     | 1            | 0           | 0               |
| Output I/O                    | 9            | 0           | 0               |
| Bidirectional I/O             | 0            | 0           | 0               |
| Differential Input I/O Pairs  | 0            | 0           | 0               |
| Differential Output I/O Pairs | 0            | 0           | 0               |
+-------------------------------+--------------+-------------+-----------------+

I/O Technology
+--------------+--------+------+-------+--------+---------------+
| I/O Standard | Vddi   | Vref | Input | Output | Bidirectional |
+--------------+--------+------+-------+--------+---------------+
| LVCMOS33     |  3.30v |  N/A |  1    |  9     |  0            |
+--------------+--------+------+-------+--------+---------------+

Nets assigned to chip global resources
+--------+---------+----------------------------------------------------------------------------------+
| Fanout | Type    | Name                                                                             |
+--------+---------+----------------------------------------------------------------------------------+
| 1158   | INT_NET | Net   : FCCC_C0_0_GL0                                                            |
|        |         | Driver: FCCC_C0_0/FCCC_C0_0/GL0_INST/U0_RGB1                                     |
|        |         | Source: NETLIST                                                                  |
| 1119   | INT_NET | Net   : neorv32_ProcessorTop_MinimalBoot_0/neorv32_inst/rstn_sys_Z               |
|        |         | Driver: neorv32_ProcessorTop_MinimalBoot_0/neorv32_inst/rstn_sys_RNIN5R3/U0_RGB1 |
|        |         | Source: NETLIST                                                                  |
+--------+---------+----------------------------------------------------------------------------------+

Nets assigned to row global resources
+--------+------+------+
| Fanout | Type | Name |
+--------+------+------+
+--------+------+------+

High fanout nets
+--------+---------+---------------------------------------------------------------------------------------------------------------------------------------------------+
| Fanout | Type    | Name                                                                                                                                              |
+--------+---------+---------------------------------------------------------------------------------------------------------------------------------------------------+
| 115    | INT_NET | Net   : neorv32_ProcessorTop_MinimalBoot_0/neorv32_inst/core_complex.neorv32_cpu_inst/ir_funct3_i[1]                                              |
|        |         | Driver: neorv32_ProcessorTop_MinimalBoot_0/neorv32_inst/core_complex.neorv32_cpu_inst/neorv32_cpu_control_inst/execute_engine.ir[13]              |
| 104    | INT_NET | Net   : neorv32_ProcessorTop_MinimalBoot_0/neorv32_inst/core_complex.neorv32_cpu_inst/alu_op[1]                                                   |
|        |         | Driver: neorv32_ProcessorTop_MinimalBoot_0/neorv32_inst/core_complex.neorv32_cpu_inst/neorv32_cpu_control_inst/ctrl.alu_op[1]                     |
| 80     | INT_NET | Net   : neorv32_ProcessorTop_MinimalBoot_0/neorv32_inst/core_complex.neorv32_cpu_inst/ir_funct3[2]                                                |
|        |         | Driver: neorv32_ProcessorTop_MinimalBoot_0/neorv32_inst/core_complex.neorv32_cpu_inst/neorv32_cpu_control_inst/execute_engine.ir[14]              |
| 76     | INT_NET | Net   : neorv32_ProcessorTop_MinimalBoot_0/neorv32_inst/xbus_adr_o[3]                                                                             |
|        |         | Driver: neorv32_ProcessorTop_MinimalBoot_0/neorv32_inst/core_complex.neorv32_core_bus_switch_inst/x_req_o.addr[3]                                 |
| 74     | INT_NET | Net   : neorv32_ProcessorTop_MinimalBoot_0/neorv32_inst/core_complex.neorv32_cpu_inst/neorv32_cpu_control_inst/we                                 |
|        |         | Driver: neorv32_ProcessorTop_MinimalBoot_0/neorv32_inst/core_complex.neorv32_cpu_inst/neorv32_cpu_control_inst/csr.we                             |
| 73     | INT_NET | Net   : neorv32_ProcessorTop_MinimalBoot_0/neorv32_inst/core_complex.neorv32_cpu_inst/lsu_mo_we                                                   |
|        |         | Driver: neorv32_ProcessorTop_MinimalBoot_0/neorv32_inst/core_complex.neorv32_cpu_inst/neorv32_cpu_control_inst/execute_engine.state[1]            |
| 71     | INT_NET | Net   : neorv32_ProcessorTop_MinimalBoot_0/neorv32_inst/core_complex.neorv32_cpu_inst/alu_cp_trig[0]                                              |
|        |         | Driver: neorv32_ProcessorTop_MinimalBoot_0/neorv32_inst/core_complex.neorv32_cpu_inst/neorv32_cpu_control_inst/ctrl.alu_cp_trig[0]                |
| 71     | INT_NET | Net   : neorv32_ProcessorTop_MinimalBoot_0/neorv32_inst/core_complex.neorv32_cpu_inst/neorv32_cpu_control_inst/cause[6]                           |
|        |         | Driver: neorv32_ProcessorTop_MinimalBoot_0/neorv32_inst/core_complex.neorv32_cpu_inst/neorv32_cpu_control_inst/trap_ctrl.cause[6]                 |
| 67     | INT_NET | Net   : neorv32_ProcessorTop_MinimalBoot_0/neorv32_inst/core_complex.neorv32_cpu_inst/neorv32_cpu_control_inst/mstatus_mie19                      |
|        |         | Driver: neorv32_ProcessorTop_MinimalBoot_0/neorv32_inst/core_complex.neorv32_cpu_inst/neorv32_cpu_control_inst/csr_write_access.csr.mstatus_mie19 |
| 64     | INT_NET | Net   : neorv32_ProcessorTop_MinimalBoot_0/neorv32_inst/core_complex.neorv32_cpu_inst/alu_op[2]                                                   |
|        |         | Driver: neorv32_ProcessorTop_MinimalBoot_0/neorv32_inst/core_complex.neorv32_cpu_inst/neorv32_cpu_control_inst/ctrl.alu_op[2]                     |
+--------+---------+---------------------------------------------------------------------------------------------------------------------------------------------------+

High fanout nets (through buffer trees)
+--------+---------+---------------------------------------------------------------------------------------------------------------------------------------------------+
| Fanout | Type    | Name                                                                                                                                              |
+--------+---------+---------------------------------------------------------------------------------------------------------------------------------------------------+
| 115    | INT_NET | Net   : neorv32_ProcessorTop_MinimalBoot_0/neorv32_inst/core_complex.neorv32_cpu_inst/ir_funct3_i[1]                                              |
|        |         | Driver: neorv32_ProcessorTop_MinimalBoot_0/neorv32_inst/core_complex.neorv32_cpu_inst/neorv32_cpu_control_inst/execute_engine.ir[13]              |
| 104    | INT_NET | Net   : neorv32_ProcessorTop_MinimalBoot_0/neorv32_inst/core_complex.neorv32_cpu_inst/alu_op[1]                                                   |
|        |         | Driver: neorv32_ProcessorTop_MinimalBoot_0/neorv32_inst/core_complex.neorv32_cpu_inst/neorv32_cpu_control_inst/ctrl.alu_op[1]                     |
| 80     | INT_NET | Net   : neorv32_ProcessorTop_MinimalBoot_0/neorv32_inst/core_complex.neorv32_cpu_inst/ir_funct3[2]                                                |
|        |         | Driver: neorv32_ProcessorTop_MinimalBoot_0/neorv32_inst/core_complex.neorv32_cpu_inst/neorv32_cpu_control_inst/execute_engine.ir[14]              |
| 76     | INT_NET | Net   : neorv32_ProcessorTop_MinimalBoot_0/neorv32_inst/xbus_adr_o[3]                                                                             |
|        |         | Driver: neorv32_ProcessorTop_MinimalBoot_0/neorv32_inst/core_complex.neorv32_core_bus_switch_inst/x_req_o.addr[3]                                 |
| 74     | INT_NET | Net   : neorv32_ProcessorTop_MinimalBoot_0/neorv32_inst/core_complex.neorv32_cpu_inst/neorv32_cpu_control_inst/we                                 |
|        |         | Driver: neorv32_ProcessorTop_MinimalBoot_0/neorv32_inst/core_complex.neorv32_cpu_inst/neorv32_cpu_control_inst/csr.we                             |
| 73     | INT_NET | Net   : neorv32_ProcessorTop_MinimalBoot_0/neorv32_inst/core_complex.neorv32_cpu_inst/lsu_mo_we                                                   |
|        |         | Driver: neorv32_ProcessorTop_MinimalBoot_0/neorv32_inst/core_complex.neorv32_cpu_inst/neorv32_cpu_control_inst/execute_engine.state[1]            |
| 71     | INT_NET | Net   : neorv32_ProcessorTop_MinimalBoot_0/neorv32_inst/core_complex.neorv32_cpu_inst/alu_cp_trig[0]                                              |
|        |         | Driver: neorv32_ProcessorTop_MinimalBoot_0/neorv32_inst/core_complex.neorv32_cpu_inst/neorv32_cpu_control_inst/ctrl.alu_cp_trig[0]                |
| 71     | INT_NET | Net   : neorv32_ProcessorTop_MinimalBoot_0/neorv32_inst/core_complex.neorv32_cpu_inst/neorv32_cpu_control_inst/cause[6]                           |
|        |         | Driver: neorv32_ProcessorTop_MinimalBoot_0/neorv32_inst/core_complex.neorv32_cpu_inst/neorv32_cpu_control_inst/trap_ctrl.cause[6]                 |
| 67     | INT_NET | Net   : neorv32_ProcessorTop_MinimalBoot_0/neorv32_inst/core_complex.neorv32_cpu_inst/neorv32_cpu_control_inst/mstatus_mie19                      |
|        |         | Driver: neorv32_ProcessorTop_MinimalBoot_0/neorv32_inst/core_complex.neorv32_cpu_inst/neorv32_cpu_control_inst/csr_write_access.csr.mstatus_mie19 |
| 64     | INT_NET | Net   : neorv32_ProcessorTop_MinimalBoot_0/neorv32_inst/core_complex.neorv32_cpu_inst/alu_op[2]                                                   |
|        |         | Driver: neorv32_ProcessorTop_MinimalBoot_0/neorv32_inst/core_complex.neorv32_cpu_inst/neorv32_cpu_control_inst/ctrl.alu_op[2]                     |
+--------+---------+---------------------------------------------------------------------------------------------------------------------------------------------------+

