
Copyright (C) 1994-2022 Synopsys, Inc.
This Synopsys software and all associated documentation are proprietary to Synopsys, Inc.
and may only be used pursuant to the terms and conditions of a written license agreement
with Synopsys, Inc. All other use, reproduction, modification, or distribution of the
Synopsys software or the associated documentation is strictly prohibited.
Tool: Synplify Pro (R)
Build: T-2022.09M-SP2
Install: /usr/local/microchip/Libero_SoC_v2023.1/SynplifyPro
OS: Ubuntu 24.04.1 LTS
Hostname: ideapad
max virtual memory: unlimited (bytes)
max user processes: 30975
max stack size: unlimited (bytes)


Implementation : synthesis
Synopsys HDL compiler and linker, Version comp202209synp2, Build 096R, Built Mar  8 2023 09:23:09, @4639882

Modified Files: 63
FID:  path (prevtimestamp, timestamp)
65       /home/tycho/git/NEORV32-SRAM/neorv32-sf2-with-sram/prj_dir/component/Actel/DirectCore/COREAHBLSRAM/2.2.104/rtl/vhdl/core/coreahblsram_pkg.vhd (N/A, 2024-10-23 13:05:44)
0        /home/tycho/git/NEORV32-SRAM/neorv32-sf2-with-sram/prj_dir/component/Actel/SgCore/OSC/2.0.101/osc_comps.vhd (2024-10-21 15:55:12, 2024-10-23 13:05:44)
66       /home/tycho/git/NEORV32-SRAM/neorv32-sf2-with-sram/prj_dir/component/work/COREAHBLSRAM_C0/COREAHBLSRAM_C0.vhd (N/A, 2024-10-23 13:05:44)
67       /home/tycho/git/NEORV32-SRAM/neorv32-sf2-with-sram/prj_dir/component/work/COREAHBLSRAM_C0/COREAHBLSRAM_C0_0/rtl/vhdl/core/AHBLSramIf.vhd (N/A, 2024-10-23 13:05:44)
68       /home/tycho/git/NEORV32-SRAM/neorv32-sf2-with-sram/prj_dir/component/work/COREAHBLSRAM_C0/COREAHBLSRAM_C0_0/rtl/vhdl/core/CoreAHBLSRAM.vhd (N/A, 2024-10-23 13:05:44)
69       /home/tycho/git/NEORV32-SRAM/neorv32-sf2-with-sram/prj_dir/component/work/COREAHBLSRAM_C0/COREAHBLSRAM_C0_0/rtl/vhdl/core/SramCtrlIf.vhd (N/A, 2024-10-23 13:05:44)
70       /home/tycho/git/NEORV32-SRAM/neorv32-sf2-with-sram/prj_dir/component/work/COREAHBLSRAM_C0/COREAHBLSRAM_C0_0/rtl/vhdl/core/lsram_2048to139264x8.vhd (N/A, 2024-10-23 13:05:44)
71       /home/tycho/git/NEORV32-SRAM/neorv32-sf2-with-sram/prj_dir/component/work/COREAHBLSRAM_C0/COREAHBLSRAM_C0_0/rtl/vhdl/core/usram_128to9216x8.vhd (N/A, 2024-10-23 13:05:44)
1        /home/tycho/git/NEORV32-SRAM/neorv32-sf2-with-sram/prj_dir/component/work/FCCC_C0/FCCC_C0.vhd (2024-10-21 15:55:14, 2024-10-23 13:05:44)
2        /home/tycho/git/NEORV32-SRAM/neorv32-sf2-with-sram/prj_dir/component/work/FCCC_C0/FCCC_C0_0/FCCC_C0_FCCC_C0_0_FCCC.vhd (2024-10-21 15:55:13, 2024-10-23 13:05:44)
3        /home/tycho/git/NEORV32-SRAM/neorv32-sf2-with-sram/prj_dir/component/work/OSC_C0/OSC_C0.vhd (2024-10-21 15:55:12, 2024-10-23 13:05:44)
4        /home/tycho/git/NEORV32-SRAM/neorv32-sf2-with-sram/prj_dir/component/work/OSC_C0/OSC_C0_0/OSC_C0_OSC_C0_0_OSC.vhd (2024-10-21 15:55:12, 2024-10-23 13:05:44)
5        /home/tycho/git/NEORV32-SRAM/neorv32-sf2-with-sram/prj_dir/component/work/top_sd/top_sd.vhd (2024-10-21 15:55:14, 2024-10-23 16:26:01)
6        /home/tycho/git/NEORV32-SRAM/neorv32-sf2-with-sram/prj_dir/hdl/neorv32_ProcessorTop_MinimalBoot.vhd (2024-10-21 15:55:10, 2024-10-23 16:25:44)
7        /home/tycho/git/NEORV32-SRAM/neorv32-sf2-with-sram/prj_dir/hdl/neorv32_boot_rom.vhd (2024-10-21 15:55:10, 2024-10-23 13:05:44)
8        /home/tycho/git/NEORV32-SRAM/neorv32-sf2-with-sram/prj_dir/hdl/neorv32_bootloader_image.vhd (2024-10-21 15:55:10, 2024-10-23 13:05:44)
9        /home/tycho/git/NEORV32-SRAM/neorv32-sf2-with-sram/prj_dir/hdl/neorv32_cache.vhd (2024-10-21 15:55:10, 2024-10-23 13:05:44)
10       /home/tycho/git/NEORV32-SRAM/neorv32-sf2-with-sram/prj_dir/hdl/neorv32_cfs.vhd (2024-10-21 15:55:10, 2024-10-23 13:05:44)
11       /home/tycho/git/NEORV32-SRAM/neorv32-sf2-with-sram/prj_dir/hdl/neorv32_clockgate.vhd (2024-10-21 15:55:10, 2024-10-23 13:05:44)
12       /home/tycho/git/NEORV32-SRAM/neorv32-sf2-with-sram/prj_dir/hdl/neorv32_cpu.vhd (2024-10-21 15:55:10, 2024-10-23 13:05:44)
13       /home/tycho/git/NEORV32-SRAM/neorv32-sf2-with-sram/prj_dir/hdl/neorv32_cpu_alu.vhd (2024-10-21 15:55:10, 2024-10-23 13:05:44)
14       /home/tycho/git/NEORV32-SRAM/neorv32-sf2-with-sram/prj_dir/hdl/neorv32_cpu_control.vhd (2024-10-21 15:55:10, 2024-10-23 13:05:44)
15       /home/tycho/git/NEORV32-SRAM/neorv32-sf2-with-sram/prj_dir/hdl/neorv32_cpu_cp_bitmanip.vhd (2024-10-21 15:55:10, 2024-10-23 13:05:44)
16       /home/tycho/git/NEORV32-SRAM/neorv32-sf2-with-sram/prj_dir/hdl/neorv32_cpu_cp_cfu.vhd (2024-10-21 15:55:10, 2024-10-23 13:05:44)
17       /home/tycho/git/NEORV32-SRAM/neorv32-sf2-with-sram/prj_dir/hdl/neorv32_cpu_cp_cond.vhd (2024-10-21 15:55:10, 2024-10-23 13:05:44)
18       /home/tycho/git/NEORV32-SRAM/neorv32-sf2-with-sram/prj_dir/hdl/neorv32_cpu_cp_fpu.vhd (2024-10-21 15:55:10, 2024-10-23 13:05:44)
19       /home/tycho/git/NEORV32-SRAM/neorv32-sf2-with-sram/prj_dir/hdl/neorv32_cpu_cp_muldiv.vhd (2024-10-21 15:55:10, 2024-10-23 13:05:44)
20       /home/tycho/git/NEORV32-SRAM/neorv32-sf2-with-sram/prj_dir/hdl/neorv32_cpu_cp_shifter.vhd (2024-10-21 15:55:10, 2024-10-23 13:05:44)
21       /home/tycho/git/NEORV32-SRAM/neorv32-sf2-with-sram/prj_dir/hdl/neorv32_cpu_decompressor.vhd (2024-10-21 15:55:10, 2024-10-23 13:05:44)
22       /home/tycho/git/NEORV32-SRAM/neorv32-sf2-with-sram/prj_dir/hdl/neorv32_cpu_lsu.vhd (2024-10-21 15:55:10, 2024-10-23 13:05:44)
23       /home/tycho/git/NEORV32-SRAM/neorv32-sf2-with-sram/prj_dir/hdl/neorv32_cpu_pmp.vhd (2024-10-21 15:55:10, 2024-10-23 13:05:44)
24       /home/tycho/git/NEORV32-SRAM/neorv32-sf2-with-sram/prj_dir/hdl/neorv32_cpu_regfile.vhd (2024-10-21 15:55:10, 2024-10-23 13:05:44)
25       /home/tycho/git/NEORV32-SRAM/neorv32-sf2-with-sram/prj_dir/hdl/neorv32_crc.vhd (2024-10-21 15:55:10, 2024-10-23 13:05:44)
26       /home/tycho/git/NEORV32-SRAM/neorv32-sf2-with-sram/prj_dir/hdl/neorv32_debug_dm.vhd (2024-10-21 15:55:10, 2024-10-23 13:05:44)
27       /home/tycho/git/NEORV32-SRAM/neorv32-sf2-with-sram/prj_dir/hdl/neorv32_debug_dtm.vhd (2024-10-21 15:55:10, 2024-10-23 13:05:44)
28       /home/tycho/git/NEORV32-SRAM/neorv32-sf2-with-sram/prj_dir/hdl/neorv32_dma.vhd (2024-10-21 15:55:10, 2024-10-23 13:05:44)
29       /home/tycho/git/NEORV32-SRAM/neorv32-sf2-with-sram/prj_dir/hdl/neorv32_dmem.default.vhd (2024-10-21 15:55:10, 2024-10-23 13:05:44)
30       /home/tycho/git/NEORV32-SRAM/neorv32-sf2-with-sram/prj_dir/hdl/neorv32_dmem.entity.vhd (2024-10-21 15:55:10, 2024-10-23 13:05:44)
31       /home/tycho/git/NEORV32-SRAM/neorv32-sf2-with-sram/prj_dir/hdl/neorv32_fifo.vhd (2024-10-21 15:55:10, 2024-10-23 13:05:44)
32       /home/tycho/git/NEORV32-SRAM/neorv32-sf2-with-sram/prj_dir/hdl/neorv32_gpio.vhd (2024-10-21 15:55:10, 2024-10-23 13:05:44)
33       /home/tycho/git/NEORV32-SRAM/neorv32-sf2-with-sram/prj_dir/hdl/neorv32_gptmr.vhd (2024-10-21 15:55:10, 2024-10-23 13:05:44)
34       /home/tycho/git/NEORV32-SRAM/neorv32-sf2-with-sram/prj_dir/hdl/neorv32_imem.default.vhd (2024-10-21 15:55:10, 2024-10-23 13:05:44)
35       /home/tycho/git/NEORV32-SRAM/neorv32-sf2-with-sram/prj_dir/hdl/neorv32_imem.entity.vhd (2024-10-21 15:55:10, 2024-10-23 13:05:44)
36       /home/tycho/git/NEORV32-SRAM/neorv32-sf2-with-sram/prj_dir/hdl/neorv32_intercon.vhd (2024-10-21 15:55:10, 2024-10-23 13:05:44)
37       /home/tycho/git/NEORV32-SRAM/neorv32-sf2-with-sram/prj_dir/hdl/neorv32_mtime.vhd (2024-10-21 15:55:10, 2024-10-23 13:05:44)
38       /home/tycho/git/NEORV32-SRAM/neorv32-sf2-with-sram/prj_dir/hdl/neorv32_neoled.vhd (2024-10-21 15:55:10, 2024-10-23 13:05:44)
39       /home/tycho/git/NEORV32-SRAM/neorv32-sf2-with-sram/prj_dir/hdl/neorv32_onewire.vhd (2024-10-21 15:55:10, 2024-10-23 13:05:44)
40       /home/tycho/git/NEORV32-SRAM/neorv32-sf2-with-sram/prj_dir/hdl/neorv32_package.vhd (2024-10-21 15:55:10, 2024-10-23 13:05:44)
41       /home/tycho/git/NEORV32-SRAM/neorv32-sf2-with-sram/prj_dir/hdl/neorv32_pwm.vhd (2024-10-21 15:55:10, 2024-10-23 13:05:44)
42       /home/tycho/git/NEORV32-SRAM/neorv32-sf2-with-sram/prj_dir/hdl/neorv32_sdi.vhd (2024-10-21 15:55:10, 2024-10-23 13:05:44)
43       /home/tycho/git/NEORV32-SRAM/neorv32-sf2-with-sram/prj_dir/hdl/neorv32_slink.vhd (2024-10-21 15:55:10, 2024-10-23 13:05:44)
44       /home/tycho/git/NEORV32-SRAM/neorv32-sf2-with-sram/prj_dir/hdl/neorv32_spi.vhd (2024-10-21 15:55:10, 2024-10-23 13:05:44)
45       /home/tycho/git/NEORV32-SRAM/neorv32-sf2-with-sram/prj_dir/hdl/neorv32_sysinfo.vhd (2024-10-21 15:55:10, 2024-10-23 13:05:44)
46       /home/tycho/git/NEORV32-SRAM/neorv32-sf2-with-sram/prj_dir/hdl/neorv32_top.vhd (2024-10-21 15:55:10, 2024-10-23 13:05:44)
47       /home/tycho/git/NEORV32-SRAM/neorv32-sf2-with-sram/prj_dir/hdl/neorv32_trng.vhd (2024-10-21 15:55:10, 2024-10-23 13:05:44)
48       /home/tycho/git/NEORV32-SRAM/neorv32-sf2-with-sram/prj_dir/hdl/neorv32_twi.vhd (2024-10-21 15:55:10, 2024-10-23 13:05:44)
49       /home/tycho/git/NEORV32-SRAM/neorv32-sf2-with-sram/prj_dir/hdl/neorv32_uart.vhd (2024-10-21 15:55:10, 2024-10-23 13:05:44)
50       /home/tycho/git/NEORV32-SRAM/neorv32-sf2-with-sram/prj_dir/hdl/neorv32_wdt.vhd (2024-10-21 15:55:10, 2024-10-23 13:05:44)
51       /home/tycho/git/NEORV32-SRAM/neorv32-sf2-with-sram/prj_dir/hdl/neorv32_xbus.vhd (2024-10-21 15:55:10, 2024-10-23 13:05:44)
52       /home/tycho/git/NEORV32-SRAM/neorv32-sf2-with-sram/prj_dir/hdl/neorv32_xip.vhd (2024-10-21 15:55:10, 2024-10-23 13:05:44)
53       /home/tycho/git/NEORV32-SRAM/neorv32-sf2-with-sram/prj_dir/hdl/neorv32_xirq.vhd (2024-10-21 15:55:10, 2024-10-23 13:05:44)
72       /home/tycho/git/NEORV32-SRAM/neorv32-sf2-with-sram/prj_dir/hdl/xbus2ahblite_bridge.vhd (N/A, 2024-10-23 13:05:44)
73       /usr/local/microchip/Libero_SoC_v2023.1/SynplifyPro/lib/vhd2008/misc.vhd (N/A, 2023-03-17 12:02:54)

*******************************************************************
Modules that may have changed as a result of file changes: 73
MID:  lib.cell.view
132      coreahblsram_lib.coreahblsram_c0_coreahblsram_c0_0_ahblsramif.translated may have changed because the following files changed:
                        /home/tycho/git/NEORV32-SRAM/neorv32-sf2-with-sram/prj_dir/component/work/COREAHBLSRAM_C0/COREAHBLSRAM_C0.vhd (N/A, 2024-10-23 13:05:44) <-- (may instantiate this module)
                        /home/tycho/git/NEORV32-SRAM/neorv32-sf2-with-sram/prj_dir/component/work/COREAHBLSRAM_C0/COREAHBLSRAM_C0_0/rtl/vhdl/core/AHBLSramIf.vhd (N/A, 2024-10-23 13:05:44) <-- (architecture and entity definition)
                        /home/tycho/git/NEORV32-SRAM/neorv32-sf2-with-sram/prj_dir/component/work/COREAHBLSRAM_C0/COREAHBLSRAM_C0_0/rtl/vhdl/core/CoreAHBLSRAM.vhd (N/A, 2024-10-23 13:05:44) <-- (may instantiate this module)
                        /home/tycho/git/NEORV32-SRAM/neorv32-sf2-with-sram/prj_dir/component/work/top_sd/top_sd.vhd (2024-10-21 15:55:14, 2024-10-23 16:26:01) <-- (may instantiate this module)
134      coreahblsram_lib.coreahblsram_c0_coreahblsram_c0_0_coreahblsram.translated may have changed because the following files changed:
                        /home/tycho/git/NEORV32-SRAM/neorv32-sf2-with-sram/prj_dir/component/work/COREAHBLSRAM_C0/COREAHBLSRAM_C0.vhd (N/A, 2024-10-23 13:05:44) <-- (may instantiate this module)
                        /home/tycho/git/NEORV32-SRAM/neorv32-sf2-with-sram/prj_dir/component/work/COREAHBLSRAM_C0/COREAHBLSRAM_C0_0/rtl/vhdl/core/CoreAHBLSRAM.vhd (N/A, 2024-10-23 13:05:44) <-- (architecture and entity definition)
                        /home/tycho/git/NEORV32-SRAM/neorv32-sf2-with-sram/prj_dir/component/work/top_sd/top_sd.vhd (2024-10-21 15:55:14, 2024-10-23 16:26:01) <-- (may instantiate this module)
136      coreahblsram_lib.coreahblsram_c0_coreahblsram_c0_0_lsram_2048to139264x8.translated may have changed because the following files changed:
                        /home/tycho/git/NEORV32-SRAM/neorv32-sf2-with-sram/prj_dir/component/work/COREAHBLSRAM_C0/COREAHBLSRAM_C0.vhd (N/A, 2024-10-23 13:05:44) <-- (may instantiate this module)
                        /home/tycho/git/NEORV32-SRAM/neorv32-sf2-with-sram/prj_dir/component/work/COREAHBLSRAM_C0/COREAHBLSRAM_C0_0/rtl/vhdl/core/CoreAHBLSRAM.vhd (N/A, 2024-10-23 13:05:44) <-- (may instantiate this module)
                        /home/tycho/git/NEORV32-SRAM/neorv32-sf2-with-sram/prj_dir/component/work/COREAHBLSRAM_C0/COREAHBLSRAM_C0_0/rtl/vhdl/core/SramCtrlIf.vhd (N/A, 2024-10-23 13:05:44) <-- (may instantiate this module)
                        /home/tycho/git/NEORV32-SRAM/neorv32-sf2-with-sram/prj_dir/component/work/COREAHBLSRAM_C0/COREAHBLSRAM_C0_0/rtl/vhdl/core/lsram_2048to139264x8.vhd (N/A, 2024-10-23 13:05:44) <-- (architecture and entity definition)
                        /home/tycho/git/NEORV32-SRAM/neorv32-sf2-with-sram/prj_dir/component/work/top_sd/top_sd.vhd (2024-10-21 15:55:14, 2024-10-23 16:26:01) <-- (may instantiate this module)
138      coreahblsram_lib.coreahblsram_c0_coreahblsram_c0_0_sramctrlif.translated may have changed because the following files changed:
                        /home/tycho/git/NEORV32-SRAM/neorv32-sf2-with-sram/prj_dir/component/work/COREAHBLSRAM_C0/COREAHBLSRAM_C0.vhd (N/A, 2024-10-23 13:05:44) <-- (may instantiate this module)
                        /home/tycho/git/NEORV32-SRAM/neorv32-sf2-with-sram/prj_dir/component/work/COREAHBLSRAM_C0/COREAHBLSRAM_C0_0/rtl/vhdl/core/CoreAHBLSRAM.vhd (N/A, 2024-10-23 13:05:44) <-- (may instantiate this module)
                        /home/tycho/git/NEORV32-SRAM/neorv32-sf2-with-sram/prj_dir/component/work/COREAHBLSRAM_C0/COREAHBLSRAM_C0_0/rtl/vhdl/core/SramCtrlIf.vhd (N/A, 2024-10-23 13:05:44) <-- (architecture and entity definition)
                        /home/tycho/git/NEORV32-SRAM/neorv32-sf2-with-sram/prj_dir/component/work/top_sd/top_sd.vhd (2024-10-21 15:55:14, 2024-10-23 16:26:01) <-- (may instantiate this module)
140      coreahblsram_lib.coreahblsram_c0_coreahblsram_c0_0_usram_128to9216x8.translated may have changed because the following files changed:
                        /home/tycho/git/NEORV32-SRAM/neorv32-sf2-with-sram/prj_dir/component/work/COREAHBLSRAM_C0/COREAHBLSRAM_C0.vhd (N/A, 2024-10-23 13:05:44) <-- (may instantiate this module)
                        /home/tycho/git/NEORV32-SRAM/neorv32-sf2-with-sram/prj_dir/component/work/COREAHBLSRAM_C0/COREAHBLSRAM_C0_0/rtl/vhdl/core/CoreAHBLSRAM.vhd (N/A, 2024-10-23 13:05:44) <-- (may instantiate this module)
                        /home/tycho/git/NEORV32-SRAM/neorv32-sf2-with-sram/prj_dir/component/work/COREAHBLSRAM_C0/COREAHBLSRAM_C0_0/rtl/vhdl/core/SramCtrlIf.vhd (N/A, 2024-10-23 13:05:44) <-- (may instantiate this module)
                        /home/tycho/git/NEORV32-SRAM/neorv32-sf2-with-sram/prj_dir/component/work/COREAHBLSRAM_C0/COREAHBLSRAM_C0_0/rtl/vhdl/core/usram_128to9216x8.vhd (N/A, 2024-10-23 13:05:44) <-- (architecture and entity definition)
                        /home/tycho/git/NEORV32-SRAM/neorv32-sf2-with-sram/prj_dir/component/work/top_sd/top_sd.vhd (2024-10-21 15:55:14, 2024-10-23 16:26:01) <-- (may instantiate this module)
0        neorv32.neorv32_boot_rom.neorv32_boot_rom_rtl may have changed because the following files changed:
                        /home/tycho/git/NEORV32-SRAM/neorv32-sf2-with-sram/prj_dir/component/work/top_sd/top_sd.vhd (2024-10-21 15:55:14, 2024-10-23 16:26:01) <-- (may instantiate this module)
                        /home/tycho/git/NEORV32-SRAM/neorv32-sf2-with-sram/prj_dir/hdl/neorv32_ProcessorTop_MinimalBoot.vhd (2024-10-21 15:55:10, 2024-10-23 16:25:44) <-- (may instantiate this module)
                        /home/tycho/git/NEORV32-SRAM/neorv32-sf2-with-sram/prj_dir/hdl/neorv32_boot_rom.vhd (2024-10-21 15:55:10, 2024-10-23 13:05:44) <-- (architecture and entity definition)
                        /home/tycho/git/NEORV32-SRAM/neorv32-sf2-with-sram/prj_dir/hdl/neorv32_top.vhd (2024-10-21 15:55:10, 2024-10-23 13:05:44) <-- (may instantiate this module)
2        neorv32.neorv32_bus_gateway.neorv32_bus_gateway_rtl may have changed because the following files changed:
                        /home/tycho/git/NEORV32-SRAM/neorv32-sf2-with-sram/prj_dir/component/work/top_sd/top_sd.vhd (2024-10-21 15:55:14, 2024-10-23 16:26:01) <-- (may instantiate this module)
                        /home/tycho/git/NEORV32-SRAM/neorv32-sf2-with-sram/prj_dir/hdl/neorv32_ProcessorTop_MinimalBoot.vhd (2024-10-21 15:55:10, 2024-10-23 16:25:44) <-- (may instantiate this module)
                        /home/tycho/git/NEORV32-SRAM/neorv32-sf2-with-sram/prj_dir/hdl/neorv32_cache.vhd (2024-10-21 15:55:10, 2024-10-23 13:05:44) <-- (may instantiate this module)
                        /home/tycho/git/NEORV32-SRAM/neorv32-sf2-with-sram/prj_dir/hdl/neorv32_intercon.vhd (2024-10-21 15:55:10, 2024-10-23 13:05:44) <-- (architecture and entity definition)
                        /home/tycho/git/NEORV32-SRAM/neorv32-sf2-with-sram/prj_dir/hdl/neorv32_top.vhd (2024-10-21 15:55:10, 2024-10-23 13:05:44) <-- (may instantiate this module)
4        neorv32.neorv32_bus_io_switch.neorv32_bus_io_switch_rtl may have changed because the following files changed:
                        /home/tycho/git/NEORV32-SRAM/neorv32-sf2-with-sram/prj_dir/component/work/top_sd/top_sd.vhd (2024-10-21 15:55:14, 2024-10-23 16:26:01) <-- (may instantiate this module)
                        /home/tycho/git/NEORV32-SRAM/neorv32-sf2-with-sram/prj_dir/hdl/neorv32_ProcessorTop_MinimalBoot.vhd (2024-10-21 15:55:10, 2024-10-23 16:25:44) <-- (may instantiate this module)
                        /home/tycho/git/NEORV32-SRAM/neorv32-sf2-with-sram/prj_dir/hdl/neorv32_cache.vhd (2024-10-21 15:55:10, 2024-10-23 13:05:44) <-- (may instantiate this module)
                        /home/tycho/git/NEORV32-SRAM/neorv32-sf2-with-sram/prj_dir/hdl/neorv32_intercon.vhd (2024-10-21 15:55:10, 2024-10-23 13:05:44) <-- (architecture and entity definition)
                        /home/tycho/git/NEORV32-SRAM/neorv32-sf2-with-sram/prj_dir/hdl/neorv32_top.vhd (2024-10-21 15:55:10, 2024-10-23 13:05:44) <-- (may instantiate this module)
6        neorv32.neorv32_bus_reservation_set.neorv32_bus_reservation_set_rtl may have changed because the following files changed:
                        /home/tycho/git/NEORV32-SRAM/neorv32-sf2-with-sram/prj_dir/component/work/top_sd/top_sd.vhd (2024-10-21 15:55:14, 2024-10-23 16:26:01) <-- (may instantiate this module)
                        /home/tycho/git/NEORV32-SRAM/neorv32-sf2-with-sram/prj_dir/hdl/neorv32_ProcessorTop_MinimalBoot.vhd (2024-10-21 15:55:10, 2024-10-23 16:25:44) <-- (may instantiate this module)
                        /home/tycho/git/NEORV32-SRAM/neorv32-sf2-with-sram/prj_dir/hdl/neorv32_cache.vhd (2024-10-21 15:55:10, 2024-10-23 13:05:44) <-- (may instantiate this module)
                        /home/tycho/git/NEORV32-SRAM/neorv32-sf2-with-sram/prj_dir/hdl/neorv32_intercon.vhd (2024-10-21 15:55:10, 2024-10-23 13:05:44) <-- (architecture and entity definition)
                        /home/tycho/git/NEORV32-SRAM/neorv32-sf2-with-sram/prj_dir/hdl/neorv32_top.vhd (2024-10-21 15:55:10, 2024-10-23 13:05:44) <-- (may instantiate this module)
8        neorv32.neorv32_bus_switch.neorv32_bus_switch_rtl may have changed because the following files changed:
                        /home/tycho/git/NEORV32-SRAM/neorv32-sf2-with-sram/prj_dir/component/work/top_sd/top_sd.vhd (2024-10-21 15:55:14, 2024-10-23 16:26:01) <-- (may instantiate this module)
                        /home/tycho/git/NEORV32-SRAM/neorv32-sf2-with-sram/prj_dir/hdl/neorv32_ProcessorTop_MinimalBoot.vhd (2024-10-21 15:55:10, 2024-10-23 16:25:44) <-- (may instantiate this module)
                        /home/tycho/git/NEORV32-SRAM/neorv32-sf2-with-sram/prj_dir/hdl/neorv32_cache.vhd (2024-10-21 15:55:10, 2024-10-23 13:05:44) <-- (may instantiate this module)
                        /home/tycho/git/NEORV32-SRAM/neorv32-sf2-with-sram/prj_dir/hdl/neorv32_intercon.vhd (2024-10-21 15:55:10, 2024-10-23 13:05:44) <-- (architecture and entity definition)
                        /home/tycho/git/NEORV32-SRAM/neorv32-sf2-with-sram/prj_dir/hdl/neorv32_top.vhd (2024-10-21 15:55:10, 2024-10-23 13:05:44) <-- (may instantiate this module)
10       neorv32.neorv32_cache.neorv32_cache_rtl may have changed because the following files changed:
                        /home/tycho/git/NEORV32-SRAM/neorv32-sf2-with-sram/prj_dir/component/work/top_sd/top_sd.vhd (2024-10-21 15:55:14, 2024-10-23 16:26:01) <-- (may instantiate this module)
                        /home/tycho/git/NEORV32-SRAM/neorv32-sf2-with-sram/prj_dir/hdl/neorv32_ProcessorTop_MinimalBoot.vhd (2024-10-21 15:55:10, 2024-10-23 16:25:44) <-- (may instantiate this module)
                        /home/tycho/git/NEORV32-SRAM/neorv32-sf2-with-sram/prj_dir/hdl/neorv32_cache.vhd (2024-10-21 15:55:10, 2024-10-23 13:05:44) <-- (architecture and entity definition)
                        /home/tycho/git/NEORV32-SRAM/neorv32-sf2-with-sram/prj_dir/hdl/neorv32_top.vhd (2024-10-21 15:55:10, 2024-10-23 13:05:44) <-- (may instantiate this module)
12       neorv32.neorv32_cache_bus.neorv32_cache_bus_rtl may have changed because the following files changed:
                        /home/tycho/git/NEORV32-SRAM/neorv32-sf2-with-sram/prj_dir/component/work/top_sd/top_sd.vhd (2024-10-21 15:55:14, 2024-10-23 16:26:01) <-- (may instantiate this module)
                        /home/tycho/git/NEORV32-SRAM/neorv32-sf2-with-sram/prj_dir/hdl/neorv32_ProcessorTop_MinimalBoot.vhd (2024-10-21 15:55:10, 2024-10-23 16:25:44) <-- (may instantiate this module)
                        /home/tycho/git/NEORV32-SRAM/neorv32-sf2-with-sram/prj_dir/hdl/neorv32_cache.vhd (2024-10-21 15:55:10, 2024-10-23 13:05:44) <-- (architecture and entity definition)
                        /home/tycho/git/NEORV32-SRAM/neorv32-sf2-with-sram/prj_dir/hdl/neorv32_top.vhd (2024-10-21 15:55:10, 2024-10-23 13:05:44) <-- (may instantiate this module)
14       neorv32.neorv32_cache_host.neorv32_cache_host_rtl may have changed because the following files changed:
                        /home/tycho/git/NEORV32-SRAM/neorv32-sf2-with-sram/prj_dir/component/work/top_sd/top_sd.vhd (2024-10-21 15:55:14, 2024-10-23 16:26:01) <-- (may instantiate this module)
                        /home/tycho/git/NEORV32-SRAM/neorv32-sf2-with-sram/prj_dir/hdl/neorv32_ProcessorTop_MinimalBoot.vhd (2024-10-21 15:55:10, 2024-10-23 16:25:44) <-- (may instantiate this module)
                        /home/tycho/git/NEORV32-SRAM/neorv32-sf2-with-sram/prj_dir/hdl/neorv32_cache.vhd (2024-10-21 15:55:10, 2024-10-23 13:05:44) <-- (architecture and entity definition)
                        /home/tycho/git/NEORV32-SRAM/neorv32-sf2-with-sram/prj_dir/hdl/neorv32_top.vhd (2024-10-21 15:55:10, 2024-10-23 13:05:44) <-- (may instantiate this module)
16       neorv32.neorv32_cache_memory.neorv32_cache_memory_rtl may have changed because the following files changed:
                        /home/tycho/git/NEORV32-SRAM/neorv32-sf2-with-sram/prj_dir/component/work/top_sd/top_sd.vhd (2024-10-21 15:55:14, 2024-10-23 16:26:01) <-- (may instantiate this module)
                        /home/tycho/git/NEORV32-SRAM/neorv32-sf2-with-sram/prj_dir/hdl/neorv32_ProcessorTop_MinimalBoot.vhd (2024-10-21 15:55:10, 2024-10-23 16:25:44) <-- (may instantiate this module)
                        /home/tycho/git/NEORV32-SRAM/neorv32-sf2-with-sram/prj_dir/hdl/neorv32_cache.vhd (2024-10-21 15:55:10, 2024-10-23 13:05:44) <-- (architecture and entity definition)
                        /home/tycho/git/NEORV32-SRAM/neorv32-sf2-with-sram/prj_dir/hdl/neorv32_top.vhd (2024-10-21 15:55:10, 2024-10-23 13:05:44) <-- (may instantiate this module)
18       neorv32.neorv32_cfs.neorv32_cfs_rtl may have changed because the following files changed:
                        /home/tycho/git/NEORV32-SRAM/neorv32-sf2-with-sram/prj_dir/component/work/top_sd/top_sd.vhd (2024-10-21 15:55:14, 2024-10-23 16:26:01) <-- (may instantiate this module)
                        /home/tycho/git/NEORV32-SRAM/neorv32-sf2-with-sram/prj_dir/hdl/neorv32_ProcessorTop_MinimalBoot.vhd (2024-10-21 15:55:10, 2024-10-23 16:25:44) <-- (may instantiate this module)
                        /home/tycho/git/NEORV32-SRAM/neorv32-sf2-with-sram/prj_dir/hdl/neorv32_cfs.vhd (2024-10-21 15:55:10, 2024-10-23 13:05:44) <-- (architecture and entity definition)
                        /home/tycho/git/NEORV32-SRAM/neorv32-sf2-with-sram/prj_dir/hdl/neorv32_top.vhd (2024-10-21 15:55:10, 2024-10-23 13:05:44) <-- (may instantiate this module)
20       neorv32.neorv32_clockgate.neorv32_clockgate_rtl may have changed because the following files changed:
                        /home/tycho/git/NEORV32-SRAM/neorv32-sf2-with-sram/prj_dir/component/work/top_sd/top_sd.vhd (2024-10-21 15:55:14, 2024-10-23 16:26:01) <-- (may instantiate this module)
                        /home/tycho/git/NEORV32-SRAM/neorv32-sf2-with-sram/prj_dir/hdl/neorv32_ProcessorTop_MinimalBoot.vhd (2024-10-21 15:55:10, 2024-10-23 16:25:44) <-- (may instantiate this module)
                        /home/tycho/git/NEORV32-SRAM/neorv32-sf2-with-sram/prj_dir/hdl/neorv32_clockgate.vhd (2024-10-21 15:55:10, 2024-10-23 13:05:44) <-- (architecture and entity definition)
                        /home/tycho/git/NEORV32-SRAM/neorv32-sf2-with-sram/prj_dir/hdl/neorv32_top.vhd (2024-10-21 15:55:10, 2024-10-23 13:05:44) <-- (may instantiate this module)
22       neorv32.neorv32_cpu.neorv32_cpu_rtl may have changed because the following files changed:
                        /home/tycho/git/NEORV32-SRAM/neorv32-sf2-with-sram/prj_dir/component/work/top_sd/top_sd.vhd (2024-10-21 15:55:14, 2024-10-23 16:26:01) <-- (may instantiate this module)
                        /home/tycho/git/NEORV32-SRAM/neorv32-sf2-with-sram/prj_dir/hdl/neorv32_ProcessorTop_MinimalBoot.vhd (2024-10-21 15:55:10, 2024-10-23 16:25:44) <-- (may instantiate this module)
                        /home/tycho/git/NEORV32-SRAM/neorv32-sf2-with-sram/prj_dir/hdl/neorv32_cpu.vhd (2024-10-21 15:55:10, 2024-10-23 13:05:44) <-- (architecture and entity definition)
                        /home/tycho/git/NEORV32-SRAM/neorv32-sf2-with-sram/prj_dir/hdl/neorv32_top.vhd (2024-10-21 15:55:10, 2024-10-23 13:05:44) <-- (may instantiate this module)
24       neorv32.neorv32_cpu_alu.neorv32_cpu_cpu_rtl may have changed because the following files changed:
                        /home/tycho/git/NEORV32-SRAM/neorv32-sf2-with-sram/prj_dir/component/work/top_sd/top_sd.vhd (2024-10-21 15:55:14, 2024-10-23 16:26:01) <-- (may instantiate this module)
                        /home/tycho/git/NEORV32-SRAM/neorv32-sf2-with-sram/prj_dir/hdl/neorv32_ProcessorTop_MinimalBoot.vhd (2024-10-21 15:55:10, 2024-10-23 16:25:44) <-- (may instantiate this module)
                        /home/tycho/git/NEORV32-SRAM/neorv32-sf2-with-sram/prj_dir/hdl/neorv32_cpu.vhd (2024-10-21 15:55:10, 2024-10-23 13:05:44) <-- (may instantiate this module)
                        /home/tycho/git/NEORV32-SRAM/neorv32-sf2-with-sram/prj_dir/hdl/neorv32_cpu_alu.vhd (2024-10-21 15:55:10, 2024-10-23 13:05:44) <-- (architecture and entity definition)
                        /home/tycho/git/NEORV32-SRAM/neorv32-sf2-with-sram/prj_dir/hdl/neorv32_top.vhd (2024-10-21 15:55:10, 2024-10-23 13:05:44) <-- (may instantiate this module)
26       neorv32.neorv32_cpu_control.neorv32_cpu_control_rtl may have changed because the following files changed:
                        /home/tycho/git/NEORV32-SRAM/neorv32-sf2-with-sram/prj_dir/component/work/top_sd/top_sd.vhd (2024-10-21 15:55:14, 2024-10-23 16:26:01) <-- (may instantiate this module)
                        /home/tycho/git/NEORV32-SRAM/neorv32-sf2-with-sram/prj_dir/hdl/neorv32_ProcessorTop_MinimalBoot.vhd (2024-10-21 15:55:10, 2024-10-23 16:25:44) <-- (may instantiate this module)
                        /home/tycho/git/NEORV32-SRAM/neorv32-sf2-with-sram/prj_dir/hdl/neorv32_cpu.vhd (2024-10-21 15:55:10, 2024-10-23 13:05:44) <-- (may instantiate this module)
                        /home/tycho/git/NEORV32-SRAM/neorv32-sf2-with-sram/prj_dir/hdl/neorv32_cpu_control.vhd (2024-10-21 15:55:10, 2024-10-23 13:05:44) <-- (architecture and entity definition)
                        /home/tycho/git/NEORV32-SRAM/neorv32-sf2-with-sram/prj_dir/hdl/neorv32_top.vhd (2024-10-21 15:55:10, 2024-10-23 13:05:44) <-- (may instantiate this module)
28       neorv32.neorv32_cpu_cp_bitmanip.neorv32_cpu_cp_bitmanip_rtl may have changed because the following files changed:
                        /home/tycho/git/NEORV32-SRAM/neorv32-sf2-with-sram/prj_dir/component/work/top_sd/top_sd.vhd (2024-10-21 15:55:14, 2024-10-23 16:26:01) <-- (may instantiate this module)
                        /home/tycho/git/NEORV32-SRAM/neorv32-sf2-with-sram/prj_dir/hdl/neorv32_ProcessorTop_MinimalBoot.vhd (2024-10-21 15:55:10, 2024-10-23 16:25:44) <-- (may instantiate this module)
                        /home/tycho/git/NEORV32-SRAM/neorv32-sf2-with-sram/prj_dir/hdl/neorv32_cpu.vhd (2024-10-21 15:55:10, 2024-10-23 13:05:44) <-- (may instantiate this module)
                        /home/tycho/git/NEORV32-SRAM/neorv32-sf2-with-sram/prj_dir/hdl/neorv32_cpu_alu.vhd (2024-10-21 15:55:10, 2024-10-23 13:05:44) <-- (may instantiate this module)
                        /home/tycho/git/NEORV32-SRAM/neorv32-sf2-with-sram/prj_dir/hdl/neorv32_cpu_cp_bitmanip.vhd (2024-10-21 15:55:10, 2024-10-23 13:05:44) <-- (architecture and entity definition)
                        /home/tycho/git/NEORV32-SRAM/neorv32-sf2-with-sram/prj_dir/hdl/neorv32_top.vhd (2024-10-21 15:55:10, 2024-10-23 13:05:44) <-- (may instantiate this module)
30       neorv32.neorv32_cpu_cp_cfu.neorv32_cpu_cp_cfu_rtl may have changed because the following files changed:
                        /home/tycho/git/NEORV32-SRAM/neorv32-sf2-with-sram/prj_dir/component/work/top_sd/top_sd.vhd (2024-10-21 15:55:14, 2024-10-23 16:26:01) <-- (may instantiate this module)
                        /home/tycho/git/NEORV32-SRAM/neorv32-sf2-with-sram/prj_dir/hdl/neorv32_ProcessorTop_MinimalBoot.vhd (2024-10-21 15:55:10, 2024-10-23 16:25:44) <-- (may instantiate this module)
                        /home/tycho/git/NEORV32-SRAM/neorv32-sf2-with-sram/prj_dir/hdl/neorv32_cpu.vhd (2024-10-21 15:55:10, 2024-10-23 13:05:44) <-- (may instantiate this module)
                        /home/tycho/git/NEORV32-SRAM/neorv32-sf2-with-sram/prj_dir/hdl/neorv32_cpu_alu.vhd (2024-10-21 15:55:10, 2024-10-23 13:05:44) <-- (may instantiate this module)
                        /home/tycho/git/NEORV32-SRAM/neorv32-sf2-with-sram/prj_dir/hdl/neorv32_cpu_cp_cfu.vhd (2024-10-21 15:55:10, 2024-10-23 13:05:44) <-- (architecture and entity definition)
                        /home/tycho/git/NEORV32-SRAM/neorv32-sf2-with-sram/prj_dir/hdl/neorv32_top.vhd (2024-10-21 15:55:10, 2024-10-23 13:05:44) <-- (may instantiate this module)
32       neorv32.neorv32_cpu_cp_cond.neorv32_cpu_cp_cond_rtl may have changed because the following files changed:
                        /home/tycho/git/NEORV32-SRAM/neorv32-sf2-with-sram/prj_dir/component/work/top_sd/top_sd.vhd (2024-10-21 15:55:14, 2024-10-23 16:26:01) <-- (may instantiate this module)
                        /home/tycho/git/NEORV32-SRAM/neorv32-sf2-with-sram/prj_dir/hdl/neorv32_ProcessorTop_MinimalBoot.vhd (2024-10-21 15:55:10, 2024-10-23 16:25:44) <-- (may instantiate this module)
                        /home/tycho/git/NEORV32-SRAM/neorv32-sf2-with-sram/prj_dir/hdl/neorv32_cpu.vhd (2024-10-21 15:55:10, 2024-10-23 13:05:44) <-- (may instantiate this module)
                        /home/tycho/git/NEORV32-SRAM/neorv32-sf2-with-sram/prj_dir/hdl/neorv32_cpu_alu.vhd (2024-10-21 15:55:10, 2024-10-23 13:05:44) <-- (may instantiate this module)
                        /home/tycho/git/NEORV32-SRAM/neorv32-sf2-with-sram/prj_dir/hdl/neorv32_cpu_cp_cond.vhd (2024-10-21 15:55:10, 2024-10-23 13:05:44) <-- (architecture and entity definition)
                        /home/tycho/git/NEORV32-SRAM/neorv32-sf2-with-sram/prj_dir/hdl/neorv32_top.vhd (2024-10-21 15:55:10, 2024-10-23 13:05:44) <-- (may instantiate this module)
34       neorv32.neorv32_cpu_cp_fpu.neorv32_cpu_cp_fpu_rtl may have changed because the following files changed:
                        /home/tycho/git/NEORV32-SRAM/neorv32-sf2-with-sram/prj_dir/component/work/top_sd/top_sd.vhd (2024-10-21 15:55:14, 2024-10-23 16:26:01) <-- (may instantiate this module)
                        /home/tycho/git/NEORV32-SRAM/neorv32-sf2-with-sram/prj_dir/hdl/neorv32_ProcessorTop_MinimalBoot.vhd (2024-10-21 15:55:10, 2024-10-23 16:25:44) <-- (may instantiate this module)
                        /home/tycho/git/NEORV32-SRAM/neorv32-sf2-with-sram/prj_dir/hdl/neorv32_cpu.vhd (2024-10-21 15:55:10, 2024-10-23 13:05:44) <-- (may instantiate this module)
                        /home/tycho/git/NEORV32-SRAM/neorv32-sf2-with-sram/prj_dir/hdl/neorv32_cpu_alu.vhd (2024-10-21 15:55:10, 2024-10-23 13:05:44) <-- (may instantiate this module)
                        /home/tycho/git/NEORV32-SRAM/neorv32-sf2-with-sram/prj_dir/hdl/neorv32_cpu_cp_fpu.vhd (2024-10-21 15:55:10, 2024-10-23 13:05:44) <-- (architecture and entity definition)
                        /home/tycho/git/NEORV32-SRAM/neorv32-sf2-with-sram/prj_dir/hdl/neorv32_top.vhd (2024-10-21 15:55:10, 2024-10-23 13:05:44) <-- (may instantiate this module)
36       neorv32.neorv32_cpu_cp_fpu_f2i.neorv32_cpu_cp_fpu_f2i_rtl may have changed because the following files changed:
                        /home/tycho/git/NEORV32-SRAM/neorv32-sf2-with-sram/prj_dir/component/work/top_sd/top_sd.vhd (2024-10-21 15:55:14, 2024-10-23 16:26:01) <-- (may instantiate this module)
                        /home/tycho/git/NEORV32-SRAM/neorv32-sf2-with-sram/prj_dir/hdl/neorv32_ProcessorTop_MinimalBoot.vhd (2024-10-21 15:55:10, 2024-10-23 16:25:44) <-- (may instantiate this module)
                        /home/tycho/git/NEORV32-SRAM/neorv32-sf2-with-sram/prj_dir/hdl/neorv32_cpu.vhd (2024-10-21 15:55:10, 2024-10-23 13:05:44) <-- (may instantiate this module)
                        /home/tycho/git/NEORV32-SRAM/neorv32-sf2-with-sram/prj_dir/hdl/neorv32_cpu_alu.vhd (2024-10-21 15:55:10, 2024-10-23 13:05:44) <-- (may instantiate this module)
                        /home/tycho/git/NEORV32-SRAM/neorv32-sf2-with-sram/prj_dir/hdl/neorv32_cpu_cp_fpu.vhd (2024-10-21 15:55:10, 2024-10-23 13:05:44) <-- (architecture and entity definition)
                        /home/tycho/git/NEORV32-SRAM/neorv32-sf2-with-sram/prj_dir/hdl/neorv32_top.vhd (2024-10-21 15:55:10, 2024-10-23 13:05:44) <-- (may instantiate this module)
38       neorv32.neorv32_cpu_cp_fpu_normalizer.neorv32_cpu_cp_fpu_normalizer_rtl may have changed because the following files changed:
                        /home/tycho/git/NEORV32-SRAM/neorv32-sf2-with-sram/prj_dir/component/work/top_sd/top_sd.vhd (2024-10-21 15:55:14, 2024-10-23 16:26:01) <-- (may instantiate this module)
                        /home/tycho/git/NEORV32-SRAM/neorv32-sf2-with-sram/prj_dir/hdl/neorv32_ProcessorTop_MinimalBoot.vhd (2024-10-21 15:55:10, 2024-10-23 16:25:44) <-- (may instantiate this module)
                        /home/tycho/git/NEORV32-SRAM/neorv32-sf2-with-sram/prj_dir/hdl/neorv32_cpu.vhd (2024-10-21 15:55:10, 2024-10-23 13:05:44) <-- (may instantiate this module)
                        /home/tycho/git/NEORV32-SRAM/neorv32-sf2-with-sram/prj_dir/hdl/neorv32_cpu_alu.vhd (2024-10-21 15:55:10, 2024-10-23 13:05:44) <-- (may instantiate this module)
                        /home/tycho/git/NEORV32-SRAM/neorv32-sf2-with-sram/prj_dir/hdl/neorv32_cpu_cp_fpu.vhd (2024-10-21 15:55:10, 2024-10-23 13:05:44) <-- (architecture and entity definition)
                        /home/tycho/git/NEORV32-SRAM/neorv32-sf2-with-sram/prj_dir/hdl/neorv32_top.vhd (2024-10-21 15:55:10, 2024-10-23 13:05:44) <-- (may instantiate this module)
40       neorv32.neorv32_cpu_cp_muldiv.neorv32_cpu_cp_muldiv_rtl may have changed because the following files changed:
                        /home/tycho/git/NEORV32-SRAM/neorv32-sf2-with-sram/prj_dir/component/work/top_sd/top_sd.vhd (2024-10-21 15:55:14, 2024-10-23 16:26:01) <-- (may instantiate this module)
                        /home/tycho/git/NEORV32-SRAM/neorv32-sf2-with-sram/prj_dir/hdl/neorv32_ProcessorTop_MinimalBoot.vhd (2024-10-21 15:55:10, 2024-10-23 16:25:44) <-- (may instantiate this module)
                        /home/tycho/git/NEORV32-SRAM/neorv32-sf2-with-sram/prj_dir/hdl/neorv32_cpu.vhd (2024-10-21 15:55:10, 2024-10-23 13:05:44) <-- (may instantiate this module)
                        /home/tycho/git/NEORV32-SRAM/neorv32-sf2-with-sram/prj_dir/hdl/neorv32_cpu_alu.vhd (2024-10-21 15:55:10, 2024-10-23 13:05:44) <-- (may instantiate this module)
                        /home/tycho/git/NEORV32-SRAM/neorv32-sf2-with-sram/prj_dir/hdl/neorv32_cpu_cp_muldiv.vhd (2024-10-21 15:55:10, 2024-10-23 13:05:44) <-- (architecture and entity definition)
                        /home/tycho/git/NEORV32-SRAM/neorv32-sf2-with-sram/prj_dir/hdl/neorv32_top.vhd (2024-10-21 15:55:10, 2024-10-23 13:05:44) <-- (may instantiate this module)
42       neorv32.neorv32_cpu_cp_shifter.neorv32_cpu_cp_shifter_rtl may have changed because the following files changed:
                        /home/tycho/git/NEORV32-SRAM/neorv32-sf2-with-sram/prj_dir/component/work/top_sd/top_sd.vhd (2024-10-21 15:55:14, 2024-10-23 16:26:01) <-- (may instantiate this module)
                        /home/tycho/git/NEORV32-SRAM/neorv32-sf2-with-sram/prj_dir/hdl/neorv32_ProcessorTop_MinimalBoot.vhd (2024-10-21 15:55:10, 2024-10-23 16:25:44) <-- (may instantiate this module)
                        /home/tycho/git/NEORV32-SRAM/neorv32-sf2-with-sram/prj_dir/hdl/neorv32_cpu.vhd (2024-10-21 15:55:10, 2024-10-23 13:05:44) <-- (may instantiate this module)
                        /home/tycho/git/NEORV32-SRAM/neorv32-sf2-with-sram/prj_dir/hdl/neorv32_cpu_alu.vhd (2024-10-21 15:55:10, 2024-10-23 13:05:44) <-- (may instantiate this module)
                        /home/tycho/git/NEORV32-SRAM/neorv32-sf2-with-sram/prj_dir/hdl/neorv32_cpu_cp_shifter.vhd (2024-10-21 15:55:10, 2024-10-23 13:05:44) <-- (architecture and entity definition)
                        /home/tycho/git/NEORV32-SRAM/neorv32-sf2-with-sram/prj_dir/hdl/neorv32_top.vhd (2024-10-21 15:55:10, 2024-10-23 13:05:44) <-- (may instantiate this module)
44       neorv32.neorv32_cpu_decompressor.neorv32_cpu_decompressor_rtl may have changed because the following files changed:
                        /home/tycho/git/NEORV32-SRAM/neorv32-sf2-with-sram/prj_dir/component/work/top_sd/top_sd.vhd (2024-10-21 15:55:14, 2024-10-23 16:26:01) <-- (may instantiate this module)
                        /home/tycho/git/NEORV32-SRAM/neorv32-sf2-with-sram/prj_dir/hdl/neorv32_ProcessorTop_MinimalBoot.vhd (2024-10-21 15:55:10, 2024-10-23 16:25:44) <-- (may instantiate this module)
                        /home/tycho/git/NEORV32-SRAM/neorv32-sf2-with-sram/prj_dir/hdl/neorv32_cpu.vhd (2024-10-21 15:55:10, 2024-10-23 13:05:44) <-- (may instantiate this module)
                        /home/tycho/git/NEORV32-SRAM/neorv32-sf2-with-sram/prj_dir/hdl/neorv32_cpu_control.vhd (2024-10-21 15:55:10, 2024-10-23 13:05:44) <-- (may instantiate this module)
                        /home/tycho/git/NEORV32-SRAM/neorv32-sf2-with-sram/prj_dir/hdl/neorv32_cpu_decompressor.vhd (2024-10-21 15:55:10, 2024-10-23 13:05:44) <-- (architecture and entity definition)
                        /home/tycho/git/NEORV32-SRAM/neorv32-sf2-with-sram/prj_dir/hdl/neorv32_top.vhd (2024-10-21 15:55:10, 2024-10-23 13:05:44) <-- (may instantiate this module)
46       neorv32.neorv32_cpu_lsu.neorv32_cpu_lsu_rtl may have changed because the following files changed:
                        /home/tycho/git/NEORV32-SRAM/neorv32-sf2-with-sram/prj_dir/component/work/top_sd/top_sd.vhd (2024-10-21 15:55:14, 2024-10-23 16:26:01) <-- (may instantiate this module)
                        /home/tycho/git/NEORV32-SRAM/neorv32-sf2-with-sram/prj_dir/hdl/neorv32_ProcessorTop_MinimalBoot.vhd (2024-10-21 15:55:10, 2024-10-23 16:25:44) <-- (may instantiate this module)
                        /home/tycho/git/NEORV32-SRAM/neorv32-sf2-with-sram/prj_dir/hdl/neorv32_cpu.vhd (2024-10-21 15:55:10, 2024-10-23 13:05:44) <-- (may instantiate this module)
                        /home/tycho/git/NEORV32-SRAM/neorv32-sf2-with-sram/prj_dir/hdl/neorv32_cpu_lsu.vhd (2024-10-21 15:55:10, 2024-10-23 13:05:44) <-- (architecture and entity definition)
                        /home/tycho/git/NEORV32-SRAM/neorv32-sf2-with-sram/prj_dir/hdl/neorv32_top.vhd (2024-10-21 15:55:10, 2024-10-23 13:05:44) <-- (may instantiate this module)
48       neorv32.neorv32_cpu_pmp.neorv32_cpu_pmp_rtl may have changed because the following files changed:
                        /home/tycho/git/NEORV32-SRAM/neorv32-sf2-with-sram/prj_dir/component/work/top_sd/top_sd.vhd (2024-10-21 15:55:14, 2024-10-23 16:26:01) <-- (may instantiate this module)
                        /home/tycho/git/NEORV32-SRAM/neorv32-sf2-with-sram/prj_dir/hdl/neorv32_ProcessorTop_MinimalBoot.vhd (2024-10-21 15:55:10, 2024-10-23 16:25:44) <-- (may instantiate this module)
                        /home/tycho/git/NEORV32-SRAM/neorv32-sf2-with-sram/prj_dir/hdl/neorv32_cpu.vhd (2024-10-21 15:55:10, 2024-10-23 13:05:44) <-- (may instantiate this module)
                        /home/tycho/git/NEORV32-SRAM/neorv32-sf2-with-sram/prj_dir/hdl/neorv32_cpu_pmp.vhd (2024-10-21 15:55:10, 2024-10-23 13:05:44) <-- (architecture and entity definition)
                        /home/tycho/git/NEORV32-SRAM/neorv32-sf2-with-sram/prj_dir/hdl/neorv32_top.vhd (2024-10-21 15:55:10, 2024-10-23 13:05:44) <-- (may instantiate this module)
50       neorv32.neorv32_cpu_regfile.neorv32_cpu_regfile_rtl may have changed because the following files changed:
                        /home/tycho/git/NEORV32-SRAM/neorv32-sf2-with-sram/prj_dir/component/work/top_sd/top_sd.vhd (2024-10-21 15:55:14, 2024-10-23 16:26:01) <-- (may instantiate this module)
                        /home/tycho/git/NEORV32-SRAM/neorv32-sf2-with-sram/prj_dir/hdl/neorv32_ProcessorTop_MinimalBoot.vhd (2024-10-21 15:55:10, 2024-10-23 16:25:44) <-- (may instantiate this module)
                        /home/tycho/git/NEORV32-SRAM/neorv32-sf2-with-sram/prj_dir/hdl/neorv32_cpu.vhd (2024-10-21 15:55:10, 2024-10-23 13:05:44) <-- (may instantiate this module)
                        /home/tycho/git/NEORV32-SRAM/neorv32-sf2-with-sram/prj_dir/hdl/neorv32_cpu_regfile.vhd (2024-10-21 15:55:10, 2024-10-23 13:05:44) <-- (architecture and entity definition)
                        /home/tycho/git/NEORV32-SRAM/neorv32-sf2-with-sram/prj_dir/hdl/neorv32_top.vhd (2024-10-21 15:55:10, 2024-10-23 13:05:44) <-- (may instantiate this module)
52       neorv32.neorv32_crc.neorv32_crc_rtl may have changed because the following files changed:
                        /home/tycho/git/NEORV32-SRAM/neorv32-sf2-with-sram/prj_dir/component/work/top_sd/top_sd.vhd (2024-10-21 15:55:14, 2024-10-23 16:26:01) <-- (may instantiate this module)
                        /home/tycho/git/NEORV32-SRAM/neorv32-sf2-with-sram/prj_dir/hdl/neorv32_ProcessorTop_MinimalBoot.vhd (2024-10-21 15:55:10, 2024-10-23 16:25:44) <-- (may instantiate this module)
                        /home/tycho/git/NEORV32-SRAM/neorv32-sf2-with-sram/prj_dir/hdl/neorv32_crc.vhd (2024-10-21 15:55:10, 2024-10-23 13:05:44) <-- (architecture and entity definition)
                        /home/tycho/git/NEORV32-SRAM/neorv32-sf2-with-sram/prj_dir/hdl/neorv32_top.vhd (2024-10-21 15:55:10, 2024-10-23 13:05:44) <-- (may instantiate this module)
54       neorv32.neorv32_debug_dm.neorv32_debug_dm_rtl may have changed because the following files changed:
                        /home/tycho/git/NEORV32-SRAM/neorv32-sf2-with-sram/prj_dir/component/work/top_sd/top_sd.vhd (2024-10-21 15:55:14, 2024-10-23 16:26:01) <-- (may instantiate this module)
                        /home/tycho/git/NEORV32-SRAM/neorv32-sf2-with-sram/prj_dir/hdl/neorv32_ProcessorTop_MinimalBoot.vhd (2024-10-21 15:55:10, 2024-10-23 16:25:44) <-- (may instantiate this module)
                        /home/tycho/git/NEORV32-SRAM/neorv32-sf2-with-sram/prj_dir/hdl/neorv32_debug_dm.vhd (2024-10-21 15:55:10, 2024-10-23 13:05:44) <-- (architecture and entity definition)
                        /home/tycho/git/NEORV32-SRAM/neorv32-sf2-with-sram/prj_dir/hdl/neorv32_top.vhd (2024-10-21 15:55:10, 2024-10-23 13:05:44) <-- (may instantiate this module)
56       neorv32.neorv32_debug_dtm.neorv32_debug_dtm_rtl may have changed because the following files changed:
                        /home/tycho/git/NEORV32-SRAM/neorv32-sf2-with-sram/prj_dir/component/work/top_sd/top_sd.vhd (2024-10-21 15:55:14, 2024-10-23 16:26:01) <-- (may instantiate this module)
                        /home/tycho/git/NEORV32-SRAM/neorv32-sf2-with-sram/prj_dir/hdl/neorv32_ProcessorTop_MinimalBoot.vhd (2024-10-21 15:55:10, 2024-10-23 16:25:44) <-- (may instantiate this module)
                        /home/tycho/git/NEORV32-SRAM/neorv32-sf2-with-sram/prj_dir/hdl/neorv32_debug_dtm.vhd (2024-10-21 15:55:10, 2024-10-23 13:05:44) <-- (architecture and entity definition)
                        /home/tycho/git/NEORV32-SRAM/neorv32-sf2-with-sram/prj_dir/hdl/neorv32_top.vhd (2024-10-21 15:55:10, 2024-10-23 13:05:44) <-- (may instantiate this module)
58       neorv32.neorv32_dma.neorv32_dma_rtl may have changed because the following files changed:
                        /home/tycho/git/NEORV32-SRAM/neorv32-sf2-with-sram/prj_dir/component/work/top_sd/top_sd.vhd (2024-10-21 15:55:14, 2024-10-23 16:26:01) <-- (may instantiate this module)
                        /home/tycho/git/NEORV32-SRAM/neorv32-sf2-with-sram/prj_dir/hdl/neorv32_ProcessorTop_MinimalBoot.vhd (2024-10-21 15:55:10, 2024-10-23 16:25:44) <-- (may instantiate this module)
                        /home/tycho/git/NEORV32-SRAM/neorv32-sf2-with-sram/prj_dir/hdl/neorv32_dma.vhd (2024-10-21 15:55:10, 2024-10-23 13:05:44) <-- (architecture and entity definition)
                        /home/tycho/git/NEORV32-SRAM/neorv32-sf2-with-sram/prj_dir/hdl/neorv32_top.vhd (2024-10-21 15:55:10, 2024-10-23 13:05:44) <-- (may instantiate this module)
60       neorv32.neorv32_dmem.neorv32_dmem_rtl may have changed because the following files changed:
                        /home/tycho/git/NEORV32-SRAM/neorv32-sf2-with-sram/prj_dir/component/work/top_sd/top_sd.vhd (2024-10-21 15:55:14, 2024-10-23 16:26:01) <-- (may instantiate this module)
                        /home/tycho/git/NEORV32-SRAM/neorv32-sf2-with-sram/prj_dir/hdl/neorv32_ProcessorTop_MinimalBoot.vhd (2024-10-21 15:55:10, 2024-10-23 16:25:44) <-- (may instantiate this module)
                        /home/tycho/git/NEORV32-SRAM/neorv32-sf2-with-sram/prj_dir/hdl/neorv32_dmem.default.vhd (2024-10-21 15:55:10, 2024-10-23 13:05:44) <-- (architecture definition)
                        /home/tycho/git/NEORV32-SRAM/neorv32-sf2-with-sram/prj_dir/hdl/neorv32_top.vhd (2024-10-21 15:55:10, 2024-10-23 13:05:44) <-- (may instantiate this module)
62       neorv32.neorv32_fifo.neorv32_fifo_rtl may have changed because the following files changed:
                        /home/tycho/git/NEORV32-SRAM/neorv32-sf2-with-sram/prj_dir/component/work/top_sd/top_sd.vhd (2024-10-21 15:55:14, 2024-10-23 16:26:01) <-- (may instantiate this module)
                        /home/tycho/git/NEORV32-SRAM/neorv32-sf2-with-sram/prj_dir/hdl/neorv32_ProcessorTop_MinimalBoot.vhd (2024-10-21 15:55:10, 2024-10-23 16:25:44) <-- (may instantiate this module)
                        /home/tycho/git/NEORV32-SRAM/neorv32-sf2-with-sram/prj_dir/hdl/neorv32_cpu.vhd (2024-10-21 15:55:10, 2024-10-23 13:05:44) <-- (may instantiate this module)
                        /home/tycho/git/NEORV32-SRAM/neorv32-sf2-with-sram/prj_dir/hdl/neorv32_cpu_control.vhd (2024-10-21 15:55:10, 2024-10-23 13:05:44) <-- (may instantiate this module)
                        /home/tycho/git/NEORV32-SRAM/neorv32-sf2-with-sram/prj_dir/hdl/neorv32_fifo.vhd (2024-10-21 15:55:10, 2024-10-23 13:05:44) <-- (architecture and entity definition)
                        /home/tycho/git/NEORV32-SRAM/neorv32-sf2-with-sram/prj_dir/hdl/neorv32_neoled.vhd (2024-10-21 15:55:10, 2024-10-23 13:05:44) <-- (may instantiate this module)
                        /home/tycho/git/NEORV32-SRAM/neorv32-sf2-with-sram/prj_dir/hdl/neorv32_sdi.vhd (2024-10-21 15:55:10, 2024-10-23 13:05:44) <-- (may instantiate this module)
                        /home/tycho/git/NEORV32-SRAM/neorv32-sf2-with-sram/prj_dir/hdl/neorv32_slink.vhd (2024-10-21 15:55:10, 2024-10-23 13:05:44) <-- (may instantiate this module)
                        /home/tycho/git/NEORV32-SRAM/neorv32-sf2-with-sram/prj_dir/hdl/neorv32_spi.vhd (2024-10-21 15:55:10, 2024-10-23 13:05:44) <-- (may instantiate this module)
                        /home/tycho/git/NEORV32-SRAM/neorv32-sf2-with-sram/prj_dir/hdl/neorv32_top.vhd (2024-10-21 15:55:10, 2024-10-23 13:05:44) <-- (may instantiate this module)
                        /home/tycho/git/NEORV32-SRAM/neorv32-sf2-with-sram/prj_dir/hdl/neorv32_trng.vhd (2024-10-21 15:55:10, 2024-10-23 13:05:44) <-- (may instantiate this module)
                        /home/tycho/git/NEORV32-SRAM/neorv32-sf2-with-sram/prj_dir/hdl/neorv32_twi.vhd (2024-10-21 15:55:10, 2024-10-23 13:05:44) <-- (may instantiate this module)
                        /home/tycho/git/NEORV32-SRAM/neorv32-sf2-with-sram/prj_dir/hdl/neorv32_uart.vhd (2024-10-21 15:55:10, 2024-10-23 13:05:44) <-- (may instantiate this module)
64       neorv32.neorv32_gpio.neorv32_gpio_rtl may have changed because the following files changed:
                        /home/tycho/git/NEORV32-SRAM/neorv32-sf2-with-sram/prj_dir/component/work/top_sd/top_sd.vhd (2024-10-21 15:55:14, 2024-10-23 16:26:01) <-- (may instantiate this module)
                        /home/tycho/git/NEORV32-SRAM/neorv32-sf2-with-sram/prj_dir/hdl/neorv32_ProcessorTop_MinimalBoot.vhd (2024-10-21 15:55:10, 2024-10-23 16:25:44) <-- (may instantiate this module)
                        /home/tycho/git/NEORV32-SRAM/neorv32-sf2-with-sram/prj_dir/hdl/neorv32_gpio.vhd (2024-10-21 15:55:10, 2024-10-23 13:05:44) <-- (architecture and entity definition)
                        /home/tycho/git/NEORV32-SRAM/neorv32-sf2-with-sram/prj_dir/hdl/neorv32_top.vhd (2024-10-21 15:55:10, 2024-10-23 13:05:44) <-- (may instantiate this module)
66       neorv32.neorv32_gptmr.neorv32_gptmr_rtl may have changed because the following files changed:
                        /home/tycho/git/NEORV32-SRAM/neorv32-sf2-with-sram/prj_dir/component/work/top_sd/top_sd.vhd (2024-10-21 15:55:14, 2024-10-23 16:26:01) <-- (may instantiate this module)
                        /home/tycho/git/NEORV32-SRAM/neorv32-sf2-with-sram/prj_dir/hdl/neorv32_ProcessorTop_MinimalBoot.vhd (2024-10-21 15:55:10, 2024-10-23 16:25:44) <-- (may instantiate this module)
                        /home/tycho/git/NEORV32-SRAM/neorv32-sf2-with-sram/prj_dir/hdl/neorv32_gptmr.vhd (2024-10-21 15:55:10, 2024-10-23 13:05:44) <-- (architecture and entity definition)
                        /home/tycho/git/NEORV32-SRAM/neorv32-sf2-with-sram/prj_dir/hdl/neorv32_top.vhd (2024-10-21 15:55:10, 2024-10-23 13:05:44) <-- (may instantiate this module)
68       neorv32.neorv32_imem.neorv32_imem_rtl may have changed because the following files changed:
                        /home/tycho/git/NEORV32-SRAM/neorv32-sf2-with-sram/prj_dir/hdl/neorv32_imem.default.vhd (2024-10-21 15:55:10, 2024-10-23 13:05:44) <-- (architecture definition)
70       neorv32.neorv32_mtime.neorv32_mtime_rtl may have changed because the following files changed:
                        /home/tycho/git/NEORV32-SRAM/neorv32-sf2-with-sram/prj_dir/component/work/top_sd/top_sd.vhd (2024-10-21 15:55:14, 2024-10-23 16:26:01) <-- (may instantiate this module)
                        /home/tycho/git/NEORV32-SRAM/neorv32-sf2-with-sram/prj_dir/hdl/neorv32_ProcessorTop_MinimalBoot.vhd (2024-10-21 15:55:10, 2024-10-23 16:25:44) <-- (may instantiate this module)
                        /home/tycho/git/NEORV32-SRAM/neorv32-sf2-with-sram/prj_dir/hdl/neorv32_mtime.vhd (2024-10-21 15:55:10, 2024-10-23 13:05:44) <-- (architecture and entity definition)
                        /home/tycho/git/NEORV32-SRAM/neorv32-sf2-with-sram/prj_dir/hdl/neorv32_top.vhd (2024-10-21 15:55:10, 2024-10-23 13:05:44) <-- (may instantiate this module)
72       neorv32.neorv32_neoled.neorv32_neoled_rtl may have changed because the following files changed:
                        /home/tycho/git/NEORV32-SRAM/neorv32-sf2-with-sram/prj_dir/component/work/top_sd/top_sd.vhd (2024-10-21 15:55:14, 2024-10-23 16:26:01) <-- (may instantiate this module)
                        /home/tycho/git/NEORV32-SRAM/neorv32-sf2-with-sram/prj_dir/hdl/neorv32_ProcessorTop_MinimalBoot.vhd (2024-10-21 15:55:10, 2024-10-23 16:25:44) <-- (may instantiate this module)
                        /home/tycho/git/NEORV32-SRAM/neorv32-sf2-with-sram/prj_dir/hdl/neorv32_neoled.vhd (2024-10-21 15:55:10, 2024-10-23 13:05:44) <-- (architecture and entity definition)
                        /home/tycho/git/NEORV32-SRAM/neorv32-sf2-with-sram/prj_dir/hdl/neorv32_top.vhd (2024-10-21 15:55:10, 2024-10-23 13:05:44) <-- (may instantiate this module)
74       neorv32.neorv32_onewire.neorv32_onewire_rtl may have changed because the following files changed:
                        /home/tycho/git/NEORV32-SRAM/neorv32-sf2-with-sram/prj_dir/component/work/top_sd/top_sd.vhd (2024-10-21 15:55:14, 2024-10-23 16:26:01) <-- (may instantiate this module)
                        /home/tycho/git/NEORV32-SRAM/neorv32-sf2-with-sram/prj_dir/hdl/neorv32_ProcessorTop_MinimalBoot.vhd (2024-10-21 15:55:10, 2024-10-23 16:25:44) <-- (may instantiate this module)
                        /home/tycho/git/NEORV32-SRAM/neorv32-sf2-with-sram/prj_dir/hdl/neorv32_onewire.vhd (2024-10-21 15:55:10, 2024-10-23 13:05:44) <-- (architecture and entity definition)
                        /home/tycho/git/NEORV32-SRAM/neorv32-sf2-with-sram/prj_dir/hdl/neorv32_top.vhd (2024-10-21 15:55:10, 2024-10-23 13:05:44) <-- (may instantiate this module)
76       neorv32.neorv32_pwm.neorv32_pwm_rtl may have changed because the following files changed:
                        /home/tycho/git/NEORV32-SRAM/neorv32-sf2-with-sram/prj_dir/component/work/top_sd/top_sd.vhd (2024-10-21 15:55:14, 2024-10-23 16:26:01) <-- (may instantiate this module)
                        /home/tycho/git/NEORV32-SRAM/neorv32-sf2-with-sram/prj_dir/hdl/neorv32_ProcessorTop_MinimalBoot.vhd (2024-10-21 15:55:10, 2024-10-23 16:25:44) <-- (may instantiate this module)
                        /home/tycho/git/NEORV32-SRAM/neorv32-sf2-with-sram/prj_dir/hdl/neorv32_pwm.vhd (2024-10-21 15:55:10, 2024-10-23 13:05:44) <-- (architecture and entity definition)
                        /home/tycho/git/NEORV32-SRAM/neorv32-sf2-with-sram/prj_dir/hdl/neorv32_top.vhd (2024-10-21 15:55:10, 2024-10-23 13:05:44) <-- (may instantiate this module)
78       neorv32.neorv32_sdi.neorv32_sdi_rtl may have changed because the following files changed:
                        /home/tycho/git/NEORV32-SRAM/neorv32-sf2-with-sram/prj_dir/component/work/top_sd/top_sd.vhd (2024-10-21 15:55:14, 2024-10-23 16:26:01) <-- (may instantiate this module)
                        /home/tycho/git/NEORV32-SRAM/neorv32-sf2-with-sram/prj_dir/hdl/neorv32_ProcessorTop_MinimalBoot.vhd (2024-10-21 15:55:10, 2024-10-23 16:25:44) <-- (may instantiate this module)
                        /home/tycho/git/NEORV32-SRAM/neorv32-sf2-with-sram/prj_dir/hdl/neorv32_sdi.vhd (2024-10-21 15:55:10, 2024-10-23 13:05:44) <-- (architecture and entity definition)
                        /home/tycho/git/NEORV32-SRAM/neorv32-sf2-with-sram/prj_dir/hdl/neorv32_top.vhd (2024-10-21 15:55:10, 2024-10-23 13:05:44) <-- (may instantiate this module)
80       neorv32.neorv32_slink.neorv32_slink_rtl may have changed because the following files changed:
                        /home/tycho/git/NEORV32-SRAM/neorv32-sf2-with-sram/prj_dir/component/work/top_sd/top_sd.vhd (2024-10-21 15:55:14, 2024-10-23 16:26:01) <-- (may instantiate this module)
                        /home/tycho/git/NEORV32-SRAM/neorv32-sf2-with-sram/prj_dir/hdl/neorv32_ProcessorTop_MinimalBoot.vhd (2024-10-21 15:55:10, 2024-10-23 16:25:44) <-- (may instantiate this module)
                        /home/tycho/git/NEORV32-SRAM/neorv32-sf2-with-sram/prj_dir/hdl/neorv32_slink.vhd (2024-10-21 15:55:10, 2024-10-23 13:05:44) <-- (architecture and entity definition)
                        /home/tycho/git/NEORV32-SRAM/neorv32-sf2-with-sram/prj_dir/hdl/neorv32_top.vhd (2024-10-21 15:55:10, 2024-10-23 13:05:44) <-- (may instantiate this module)
82       neorv32.neorv32_spi.neorv32_spi_rtl may have changed because the following files changed:
                        /home/tycho/git/NEORV32-SRAM/neorv32-sf2-with-sram/prj_dir/component/work/top_sd/top_sd.vhd (2024-10-21 15:55:14, 2024-10-23 16:26:01) <-- (may instantiate this module)
                        /home/tycho/git/NEORV32-SRAM/neorv32-sf2-with-sram/prj_dir/hdl/neorv32_ProcessorTop_MinimalBoot.vhd (2024-10-21 15:55:10, 2024-10-23 16:25:44) <-- (may instantiate this module)
                        /home/tycho/git/NEORV32-SRAM/neorv32-sf2-with-sram/prj_dir/hdl/neorv32_spi.vhd (2024-10-21 15:55:10, 2024-10-23 13:05:44) <-- (architecture and entity definition)
                        /home/tycho/git/NEORV32-SRAM/neorv32-sf2-with-sram/prj_dir/hdl/neorv32_top.vhd (2024-10-21 15:55:10, 2024-10-23 13:05:44) <-- (may instantiate this module)
84       neorv32.neorv32_sysinfo.neorv32_sysinfo_rtl may have changed because the following files changed:
                        /home/tycho/git/NEORV32-SRAM/neorv32-sf2-with-sram/prj_dir/component/work/top_sd/top_sd.vhd (2024-10-21 15:55:14, 2024-10-23 16:26:01) <-- (may instantiate this module)
                        /home/tycho/git/NEORV32-SRAM/neorv32-sf2-with-sram/prj_dir/hdl/neorv32_ProcessorTop_MinimalBoot.vhd (2024-10-21 15:55:10, 2024-10-23 16:25:44) <-- (may instantiate this module)
                        /home/tycho/git/NEORV32-SRAM/neorv32-sf2-with-sram/prj_dir/hdl/neorv32_sysinfo.vhd (2024-10-21 15:55:10, 2024-10-23 13:05:44) <-- (architecture and entity definition)
                        /home/tycho/git/NEORV32-SRAM/neorv32-sf2-with-sram/prj_dir/hdl/neorv32_top.vhd (2024-10-21 15:55:10, 2024-10-23 13:05:44) <-- (may instantiate this module)
86       neorv32.neorv32_top.neorv32_top_rtl may have changed because the following files changed:
                        /home/tycho/git/NEORV32-SRAM/neorv32-sf2-with-sram/prj_dir/component/work/top_sd/top_sd.vhd (2024-10-21 15:55:14, 2024-10-23 16:26:01) <-- (may instantiate this module)
                        /home/tycho/git/NEORV32-SRAM/neorv32-sf2-with-sram/prj_dir/hdl/neorv32_ProcessorTop_MinimalBoot.vhd (2024-10-21 15:55:10, 2024-10-23 16:25:44) <-- (may instantiate this module)
                        /home/tycho/git/NEORV32-SRAM/neorv32-sf2-with-sram/prj_dir/hdl/neorv32_top.vhd (2024-10-21 15:55:10, 2024-10-23 13:05:44) <-- (architecture and entity definition)
88       neorv32.neorv32_trng.neorv32_trng_rtl may have changed because the following files changed:
                        /home/tycho/git/NEORV32-SRAM/neorv32-sf2-with-sram/prj_dir/component/work/top_sd/top_sd.vhd (2024-10-21 15:55:14, 2024-10-23 16:26:01) <-- (may instantiate this module)
                        /home/tycho/git/NEORV32-SRAM/neorv32-sf2-with-sram/prj_dir/hdl/neorv32_ProcessorTop_MinimalBoot.vhd (2024-10-21 15:55:10, 2024-10-23 16:25:44) <-- (may instantiate this module)
                        /home/tycho/git/NEORV32-SRAM/neorv32-sf2-with-sram/prj_dir/hdl/neorv32_top.vhd (2024-10-21 15:55:10, 2024-10-23 13:05:44) <-- (may instantiate this module)
                        /home/tycho/git/NEORV32-SRAM/neorv32-sf2-with-sram/prj_dir/hdl/neorv32_trng.vhd (2024-10-21 15:55:10, 2024-10-23 13:05:44) <-- (architecture and entity definition)
90       neorv32.neorv32_twi.neorv32_twi_rtl may have changed because the following files changed:
                        /home/tycho/git/NEORV32-SRAM/neorv32-sf2-with-sram/prj_dir/component/work/top_sd/top_sd.vhd (2024-10-21 15:55:14, 2024-10-23 16:26:01) <-- (may instantiate this module)
                        /home/tycho/git/NEORV32-SRAM/neorv32-sf2-with-sram/prj_dir/hdl/neorv32_ProcessorTop_MinimalBoot.vhd (2024-10-21 15:55:10, 2024-10-23 16:25:44) <-- (may instantiate this module)
                        /home/tycho/git/NEORV32-SRAM/neorv32-sf2-with-sram/prj_dir/hdl/neorv32_top.vhd (2024-10-21 15:55:10, 2024-10-23 13:05:44) <-- (may instantiate this module)
                        /home/tycho/git/NEORV32-SRAM/neorv32-sf2-with-sram/prj_dir/hdl/neorv32_twi.vhd (2024-10-21 15:55:10, 2024-10-23 13:05:44) <-- (architecture and entity definition)
92       neorv32.neorv32_uart.neorv32_uart_rtl may have changed because the following files changed:
                        /home/tycho/git/NEORV32-SRAM/neorv32-sf2-with-sram/prj_dir/component/work/top_sd/top_sd.vhd (2024-10-21 15:55:14, 2024-10-23 16:26:01) <-- (may instantiate this module)
                        /home/tycho/git/NEORV32-SRAM/neorv32-sf2-with-sram/prj_dir/hdl/neorv32_ProcessorTop_MinimalBoot.vhd (2024-10-21 15:55:10, 2024-10-23 16:25:44) <-- (may instantiate this module)
                        /home/tycho/git/NEORV32-SRAM/neorv32-sf2-with-sram/prj_dir/hdl/neorv32_top.vhd (2024-10-21 15:55:10, 2024-10-23 13:05:44) <-- (may instantiate this module)
                        /home/tycho/git/NEORV32-SRAM/neorv32-sf2-with-sram/prj_dir/hdl/neorv32_uart.vhd (2024-10-21 15:55:10, 2024-10-23 13:05:44) <-- (architecture and entity definition)
94       neorv32.neorv32_wdt.neorv32_wdt_rtl may have changed because the following files changed:
                        /home/tycho/git/NEORV32-SRAM/neorv32-sf2-with-sram/prj_dir/component/work/top_sd/top_sd.vhd (2024-10-21 15:55:14, 2024-10-23 16:26:01) <-- (may instantiate this module)
                        /home/tycho/git/NEORV32-SRAM/neorv32-sf2-with-sram/prj_dir/hdl/neorv32_ProcessorTop_MinimalBoot.vhd (2024-10-21 15:55:10, 2024-10-23 16:25:44) <-- (may instantiate this module)
                        /home/tycho/git/NEORV32-SRAM/neorv32-sf2-with-sram/prj_dir/hdl/neorv32_top.vhd (2024-10-21 15:55:10, 2024-10-23 13:05:44) <-- (may instantiate this module)
                        /home/tycho/git/NEORV32-SRAM/neorv32-sf2-with-sram/prj_dir/hdl/neorv32_wdt.vhd (2024-10-21 15:55:10, 2024-10-23 13:05:44) <-- (architecture and entity definition)
96       neorv32.neorv32_xbus.neorv32_xbus_rtl may have changed because the following files changed:
                        /home/tycho/git/NEORV32-SRAM/neorv32-sf2-with-sram/prj_dir/component/work/top_sd/top_sd.vhd (2024-10-21 15:55:14, 2024-10-23 16:26:01) <-- (may instantiate this module)
                        /home/tycho/git/NEORV32-SRAM/neorv32-sf2-with-sram/prj_dir/hdl/neorv32_ProcessorTop_MinimalBoot.vhd (2024-10-21 15:55:10, 2024-10-23 16:25:44) <-- (may instantiate this module)
                        /home/tycho/git/NEORV32-SRAM/neorv32-sf2-with-sram/prj_dir/hdl/neorv32_top.vhd (2024-10-21 15:55:10, 2024-10-23 13:05:44) <-- (may instantiate this module)
                        /home/tycho/git/NEORV32-SRAM/neorv32-sf2-with-sram/prj_dir/hdl/neorv32_xbus.vhd (2024-10-21 15:55:10, 2024-10-23 13:05:44) <-- (architecture and entity definition)
98       neorv32.neorv32_xip.neorv32_xip_rtl may have changed because the following files changed:
                        /home/tycho/git/NEORV32-SRAM/neorv32-sf2-with-sram/prj_dir/component/work/top_sd/top_sd.vhd (2024-10-21 15:55:14, 2024-10-23 16:26:01) <-- (may instantiate this module)
                        /home/tycho/git/NEORV32-SRAM/neorv32-sf2-with-sram/prj_dir/hdl/neorv32_ProcessorTop_MinimalBoot.vhd (2024-10-21 15:55:10, 2024-10-23 16:25:44) <-- (may instantiate this module)
                        /home/tycho/git/NEORV32-SRAM/neorv32-sf2-with-sram/prj_dir/hdl/neorv32_top.vhd (2024-10-21 15:55:10, 2024-10-23 13:05:44) <-- (may instantiate this module)
                        /home/tycho/git/NEORV32-SRAM/neorv32-sf2-with-sram/prj_dir/hdl/neorv32_xip.vhd (2024-10-21 15:55:10, 2024-10-23 13:05:44) <-- (architecture and entity definition)
100      neorv32.neorv32_xip_phy.neorv32_xip_phy_rtl may have changed because the following files changed:
                        /home/tycho/git/NEORV32-SRAM/neorv32-sf2-with-sram/prj_dir/component/work/top_sd/top_sd.vhd (2024-10-21 15:55:14, 2024-10-23 16:26:01) <-- (may instantiate this module)
                        /home/tycho/git/NEORV32-SRAM/neorv32-sf2-with-sram/prj_dir/hdl/neorv32_ProcessorTop_MinimalBoot.vhd (2024-10-21 15:55:10, 2024-10-23 16:25:44) <-- (may instantiate this module)
                        /home/tycho/git/NEORV32-SRAM/neorv32-sf2-with-sram/prj_dir/hdl/neorv32_top.vhd (2024-10-21 15:55:10, 2024-10-23 13:05:44) <-- (may instantiate this module)
                        /home/tycho/git/NEORV32-SRAM/neorv32-sf2-with-sram/prj_dir/hdl/neorv32_xip.vhd (2024-10-21 15:55:10, 2024-10-23 13:05:44) <-- (architecture and entity definition)
102      neorv32.neorv32_xirq.neorv32_xirq_rtl may have changed because the following files changed:
                        /home/tycho/git/NEORV32-SRAM/neorv32-sf2-with-sram/prj_dir/component/work/top_sd/top_sd.vhd (2024-10-21 15:55:14, 2024-10-23 16:26:01) <-- (may instantiate this module)
                        /home/tycho/git/NEORV32-SRAM/neorv32-sf2-with-sram/prj_dir/hdl/neorv32_ProcessorTop_MinimalBoot.vhd (2024-10-21 15:55:10, 2024-10-23 16:25:44) <-- (may instantiate this module)
                        /home/tycho/git/NEORV32-SRAM/neorv32-sf2-with-sram/prj_dir/hdl/neorv32_top.vhd (2024-10-21 15:55:10, 2024-10-23 13:05:44) <-- (may instantiate this module)
                        /home/tycho/git/NEORV32-SRAM/neorv32-sf2-with-sram/prj_dir/hdl/neorv32_xirq.vhd (2024-10-21 15:55:10, 2024-10-23 13:05:44) <-- (architecture and entity definition)
104      neorv32.neotrng.neotrng_rtl may have changed because the following files changed:
                        /home/tycho/git/NEORV32-SRAM/neorv32-sf2-with-sram/prj_dir/component/work/top_sd/top_sd.vhd (2024-10-21 15:55:14, 2024-10-23 16:26:01) <-- (may instantiate this module)
                        /home/tycho/git/NEORV32-SRAM/neorv32-sf2-with-sram/prj_dir/hdl/neorv32_ProcessorTop_MinimalBoot.vhd (2024-10-21 15:55:10, 2024-10-23 16:25:44) <-- (may instantiate this module)
                        /home/tycho/git/NEORV32-SRAM/neorv32-sf2-with-sram/prj_dir/hdl/neorv32_top.vhd (2024-10-21 15:55:10, 2024-10-23 13:05:44) <-- (may instantiate this module)
                        /home/tycho/git/NEORV32-SRAM/neorv32-sf2-with-sram/prj_dir/hdl/neorv32_trng.vhd (2024-10-21 15:55:10, 2024-10-23 13:05:44) <-- (architecture and entity definition)
106      neorv32.neotrng_cell.neotrng_cell_rtl may have changed because the following files changed:
                        /home/tycho/git/NEORV32-SRAM/neorv32-sf2-with-sram/prj_dir/component/work/top_sd/top_sd.vhd (2024-10-21 15:55:14, 2024-10-23 16:26:01) <-- (may instantiate this module)
                        /home/tycho/git/NEORV32-SRAM/neorv32-sf2-with-sram/prj_dir/hdl/neorv32_ProcessorTop_MinimalBoot.vhd (2024-10-21 15:55:10, 2024-10-23 16:25:44) <-- (may instantiate this module)
                        /home/tycho/git/NEORV32-SRAM/neorv32-sf2-with-sram/prj_dir/hdl/neorv32_top.vhd (2024-10-21 15:55:10, 2024-10-23 13:05:44) <-- (may instantiate this module)
                        /home/tycho/git/NEORV32-SRAM/neorv32-sf2-with-sram/prj_dir/hdl/neorv32_trng.vhd (2024-10-21 15:55:10, 2024-10-23 13:05:44) <-- (architecture and entity definition)
143      neorv32.xbus2ahblite_bridge.xbus2ahblite_bridge_rtl may have changed because the following files changed:
                        /home/tycho/git/NEORV32-SRAM/neorv32-sf2-with-sram/prj_dir/component/work/top_sd/top_sd.vhd (2024-10-21 15:55:14, 2024-10-23 16:26:01) <-- (may instantiate this module)
                        /home/tycho/git/NEORV32-SRAM/neorv32-sf2-with-sram/prj_dir/hdl/xbus2ahblite_bridge.vhd (N/A, 2024-10-23 13:05:44) <-- (architecture and entity definition)
144      work.coreahblsram_c0.rtl may have changed because the following files changed:
                        /home/tycho/git/NEORV32-SRAM/neorv32-sf2-with-sram/prj_dir/component/work/COREAHBLSRAM_C0/COREAHBLSRAM_C0.vhd (N/A, 2024-10-23 13:05:44) <-- (architecture and entity definition)
                        /home/tycho/git/NEORV32-SRAM/neorv32-sf2-with-sram/prj_dir/component/work/top_sd/top_sd.vhd (2024-10-21 15:55:14, 2024-10-23 16:26:01) <-- (may instantiate this module)
108      work.fccc_c0.rtl may have changed because the following files changed:
                        /home/tycho/git/NEORV32-SRAM/neorv32-sf2-with-sram/prj_dir/component/work/FCCC_C0/FCCC_C0.vhd (2024-10-21 15:55:14, 2024-10-23 13:05:44) <-- (architecture and entity definition)
                        /home/tycho/git/NEORV32-SRAM/neorv32-sf2-with-sram/prj_dir/component/work/top_sd/top_sd.vhd (2024-10-21 15:55:14, 2024-10-23 16:26:01) <-- (may instantiate this module)
110      work.fccc_c0_fccc_c0_0_fccc.def_arch may have changed because the following files changed:
                        /home/tycho/git/NEORV32-SRAM/neorv32-sf2-with-sram/prj_dir/component/work/FCCC_C0/FCCC_C0.vhd (2024-10-21 15:55:14, 2024-10-23 13:05:44) <-- (may instantiate this module)
                        /home/tycho/git/NEORV32-SRAM/neorv32-sf2-with-sram/prj_dir/component/work/FCCC_C0/FCCC_C0_0/FCCC_C0_FCCC_C0_0_FCCC.vhd (2024-10-21 15:55:13, 2024-10-23 13:05:44) <-- (architecture and entity definition)
                        /home/tycho/git/NEORV32-SRAM/neorv32-sf2-with-sram/prj_dir/component/work/top_sd/top_sd.vhd (2024-10-21 15:55:14, 2024-10-23 16:26:01) <-- (may instantiate this module)
112      work.neorv32_processortop_minimalboot.neorv32_processortop_minimalboot_rtl may have changed because the following files changed:
                        /home/tycho/git/NEORV32-SRAM/neorv32-sf2-with-sram/prj_dir/component/work/top_sd/top_sd.vhd (2024-10-21 15:55:14, 2024-10-23 16:26:01) <-- (may instantiate this module)
                        /home/tycho/git/NEORV32-SRAM/neorv32-sf2-with-sram/prj_dir/hdl/neorv32_ProcessorTop_MinimalBoot.vhd (2024-10-21 15:55:10, 2024-10-23 16:25:44) <-- (architecture and entity definition)
114      work.osc_c0.rtl may have changed because the following files changed:
                        /home/tycho/git/NEORV32-SRAM/neorv32-sf2-with-sram/prj_dir/component/work/OSC_C0/OSC_C0.vhd (2024-10-21 15:55:12, 2024-10-23 13:05:44) <-- (architecture and entity definition)
                        /home/tycho/git/NEORV32-SRAM/neorv32-sf2-with-sram/prj_dir/component/work/top_sd/top_sd.vhd (2024-10-21 15:55:14, 2024-10-23 16:26:01) <-- (may instantiate this module)
116      work.osc_c0_osc_c0_0_osc.def_arch may have changed because the following files changed:
                        /home/tycho/git/NEORV32-SRAM/neorv32-sf2-with-sram/prj_dir/component/work/OSC_C0/OSC_C0.vhd (2024-10-21 15:55:12, 2024-10-23 13:05:44) <-- (may instantiate this module)
                        /home/tycho/git/NEORV32-SRAM/neorv32-sf2-with-sram/prj_dir/component/work/OSC_C0/OSC_C0_0/OSC_C0_OSC_C0_0_OSC.vhd (2024-10-21 15:55:12, 2024-10-23 13:05:44) <-- (architecture and entity definition)
                        /home/tycho/git/NEORV32-SRAM/neorv32-sf2-with-sram/prj_dir/component/work/top_sd/top_sd.vhd (2024-10-21 15:55:14, 2024-10-23 16:26:01) <-- (may instantiate this module)
118      work.rcosc_1mhz.def_arch may have changed because the following files changed:
                        /home/tycho/git/NEORV32-SRAM/neorv32-sf2-with-sram/prj_dir/component/Actel/SgCore/OSC/2.0.101/osc_comps.vhd (2024-10-21 15:55:12, 2024-10-23 13:05:44) <-- (architecture and entity definition)
                        /home/tycho/git/NEORV32-SRAM/neorv32-sf2-with-sram/prj_dir/component/work/OSC_C0/OSC_C0.vhd (2024-10-21 15:55:12, 2024-10-23 13:05:44) <-- (may instantiate this module)
                        /home/tycho/git/NEORV32-SRAM/neorv32-sf2-with-sram/prj_dir/component/work/OSC_C0/OSC_C0_0/OSC_C0_OSC_C0_0_OSC.vhd (2024-10-21 15:55:12, 2024-10-23 13:05:44) <-- (may instantiate this module)
                        /home/tycho/git/NEORV32-SRAM/neorv32-sf2-with-sram/prj_dir/component/work/top_sd/top_sd.vhd (2024-10-21 15:55:14, 2024-10-23 16:26:01) <-- (may instantiate this module)
120      work.rcosc_1mhz_fab.def_arch may have changed because the following files changed:
                        /home/tycho/git/NEORV32-SRAM/neorv32-sf2-with-sram/prj_dir/component/Actel/SgCore/OSC/2.0.101/osc_comps.vhd (2024-10-21 15:55:12, 2024-10-23 13:05:44) <-- (architecture and entity definition)
                        /home/tycho/git/NEORV32-SRAM/neorv32-sf2-with-sram/prj_dir/component/work/OSC_C0/OSC_C0.vhd (2024-10-21 15:55:12, 2024-10-23 13:05:44) <-- (may instantiate this module)
                        /home/tycho/git/NEORV32-SRAM/neorv32-sf2-with-sram/prj_dir/component/work/OSC_C0/OSC_C0_0/OSC_C0_OSC_C0_0_OSC.vhd (2024-10-21 15:55:12, 2024-10-23 13:05:44) <-- (may instantiate this module)
                        /home/tycho/git/NEORV32-SRAM/neorv32-sf2-with-sram/prj_dir/component/work/top_sd/top_sd.vhd (2024-10-21 15:55:14, 2024-10-23 16:26:01) <-- (may instantiate this module)
122      work.rcosc_25_50mhz.def_arch may have changed because the following files changed:
                        /home/tycho/git/NEORV32-SRAM/neorv32-sf2-with-sram/prj_dir/component/Actel/SgCore/OSC/2.0.101/osc_comps.vhd (2024-10-21 15:55:12, 2024-10-23 13:05:44) <-- (architecture and entity definition)
                        /home/tycho/git/NEORV32-SRAM/neorv32-sf2-with-sram/prj_dir/component/work/OSC_C0/OSC_C0.vhd (2024-10-21 15:55:12, 2024-10-23 13:05:44) <-- (may instantiate this module)
                        /home/tycho/git/NEORV32-SRAM/neorv32-sf2-with-sram/prj_dir/component/work/OSC_C0/OSC_C0_0/OSC_C0_OSC_C0_0_OSC.vhd (2024-10-21 15:55:12, 2024-10-23 13:05:44) <-- (may instantiate this module)
                        /home/tycho/git/NEORV32-SRAM/neorv32-sf2-with-sram/prj_dir/component/work/top_sd/top_sd.vhd (2024-10-21 15:55:14, 2024-10-23 16:26:01) <-- (may instantiate this module)
124      work.rcosc_25_50mhz_fab.def_arch may have changed because the following files changed:
                        /home/tycho/git/NEORV32-SRAM/neorv32-sf2-with-sram/prj_dir/component/Actel/SgCore/OSC/2.0.101/osc_comps.vhd (2024-10-21 15:55:12, 2024-10-23 13:05:44) <-- (architecture and entity definition)
                        /home/tycho/git/NEORV32-SRAM/neorv32-sf2-with-sram/prj_dir/component/work/OSC_C0/OSC_C0.vhd (2024-10-21 15:55:12, 2024-10-23 13:05:44) <-- (may instantiate this module)
                        /home/tycho/git/NEORV32-SRAM/neorv32-sf2-with-sram/prj_dir/component/work/OSC_C0/OSC_C0_0/OSC_C0_OSC_C0_0_OSC.vhd (2024-10-21 15:55:12, 2024-10-23 13:05:44) <-- (may instantiate this module)
                        /home/tycho/git/NEORV32-SRAM/neorv32-sf2-with-sram/prj_dir/component/work/top_sd/top_sd.vhd (2024-10-21 15:55:14, 2024-10-23 16:26:01) <-- (may instantiate this module)
126      work.top_sd.rtl may have changed because the following files changed:
                        /home/tycho/git/NEORV32-SRAM/neorv32-sf2-with-sram/prj_dir/component/work/top_sd/top_sd.vhd (2024-10-21 15:55:14, 2024-10-23 16:26:01) <-- (architecture and entity definition)
128      work.xtlosc.def_arch may have changed because the following files changed:
                        /home/tycho/git/NEORV32-SRAM/neorv32-sf2-with-sram/prj_dir/component/Actel/SgCore/OSC/2.0.101/osc_comps.vhd (2024-10-21 15:55:12, 2024-10-23 13:05:44) <-- (architecture and entity definition)
                        /home/tycho/git/NEORV32-SRAM/neorv32-sf2-with-sram/prj_dir/component/work/OSC_C0/OSC_C0.vhd (2024-10-21 15:55:12, 2024-10-23 13:05:44) <-- (may instantiate this module)
                        /home/tycho/git/NEORV32-SRAM/neorv32-sf2-with-sram/prj_dir/component/work/OSC_C0/OSC_C0_0/OSC_C0_OSC_C0_0_OSC.vhd (2024-10-21 15:55:12, 2024-10-23 13:05:44) <-- (may instantiate this module)
                        /home/tycho/git/NEORV32-SRAM/neorv32-sf2-with-sram/prj_dir/component/work/top_sd/top_sd.vhd (2024-10-21 15:55:14, 2024-10-23 16:26:01) <-- (may instantiate this module)
130      work.xtlosc_fab.def_arch may have changed because the following files changed:
                        /home/tycho/git/NEORV32-SRAM/neorv32-sf2-with-sram/prj_dir/component/Actel/SgCore/OSC/2.0.101/osc_comps.vhd (2024-10-21 15:55:12, 2024-10-23 13:05:44) <-- (architecture and entity definition)
                        /home/tycho/git/NEORV32-SRAM/neorv32-sf2-with-sram/prj_dir/component/work/OSC_C0/OSC_C0.vhd (2024-10-21 15:55:12, 2024-10-23 13:05:44) <-- (may instantiate this module)
                        /home/tycho/git/NEORV32-SRAM/neorv32-sf2-with-sram/prj_dir/component/work/OSC_C0/OSC_C0_0/OSC_C0_OSC_C0_0_OSC.vhd (2024-10-21 15:55:12, 2024-10-23 13:05:44) <-- (may instantiate this module)
                        /home/tycho/git/NEORV32-SRAM/neorv32-sf2-with-sram/prj_dir/component/work/top_sd/top_sd.vhd (2024-10-21 15:55:14, 2024-10-23 16:26:01) <-- (may instantiate this module)

*******************************************************************
Unmodified files: 11
FID:  path (timestamp)
54       /usr/local/microchip/Libero_SoC_v2023.1/SynplifyPro/lib/generic/smartfusion2.vhd (2023-03-17 12:02:53)
55       /usr/local/microchip/Libero_SoC_v2023.1/SynplifyPro/lib/vhd/hyperents.vhd (2023-03-17 12:02:54)
56       /usr/local/microchip/Libero_SoC_v2023.1/SynplifyPro/lib/vhd/snps_haps_pkg.vhd (2023-03-17 12:02:54)
57       /usr/local/microchip/Libero_SoC_v2023.1/SynplifyPro/lib/vhd/umr_capim.vhd (2023-03-17 12:02:54)
58       /usr/local/microchip/Libero_SoC_v2023.1/SynplifyPro/lib/vhd2008/arith.vhd (2023-03-17 12:02:54)
59       /usr/local/microchip/Libero_SoC_v2023.1/SynplifyPro/lib/vhd2008/location.map (2023-03-17 12:02:54)
60       /usr/local/microchip/Libero_SoC_v2023.1/SynplifyPro/lib/vhd2008/numeric.vhd (2023-03-17 12:02:54)
61       /usr/local/microchip/Libero_SoC_v2023.1/SynplifyPro/lib/vhd2008/std.vhd (2023-03-17 12:02:54)
62       /usr/local/microchip/Libero_SoC_v2023.1/SynplifyPro/lib/vhd2008/std1164.vhd (2023-03-17 12:02:54)
63       /usr/local/microchip/Libero_SoC_v2023.1/SynplifyPro/lib/vhd2008/std_textio.vhd (2023-03-17 12:02:54)
64       /usr/local/microchip/Libero_SoC_v2023.1/SynplifyPro/lib/vhd2008/unsigned.vhd (2023-03-17 12:02:54)

*******************************************************************
Unchanged modules: 0
MID:  lib.cell.view
