<<< NEORV32 Hardware Performance Monitors (HPMs) Example Program >>>

[NOTE] Clockspeed: 10000000 Hz
[NOTE] This program will use up to 9 HPM counters (if available).

13 HPM counters detected, each 40 bits wide

> Starting benchmark. 
	> Sizes: DATA 40 | INSTR 40 | COPY 40 
> Benchmark Complete.

HPM results (low-words only):
 cycle (active clock cycles)         : 1154569167
 instret (retired instructions)      : 193097885
 HPM03 (compressed instructions)     : 0
 HPM04 (instr. dispatch wait cycles) : 326627875
 HPM05 (ALU wait cycles)             : 327240114
 HPM06 (branch instructions)         : 61266080
 HPM07 (control flow transfers)      : 41775681
 HPM08 (load instructions)           : 1840371
 HPM09 (store instructions)          : 1025486
 HPM10 (load/store wait cycles)      : 5731932
 HPM11 (entered traps)               : 0

Program completed.

Benchmarking scoring:


Benchmark Timing:
Total time: 115.310 seconds
Instructions per cycle (IPC): 0.500

Memory Statistics:
Total memory operations: 2865857
Memory wait cycles: 5731932 (0.90% of total time)
Average cycles per memory operation: 2.000


<<< NEORV32 Hardware Performance Monitors (HPMs) Example Program >>>

[NOTE] Clockspeed: 50000000 Hz
[NOTE] This program will use up to 9 HPM counters (if available).

13 HPM counters detected, each 40 bits wide

> Starting benchmark. 
	> Sizes: DATA 40 | INSTR 40 | COPY 40 
> Benchmark Complete.

HPM results (low-words only):
 cycle (active clock cycles)         : 1542911940
 instret (retired instructions)      : 193261505
 HPM03 (compressed instructions)     : 0
 HPM04 (instr. dispatch wait cycles) : 709231778
 HPM05 (ALU wait cycles)             : 327840054
 HPM06 (branch instructions)         : 61320620
 HPM07 (control flow transfers)      : 41830221
 HPM08 (load instructions)           : 1894911
 HPM09 (store instructions)          : 1025486
 HPM10 (load/store wait cycles)      : 10325462
 HPM11 (entered traps)               : 0

Program completed.

Benchmarking scoring:


Benchmark Timing:
Total time: 30.520 seconds
Instructions per cycle (IPC): 0.300

Memory Statistics:
Total memory operations: 2920397
Memory wait cycles: 10325462 (0.31% of total time)
Average cycles per memory operation: 3.610


<<< NEORV32 Hardware Performance Monitors (HPMs) Example Program >>>

[NOTE] Clockspeed: 100000000 Hz
[NOTE] This program will use up to 9 HPM counters (if available).

13 HPM counters detected, each 40 bits wide

> Starting benchmark. 
	> Sizes: DATA 40 | INSTR 40 | COPY 40 
> Benchmark Complete.

HPM results (low-words only):
 cycle (active clock cycles)         : 2154161018
 instret (retired instructions)      : 193413791
 HPM03 (compressed instructions)     : 0
 HPM04 (instr. dispatch wait cycles) : 1311553950
 HPM05 (ALU wait cycles)             : 328398436
 HPM06 (branch instructions)         : 61371382
 HPM07 (control flow transfers)      : 41880983
 HPM08 (load instructions)           : 1945673
 HPM09 (store instructions)          : 1025486
 HPM10 (load/store wait cycles)      : 18186366
 HPM11 (entered traps)               : 0

Program completed.

Benchmarking scoring:


Benchmark Timing:
Total time: 21.610 seconds
Instructions per cycle (IPC): 0.200

Memory Statistics:
Total memory operations: 2971159
Memory wait cycles: 18186366 (0.61% of total time)
Average cycles per memory operation: 6.300
