Resource Usage 10 MHz
+---------------+------+-------+------------+
| Type          | Used | Total | Percentage |
+---------------+------+-------+------------+
| 4LUT          | 7106 | 12084 | 58.81      |
| DFF           | 3210 | 12084 | 26.56      |
| I/O Register  | 0    | 579   | 0.00       |
| Logic Element | 7282 | 12084 | 60.26      |
+---------------+------+-------+------------+

Resource Usage 50 MHz
+---------------+------+-------+------------+
| Type          | Used | Total | Percentage |
+---------------+------+-------+------------+
| 4LUT          | 7110 | 12084 | 58.84      |
| DFF           | 3210 | 12084 | 26.56      |
| I/O Register  | 0    | 579   | 0.00       |
| Logic Element | 7260 | 12084 | 60.08      |
+---------------+------+-------+------------+

Resource Usage 100 MHz
+---------------+------+-------+------------+
| Type          | Used | Total | Percentage |
+---------------+------+-------+------------+
| 4LUT          | 7246 | 12084 | 59.96      |
| DFF           | 3215 | 12084 | 26.61      |
| I/O Register  | 0    | 579   | 0.00       |
| Logic Element | 7401 | 12084 | 61.25      |
+---------------+------+-------+------------+