Resource Usage 10 MHz
+---------------+------+-------+------------+
| Type          | Used | Total | Percentage |
+---------------+------+-------+------------+
| 4LUT          | 4524 | 12084 | 37.44      |
| DFF           | 2081 | 12084 | 17.22      |
| I/O Register  | 0    | 579   | 0.00       |
| Logic Element | 4625 | 12084 | 38.27      |
+---------------+------+-------+------------+

Resource Usage 50 MHz
+---------------+------+-------+------------+
| Type          | Used | Total | Percentage |
+---------------+------+-------+------------+
| 4LUT          | 4530 | 12084 | 37.49      |
| DFF           | 2081 | 12084 | 17.22      |
| I/O Register  | 0    | 579   | 0.00       |
| Logic Element | 4632 | 12084 | 38.33      |
+---------------+------+-------+------------+

Resource Usage 100 MHz
+---------------+------+-------+------------+
| Type          | Used | Total | Percentage |
+---------------+------+-------+------------+
| 4LUT          | 4670 | 12084 | 38.65      |
| DFF           | 2086 | 12084 | 17.26      |
| I/O Register  | 0    | 579   | 0.00       |
| Logic Element | 4767 | 12084 | 39.45      |
+---------------+------+-------+------------+