----------  10 MHz  ----------

Resource Usage
+---------------+------+-------+------------+
| Type          | Used | Total | Percentage |
+---------------+------+-------+------------+
| 4LUT          | 4818 | 12084 | 39.87      |
| DFF           | 2492 | 12084 | 20.62      |
| I/O Register  | 0    | 579   | 0.00       |
| Logic Element | 4971 | 12084 | 41.14      |
+---------------+------+-------+------------+

----------  50 MHz  ----------

Resource Usage
+---------------+------+-------+------------+
| Type          | Used | Total | Percentage |
+---------------+------+-------+------------+
| 4LUT          | 4819 | 12084 | 39.88      |
| DFF           | 2492 | 12084 | 20.62      |
| I/O Register  | 0    | 579   | 0.00       |
| Logic Element | 4974 | 12084 | 41.16      |
+---------------+------+-------+------------+


----------  100 MHz ----------

Resource Usage
+---------------+------+-------+------------+
| Type          | Used | Total | Percentage |
+---------------+------+-------+------------+
| 4LUT          | 4917 | 12084 | 40.69      |
| DFF           | 2495 | 12084 | 20.65      |
| I/O Register  | 0    | 579   | 0.00       |
| Logic Element | 5091 | 12084 | 42.13      |
+---------------+------+-------+------------+


100 MHz with 16*1024 dmem

+---------------+------+-------+------------+
| Type          | Used | Total | Percentage |
+---------------+------+-------+------------+
| 4LUT          | 5306 | 12084 | 43.91      |
| DFF           | 2652 | 12084 | 21.95      |
| I/O Register  | 0    | 579   | 0.00       |
| Logic Element | 5475 | 12084 | 45.31      |
+---------------+------+-------+------------+