----------  10 MHz  ----------

Resource Usage
+---------------+------+-------+------------+
| Type          | Used | Total | Percentage |
+---------------+------+-------+------------+
| 4LUT          | 4125 | 12084 | 34.14      |
| DFF           | 2176 | 12084 | 18.01      |
| I/O Register  | 0    | 579   | 0.00       |
| Logic Element | 4249 | 12084 | 35.16      |
+---------------+------+-------+------------+

----------  50 MHz  ----------

Resource Usage
+---------------+------+-------+------------+
| Type          | Used | Total | Percentage |
+---------------+------+-------+------------+
| 4LUT          | 4126 | 12084 | 34.14      |
| DFF           | 2176 | 12084 | 18.01      |
| I/O Register  | 0    | 579   | 0.00       |
| Logic Element | 4266 | 12084 | 35.30      |
+---------------+------+-------+------------+

----------  100 MHz ----------

Resource Usage
+---------------+------+-------+------------+
| Type          | Used | Total | Percentage |
+---------------+------+-------+------------+
| 4LUT          | 4244 | 12084 | 35.12      |
| DFF           | 2180 | 12084 | 18.04      |
| I/O Register  | 0    | 579   | 0.00       |
| Logic Element | 4359 | 12084 | 36.07      |
+---------------+------+-------+------------+