
Copyright (C) 1994-2022 Synopsys, Inc.
This Synopsys software and all associated documentation are proprietary to Synopsys, Inc.
and may only be used pursuant to the terms and conditions of a written license agreement
with Synopsys, Inc. All other use, reproduction, modification, or distribution of the
Synopsys software or the associated documentation is strictly prohibited.
Tool: Synplify Pro (R)
Build: T-2022.09M-SP2
Install: /usr/local/microchip/Libero_SoC_v2023.1/SynplifyPro
OS: Ubuntu 24.04.1 LTS
Hostname: ideapad
max virtual memory: unlimited (bytes)
max user processes: 30976
max stack size: unlimited (bytes)


Implementation : synthesis
Synopsys HDL compiler and linker, Version comp202209synp2, Build 096R, Built Mar  8 2023 09:23:09, @4639882

Modified Files: 154
FID:  path (prevtimestamp, timestamp)
0        /home/s2556154/Libero/ThesisProject/NEORV32-SRAM/neorv32-sf2-with-envm/prj_dir/component/Actel/DirectCore/CoreAHBLite/5.2.100/rtl/vhdl/core/components.vhd (2024-09-20 09:45:17, N/A)
1        /home/s2556154/Libero/ThesisProject/NEORV32-SRAM/neorv32-sf2-with-envm/prj_dir/component/Actel/DirectCore/CoreAHBLite/5.2.100/rtl/vhdl/core/coreahblite.vhd (2024-09-20 09:45:17, N/A)
2        /home/s2556154/Libero/ThesisProject/NEORV32-SRAM/neorv32-sf2-with-envm/prj_dir/component/Actel/DirectCore/CoreAHBLite/5.2.100/rtl/vhdl/core/coreahblite_addrdec.vhd (2024-09-20 09:45:17, N/A)
3        /home/s2556154/Libero/ThesisProject/NEORV32-SRAM/neorv32-sf2-with-envm/prj_dir/component/Actel/DirectCore/CoreAHBLite/5.2.100/rtl/vhdl/core/coreahblite_defaultslavesm.vhd (2024-09-20 09:45:17, N/A)
4        /home/s2556154/Libero/ThesisProject/NEORV32-SRAM/neorv32-sf2-with-envm/prj_dir/component/Actel/DirectCore/CoreAHBLite/5.2.100/rtl/vhdl/core/coreahblite_masterstage.vhd (2024-09-20 09:45:17, N/A)
5        /home/s2556154/Libero/ThesisProject/NEORV32-SRAM/neorv32-sf2-with-envm/prj_dir/component/Actel/DirectCore/CoreAHBLite/5.2.100/rtl/vhdl/core/coreahblite_matrix4x16.vhd (2024-09-20 09:45:17, N/A)
6        /home/s2556154/Libero/ThesisProject/NEORV32-SRAM/neorv32-sf2-with-envm/prj_dir/component/Actel/DirectCore/CoreAHBLite/5.2.100/rtl/vhdl/core/coreahblite_pkg.vhd (2024-09-20 09:45:17, N/A)
7        /home/s2556154/Libero/ThesisProject/NEORV32-SRAM/neorv32-sf2-with-envm/prj_dir/component/Actel/DirectCore/CoreAHBLite/5.2.100/rtl/vhdl/core/coreahblite_slavearbiter.vhd (2024-09-20 09:45:17, N/A)
8        /home/s2556154/Libero/ThesisProject/NEORV32-SRAM/neorv32-sf2-with-envm/prj_dir/component/Actel/DirectCore/CoreAHBLite/5.2.100/rtl/vhdl/core/coreahblite_slavestage.vhd (2024-09-20 09:45:17, N/A)
9        /home/s2556154/Libero/ThesisProject/NEORV32-SRAM/neorv32-sf2-with-envm/prj_dir/component/Actel/DirectCore/CoreResetP/7.1.100/rtl/vhdl/core/coreresetp.vhd (2024-09-20 09:45:17, N/A)
10       /home/s2556154/Libero/ThesisProject/NEORV32-SRAM/neorv32-sf2-with-envm/prj_dir/component/Actel/DirectCore/CoreResetP/7.1.100/rtl/vhdl/core/coreresetp_pcie_hotreset.vhd (2024-09-20 09:45:17, N/A)
11       /home/s2556154/Libero/ThesisProject/NEORV32-SRAM/neorv32-sf2-with-envm/prj_dir/component/Actel/SgCore/OSC/2.0.101/osc_comps.vhd (2024-09-20 09:45:18, N/A)
12       /home/s2556154/Libero/ThesisProject/NEORV32-SRAM/neorv32-sf2-with-envm/prj_dir/component/work/top/top.vhd (2024-09-20 09:45:19, N/A)
13       /home/s2556154/Libero/ThesisProject/NEORV32-SRAM/neorv32-sf2-with-envm/prj_dir/component/work/top_sb/CCC_0/top_sb_CCC_0_FCCC.vhd (2024-09-20 09:45:16, N/A)
14       /home/s2556154/Libero/ThesisProject/NEORV32-SRAM/neorv32-sf2-with-envm/prj_dir/component/work/top_sb/FABOSC_0/top_sb_FABOSC_0_OSC.vhd (2024-09-20 09:45:18, N/A)
15       /home/s2556154/Libero/ThesisProject/NEORV32-SRAM/neorv32-sf2-with-envm/prj_dir/component/work/top_sb/top_sb.vhd (2024-09-20 09:45:18, N/A)
16       /home/s2556154/Libero/ThesisProject/NEORV32-SRAM/neorv32-sf2-with-envm/prj_dir/component/work/top_sb_HPMS/top_sb_HPMS.vhd (2024-09-20 09:45:15, N/A)
17       /home/s2556154/Libero/ThesisProject/NEORV32-SRAM/neorv32-sf2-with-envm/prj_dir/component/work/top_sb_HPMS/top_sb_HPMS_syn.vhd (2024-09-20 09:45:14, N/A)
18       /home/s2556154/Libero/ThesisProject/NEORV32-SRAM/neorv32-sf2-with-envm/prj_dir/hdl/WB2AHBL.vhd (2024-09-20 09:45:04, N/A)
19       /home/s2556154/Libero/ThesisProject/NEORV32-SRAM/neorv32-sf2-with-envm/prj_dir/hdl/neorv32_ProcessorTop_Minimal.vhd (2024-09-20 09:45:04, N/A)
20       /home/s2556154/Libero/ThesisProject/NEORV32-SRAM/neorv32-sf2-with-envm/prj_dir/hdl/neorv32_boot_rom.vhd (2024-09-20 09:45:04, N/A)
21       /home/s2556154/Libero/ThesisProject/NEORV32-SRAM/neorv32-sf2-with-envm/prj_dir/hdl/neorv32_bootloader_image.vhd (2024-09-20 09:45:04, N/A)
22       /home/s2556154/Libero/ThesisProject/NEORV32-SRAM/neorv32-sf2-with-envm/prj_dir/hdl/neorv32_cfs.vhd (2024-09-20 09:45:04, N/A)
23       /home/s2556154/Libero/ThesisProject/NEORV32-SRAM/neorv32-sf2-with-envm/prj_dir/hdl/neorv32_cpu.vhd (2024-09-20 09:45:04, N/A)
24       /home/s2556154/Libero/ThesisProject/NEORV32-SRAM/neorv32-sf2-with-envm/prj_dir/hdl/neorv32_cpu_alu.vhd (2024-09-20 09:45:04, N/A)
25       /home/s2556154/Libero/ThesisProject/NEORV32-SRAM/neorv32-sf2-with-envm/prj_dir/hdl/neorv32_cpu_control.vhd (2024-09-20 09:45:04, N/A)
26       /home/s2556154/Libero/ThesisProject/NEORV32-SRAM/neorv32-sf2-with-envm/prj_dir/hdl/neorv32_cpu_cp_bitmanip.vhd (2024-09-20 09:45:04, N/A)
27       /home/s2556154/Libero/ThesisProject/NEORV32-SRAM/neorv32-sf2-with-envm/prj_dir/hdl/neorv32_cpu_cp_cfu.vhd (2024-09-20 09:45:04, N/A)
28       /home/s2556154/Libero/ThesisProject/NEORV32-SRAM/neorv32-sf2-with-envm/prj_dir/hdl/neorv32_cpu_cp_fpu.vhd (2024-09-20 09:45:04, N/A)
29       /home/s2556154/Libero/ThesisProject/NEORV32-SRAM/neorv32-sf2-with-envm/prj_dir/hdl/neorv32_cpu_cp_muldiv.vhd (2024-09-20 09:45:04, N/A)
30       /home/s2556154/Libero/ThesisProject/NEORV32-SRAM/neorv32-sf2-with-envm/prj_dir/hdl/neorv32_cpu_cp_shifter.vhd (2024-09-20 09:45:04, N/A)
31       /home/s2556154/Libero/ThesisProject/NEORV32-SRAM/neorv32-sf2-with-envm/prj_dir/hdl/neorv32_cpu_decompressor.vhd (2024-09-20 09:45:04, N/A)
32       /home/s2556154/Libero/ThesisProject/NEORV32-SRAM/neorv32-sf2-with-envm/prj_dir/hdl/neorv32_cpu_lsu.vhd (2024-09-20 09:45:04, N/A)
33       /home/s2556154/Libero/ThesisProject/NEORV32-SRAM/neorv32-sf2-with-envm/prj_dir/hdl/neorv32_cpu_pmp.vhd (2024-09-20 09:45:04, N/A)
34       /home/s2556154/Libero/ThesisProject/NEORV32-SRAM/neorv32-sf2-with-envm/prj_dir/hdl/neorv32_cpu_regfile.vhd (2024-09-20 09:45:04, N/A)
35       /home/s2556154/Libero/ThesisProject/NEORV32-SRAM/neorv32-sf2-with-envm/prj_dir/hdl/neorv32_crc.vhd (2024-09-20 09:45:04, N/A)
36       /home/s2556154/Libero/ThesisProject/NEORV32-SRAM/neorv32-sf2-with-envm/prj_dir/hdl/neorv32_dcache.vhd (2024-09-20 09:45:04, N/A)
37       /home/s2556154/Libero/ThesisProject/NEORV32-SRAM/neorv32-sf2-with-envm/prj_dir/hdl/neorv32_debug_dm.vhd (2024-09-20 09:45:04, N/A)
38       /home/s2556154/Libero/ThesisProject/NEORV32-SRAM/neorv32-sf2-with-envm/prj_dir/hdl/neorv32_debug_dtm.vhd (2024-09-20 09:45:04, N/A)
39       /home/s2556154/Libero/ThesisProject/NEORV32-SRAM/neorv32-sf2-with-envm/prj_dir/hdl/neorv32_dma.vhd (2024-09-20 09:45:04, N/A)
40       /home/s2556154/Libero/ThesisProject/NEORV32-SRAM/neorv32-sf2-with-envm/prj_dir/hdl/neorv32_dmem.default.vhd (2024-09-20 09:45:04, N/A)
41       /home/s2556154/Libero/ThesisProject/NEORV32-SRAM/neorv32-sf2-with-envm/prj_dir/hdl/neorv32_dmem.entity.vhd (2024-09-20 09:45:04, N/A)
42       /home/s2556154/Libero/ThesisProject/NEORV32-SRAM/neorv32-sf2-with-envm/prj_dir/hdl/neorv32_fifo.vhd (2024-09-20 09:45:04, N/A)
43       /home/s2556154/Libero/ThesisProject/NEORV32-SRAM/neorv32-sf2-with-envm/prj_dir/hdl/neorv32_gpio.vhd (2024-09-20 09:45:04, N/A)
44       /home/s2556154/Libero/ThesisProject/NEORV32-SRAM/neorv32-sf2-with-envm/prj_dir/hdl/neorv32_gptmr.vhd (2024-09-20 09:45:04, N/A)
45       /home/s2556154/Libero/ThesisProject/NEORV32-SRAM/neorv32-sf2-with-envm/prj_dir/hdl/neorv32_icache.vhd (2024-09-20 09:45:04, N/A)
46       /home/s2556154/Libero/ThesisProject/NEORV32-SRAM/neorv32-sf2-with-envm/prj_dir/hdl/neorv32_imem.default.vhd (2024-09-20 09:45:04, N/A)
47       /home/s2556154/Libero/ThesisProject/NEORV32-SRAM/neorv32-sf2-with-envm/prj_dir/hdl/neorv32_imem.entity.vhd (2024-09-20 09:45:04, N/A)
48       /home/s2556154/Libero/ThesisProject/NEORV32-SRAM/neorv32-sf2-with-envm/prj_dir/hdl/neorv32_intercon.vhd (2024-09-20 09:45:04, N/A)
49       /home/s2556154/Libero/ThesisProject/NEORV32-SRAM/neorv32-sf2-with-envm/prj_dir/hdl/neorv32_mtime.vhd (2024-09-20 09:45:04, N/A)
50       /home/s2556154/Libero/ThesisProject/NEORV32-SRAM/neorv32-sf2-with-envm/prj_dir/hdl/neorv32_neoled.vhd (2024-09-20 09:45:04, N/A)
51       /home/s2556154/Libero/ThesisProject/NEORV32-SRAM/neorv32-sf2-with-envm/prj_dir/hdl/neorv32_onewire.vhd (2024-09-20 09:45:04, N/A)
52       /home/s2556154/Libero/ThesisProject/NEORV32-SRAM/neorv32-sf2-with-envm/prj_dir/hdl/neorv32_package.vhd (2024-09-20 09:45:04, N/A)
53       /home/s2556154/Libero/ThesisProject/NEORV32-SRAM/neorv32-sf2-with-envm/prj_dir/hdl/neorv32_pwm.vhd (2024-09-20 09:45:04, N/A)
54       /home/s2556154/Libero/ThesisProject/NEORV32-SRAM/neorv32-sf2-with-envm/prj_dir/hdl/neorv32_sdi.vhd (2024-09-20 09:45:04, N/A)
55       /home/s2556154/Libero/ThesisProject/NEORV32-SRAM/neorv32-sf2-with-envm/prj_dir/hdl/neorv32_slink.vhd (2024-09-20 09:45:04, N/A)
56       /home/s2556154/Libero/ThesisProject/NEORV32-SRAM/neorv32-sf2-with-envm/prj_dir/hdl/neorv32_spi.vhd (2024-09-20 09:45:04, N/A)
57       /home/s2556154/Libero/ThesisProject/NEORV32-SRAM/neorv32-sf2-with-envm/prj_dir/hdl/neorv32_sysinfo.vhd (2024-09-20 09:45:04, N/A)
58       /home/s2556154/Libero/ThesisProject/NEORV32-SRAM/neorv32-sf2-with-envm/prj_dir/hdl/neorv32_top.vhd (2024-09-20 09:45:04, N/A)
59       /home/s2556154/Libero/ThesisProject/NEORV32-SRAM/neorv32-sf2-with-envm/prj_dir/hdl/neorv32_trng.vhd (2024-09-20 09:45:04, N/A)
60       /home/s2556154/Libero/ThesisProject/NEORV32-SRAM/neorv32-sf2-with-envm/prj_dir/hdl/neorv32_twi.vhd (2024-09-20 09:45:04, N/A)
61       /home/s2556154/Libero/ThesisProject/NEORV32-SRAM/neorv32-sf2-with-envm/prj_dir/hdl/neorv32_uart.vhd (2024-09-20 09:45:04, N/A)
62       /home/s2556154/Libero/ThesisProject/NEORV32-SRAM/neorv32-sf2-with-envm/prj_dir/hdl/neorv32_wdt.vhd (2024-09-20 09:45:04, N/A)
63       /home/s2556154/Libero/ThesisProject/NEORV32-SRAM/neorv32-sf2-with-envm/prj_dir/hdl/neorv32_wishbone.vhd (2024-09-20 09:45:04, N/A)
64       /home/s2556154/Libero/ThesisProject/NEORV32-SRAM/neorv32-sf2-with-envm/prj_dir/hdl/neorv32_xip.vhd (2024-09-20 09:45:04, N/A)
65       /home/s2556154/Libero/ThesisProject/NEORV32-SRAM/neorv32-sf2-with-envm/prj_dir/hdl/neorv32_xirq.vhd (2024-09-20 09:45:04, N/A)
77       /home/tycho/git/NEORV32-SRAM/neorv32-sf2-with-envm/prj_dir/component/Actel/DirectCore/CoreAHBLite/5.2.100/rtl/vhdl/core/components.vhd (N/A, 2024-10-03 12:26:36)
78       /home/tycho/git/NEORV32-SRAM/neorv32-sf2-with-envm/prj_dir/component/Actel/DirectCore/CoreAHBLite/5.2.100/rtl/vhdl/core/coreahblite.vhd (N/A, 2024-10-03 12:26:36)
79       /home/tycho/git/NEORV32-SRAM/neorv32-sf2-with-envm/prj_dir/component/Actel/DirectCore/CoreAHBLite/5.2.100/rtl/vhdl/core/coreahblite_addrdec.vhd (N/A, 2024-10-03 12:26:36)
80       /home/tycho/git/NEORV32-SRAM/neorv32-sf2-with-envm/prj_dir/component/Actel/DirectCore/CoreAHBLite/5.2.100/rtl/vhdl/core/coreahblite_defaultslavesm.vhd (N/A, 2024-10-03 12:26:36)
81       /home/tycho/git/NEORV32-SRAM/neorv32-sf2-with-envm/prj_dir/component/Actel/DirectCore/CoreAHBLite/5.2.100/rtl/vhdl/core/coreahblite_masterstage.vhd (N/A, 2024-10-03 12:26:36)
82       /home/tycho/git/NEORV32-SRAM/neorv32-sf2-with-envm/prj_dir/component/Actel/DirectCore/CoreAHBLite/5.2.100/rtl/vhdl/core/coreahblite_matrix4x16.vhd (N/A, 2024-10-03 12:26:36)
83       /home/tycho/git/NEORV32-SRAM/neorv32-sf2-with-envm/prj_dir/component/Actel/DirectCore/CoreAHBLite/5.2.100/rtl/vhdl/core/coreahblite_pkg.vhd (N/A, 2024-10-03 12:26:36)
84       /home/tycho/git/NEORV32-SRAM/neorv32-sf2-with-envm/prj_dir/component/Actel/DirectCore/CoreAHBLite/5.2.100/rtl/vhdl/core/coreahblite_slavearbiter.vhd (N/A, 2024-10-03 12:26:36)
85       /home/tycho/git/NEORV32-SRAM/neorv32-sf2-with-envm/prj_dir/component/Actel/DirectCore/CoreAHBLite/5.2.100/rtl/vhdl/core/coreahblite_slavestage.vhd (N/A, 2024-10-03 12:26:36)
86       /home/tycho/git/NEORV32-SRAM/neorv32-sf2-with-envm/prj_dir/component/Actel/DirectCore/CoreResetP/7.1.100/rtl/vhdl/core/coreresetp.vhd (N/A, 2024-10-03 12:26:36)
87       /home/tycho/git/NEORV32-SRAM/neorv32-sf2-with-envm/prj_dir/component/Actel/DirectCore/CoreResetP/7.1.100/rtl/vhdl/core/coreresetp_pcie_hotreset.vhd (N/A, 2024-10-03 12:26:36)
88       /home/tycho/git/NEORV32-SRAM/neorv32-sf2-with-envm/prj_dir/component/Actel/SgCore/OSC/2.0.101/osc_comps.vhd (N/A, 2024-10-03 12:26:36)
89       /home/tycho/git/NEORV32-SRAM/neorv32-sf2-with-envm/prj_dir/component/work/top/top.vhd (N/A, 2024-10-03 12:26:36)
90       /home/tycho/git/NEORV32-SRAM/neorv32-sf2-with-envm/prj_dir/component/work/top_sb/CCC_0/top_sb_CCC_0_FCCC.vhd (N/A, 2024-10-03 12:26:36)
91       /home/tycho/git/NEORV32-SRAM/neorv32-sf2-with-envm/prj_dir/component/work/top_sb/FABOSC_0/top_sb_FABOSC_0_OSC.vhd (N/A, 2024-10-03 12:26:36)
92       /home/tycho/git/NEORV32-SRAM/neorv32-sf2-with-envm/prj_dir/component/work/top_sb/top_sb.vhd (N/A, 2024-10-03 12:26:36)
93       /home/tycho/git/NEORV32-SRAM/neorv32-sf2-with-envm/prj_dir/component/work/top_sb_HPMS/top_sb_HPMS.vhd (N/A, 2024-10-03 12:26:36)
94       /home/tycho/git/NEORV32-SRAM/neorv32-sf2-with-envm/prj_dir/component/work/top_sb_HPMS/top_sb_HPMS_syn.vhd (N/A, 2024-10-03 12:26:36)
95       /home/tycho/git/NEORV32-SRAM/neorv32-sf2-with-envm/prj_dir/hdl/WB2AHBL.vhd (N/A, 2024-10-03 12:26:36)
96       /home/tycho/git/NEORV32-SRAM/neorv32-sf2-with-envm/prj_dir/hdl/neorv32_ProcessorTop_Minimal.vhd (N/A, 2024-10-03 12:26:36)
97       /home/tycho/git/NEORV32-SRAM/neorv32-sf2-with-envm/prj_dir/hdl/neorv32_boot_rom.vhd (N/A, 2024-10-03 12:26:36)
98       /home/tycho/git/NEORV32-SRAM/neorv32-sf2-with-envm/prj_dir/hdl/neorv32_bootloader_image.vhd (N/A, 2024-10-03 12:26:36)
99       /home/tycho/git/NEORV32-SRAM/neorv32-sf2-with-envm/prj_dir/hdl/neorv32_cfs.vhd (N/A, 2024-10-03 12:26:36)
100      /home/tycho/git/NEORV32-SRAM/neorv32-sf2-with-envm/prj_dir/hdl/neorv32_cpu.vhd (N/A, 2024-10-03 12:26:36)
101      /home/tycho/git/NEORV32-SRAM/neorv32-sf2-with-envm/prj_dir/hdl/neorv32_cpu_alu.vhd (N/A, 2024-10-03 12:26:36)
102      /home/tycho/git/NEORV32-SRAM/neorv32-sf2-with-envm/prj_dir/hdl/neorv32_cpu_control.vhd (N/A, 2024-10-03 12:26:36)
103      /home/tycho/git/NEORV32-SRAM/neorv32-sf2-with-envm/prj_dir/hdl/neorv32_cpu_cp_bitmanip.vhd (N/A, 2024-10-03 12:26:36)
104      /home/tycho/git/NEORV32-SRAM/neorv32-sf2-with-envm/prj_dir/hdl/neorv32_cpu_cp_cfu.vhd (N/A, 2024-10-03 12:26:36)
105      /home/tycho/git/NEORV32-SRAM/neorv32-sf2-with-envm/prj_dir/hdl/neorv32_cpu_cp_fpu.vhd (N/A, 2024-10-03 12:26:36)
106      /home/tycho/git/NEORV32-SRAM/neorv32-sf2-with-envm/prj_dir/hdl/neorv32_cpu_cp_muldiv.vhd (N/A, 2024-10-03 12:26:36)
107      /home/tycho/git/NEORV32-SRAM/neorv32-sf2-with-envm/prj_dir/hdl/neorv32_cpu_cp_shifter.vhd (N/A, 2024-10-03 12:26:36)
108      /home/tycho/git/NEORV32-SRAM/neorv32-sf2-with-envm/prj_dir/hdl/neorv32_cpu_decompressor.vhd (N/A, 2024-10-03 12:26:36)
109      /home/tycho/git/NEORV32-SRAM/neorv32-sf2-with-envm/prj_dir/hdl/neorv32_cpu_lsu.vhd (N/A, 2024-10-03 12:26:36)
110      /home/tycho/git/NEORV32-SRAM/neorv32-sf2-with-envm/prj_dir/hdl/neorv32_cpu_pmp.vhd (N/A, 2024-10-03 12:26:36)
111      /home/tycho/git/NEORV32-SRAM/neorv32-sf2-with-envm/prj_dir/hdl/neorv32_cpu_regfile.vhd (N/A, 2024-10-03 12:26:36)
112      /home/tycho/git/NEORV32-SRAM/neorv32-sf2-with-envm/prj_dir/hdl/neorv32_crc.vhd (N/A, 2024-10-03 12:26:36)
113      /home/tycho/git/NEORV32-SRAM/neorv32-sf2-with-envm/prj_dir/hdl/neorv32_dcache.vhd (N/A, 2024-10-03 12:26:36)
114      /home/tycho/git/NEORV32-SRAM/neorv32-sf2-with-envm/prj_dir/hdl/neorv32_debug_dm.vhd (N/A, 2024-10-03 12:26:36)
115      /home/tycho/git/NEORV32-SRAM/neorv32-sf2-with-envm/prj_dir/hdl/neorv32_debug_dtm.vhd (N/A, 2024-10-03 12:26:36)
116      /home/tycho/git/NEORV32-SRAM/neorv32-sf2-with-envm/prj_dir/hdl/neorv32_dma.vhd (N/A, 2024-10-03 12:26:36)
117      /home/tycho/git/NEORV32-SRAM/neorv32-sf2-with-envm/prj_dir/hdl/neorv32_dmem.default.vhd (N/A, 2024-10-03 12:26:36)
118      /home/tycho/git/NEORV32-SRAM/neorv32-sf2-with-envm/prj_dir/hdl/neorv32_dmem.entity.vhd (N/A, 2024-10-03 12:26:36)
119      /home/tycho/git/NEORV32-SRAM/neorv32-sf2-with-envm/prj_dir/hdl/neorv32_fifo.vhd (N/A, 2024-10-03 12:26:36)
120      /home/tycho/git/NEORV32-SRAM/neorv32-sf2-with-envm/prj_dir/hdl/neorv32_gpio.vhd (N/A, 2024-10-03 12:26:36)
121      /home/tycho/git/NEORV32-SRAM/neorv32-sf2-with-envm/prj_dir/hdl/neorv32_gptmr.vhd (N/A, 2024-10-03 12:26:36)
122      /home/tycho/git/NEORV32-SRAM/neorv32-sf2-with-envm/prj_dir/hdl/neorv32_icache.vhd (N/A, 2024-10-03 12:26:36)
123      /home/tycho/git/NEORV32-SRAM/neorv32-sf2-with-envm/prj_dir/hdl/neorv32_imem.default.vhd (N/A, 2024-10-03 12:26:36)
124      /home/tycho/git/NEORV32-SRAM/neorv32-sf2-with-envm/prj_dir/hdl/neorv32_imem.entity.vhd (N/A, 2024-10-03 12:26:36)
125      /home/tycho/git/NEORV32-SRAM/neorv32-sf2-with-envm/prj_dir/hdl/neorv32_intercon.vhd (N/A, 2024-10-03 12:26:36)
126      /home/tycho/git/NEORV32-SRAM/neorv32-sf2-with-envm/prj_dir/hdl/neorv32_mtime.vhd (N/A, 2024-10-03 12:26:36)
127      /home/tycho/git/NEORV32-SRAM/neorv32-sf2-with-envm/prj_dir/hdl/neorv32_neoled.vhd (N/A, 2024-10-03 12:26:36)
128      /home/tycho/git/NEORV32-SRAM/neorv32-sf2-with-envm/prj_dir/hdl/neorv32_onewire.vhd (N/A, 2024-10-03 12:26:36)
129      /home/tycho/git/NEORV32-SRAM/neorv32-sf2-with-envm/prj_dir/hdl/neorv32_package.vhd (N/A, 2024-10-03 12:26:36)
130      /home/tycho/git/NEORV32-SRAM/neorv32-sf2-with-envm/prj_dir/hdl/neorv32_pwm.vhd (N/A, 2024-10-03 12:26:36)
131      /home/tycho/git/NEORV32-SRAM/neorv32-sf2-with-envm/prj_dir/hdl/neorv32_sdi.vhd (N/A, 2024-10-03 12:26:36)
132      /home/tycho/git/NEORV32-SRAM/neorv32-sf2-with-envm/prj_dir/hdl/neorv32_slink.vhd (N/A, 2024-10-03 12:26:36)
133      /home/tycho/git/NEORV32-SRAM/neorv32-sf2-with-envm/prj_dir/hdl/neorv32_spi.vhd (N/A, 2024-10-03 12:26:36)
134      /home/tycho/git/NEORV32-SRAM/neorv32-sf2-with-envm/prj_dir/hdl/neorv32_sysinfo.vhd (N/A, 2024-10-03 12:26:36)
135      /home/tycho/git/NEORV32-SRAM/neorv32-sf2-with-envm/prj_dir/hdl/neorv32_top.vhd (N/A, 2024-10-03 12:26:36)
136      /home/tycho/git/NEORV32-SRAM/neorv32-sf2-with-envm/prj_dir/hdl/neorv32_trng.vhd (N/A, 2024-10-03 12:26:36)
137      /home/tycho/git/NEORV32-SRAM/neorv32-sf2-with-envm/prj_dir/hdl/neorv32_twi.vhd (N/A, 2024-10-03 12:26:36)
138      /home/tycho/git/NEORV32-SRAM/neorv32-sf2-with-envm/prj_dir/hdl/neorv32_uart.vhd (N/A, 2024-10-03 12:26:36)
139      /home/tycho/git/NEORV32-SRAM/neorv32-sf2-with-envm/prj_dir/hdl/neorv32_wdt.vhd (N/A, 2024-10-03 12:26:36)
140      /home/tycho/git/NEORV32-SRAM/neorv32-sf2-with-envm/prj_dir/hdl/neorv32_wishbone.vhd (N/A, 2024-10-03 12:26:36)
141      /home/tycho/git/NEORV32-SRAM/neorv32-sf2-with-envm/prj_dir/hdl/neorv32_xip.vhd (N/A, 2024-10-03 12:26:36)
142      /home/tycho/git/NEORV32-SRAM/neorv32-sf2-with-envm/prj_dir/hdl/neorv32_xirq.vhd (N/A, 2024-10-03 12:26:36)
66       /remote/labware/packages/microsemi/libero/v2022.1/SynplifyPro/lib/generic/smartfusion2.vhd (2022-03-10 09:37:41, N/A)
67       /remote/labware/packages/microsemi/libero/v2022.1/SynplifyPro/lib/vhd/hyperents.vhd (2022-03-10 09:37:42, N/A)
68       /remote/labware/packages/microsemi/libero/v2022.1/SynplifyPro/lib/vhd/snps_haps_pkg.vhd (2022-03-10 09:37:42, N/A)
69       /remote/labware/packages/microsemi/libero/v2022.1/SynplifyPro/lib/vhd/umr_capim.vhd (2022-03-10 09:37:42, N/A)
70       /remote/labware/packages/microsemi/libero/v2022.1/SynplifyPro/lib/vhd2008/arith.vhd (2022-03-10 09:37:42, N/A)
71       /remote/labware/packages/microsemi/libero/v2022.1/SynplifyPro/lib/vhd2008/location.map (2022-03-10 09:37:42, N/A)
72       /remote/labware/packages/microsemi/libero/v2022.1/SynplifyPro/lib/vhd2008/numeric.vhd (2022-03-10 09:37:42, N/A)
73       /remote/labware/packages/microsemi/libero/v2022.1/SynplifyPro/lib/vhd2008/std.vhd (2022-03-10 09:37:42, N/A)
74       /remote/labware/packages/microsemi/libero/v2022.1/SynplifyPro/lib/vhd2008/std1164.vhd (2022-03-10 09:37:42, N/A)
75       /remote/labware/packages/microsemi/libero/v2022.1/SynplifyPro/lib/vhd2008/std_textio.vhd (2022-03-10 09:37:42, N/A)
76       /remote/labware/packages/microsemi/libero/v2022.1/SynplifyPro/lib/vhd2008/unsigned.vhd (2022-03-10 09:37:42, N/A)
143      /usr/local/microchip/Libero_SoC_v2023.1/SynplifyPro/lib/generic/smartfusion2.vhd (N/A, 2023-03-17 12:02:53)
144      /usr/local/microchip/Libero_SoC_v2023.1/SynplifyPro/lib/vhd/hyperents.vhd (N/A, 2023-03-17 12:02:54)
145      /usr/local/microchip/Libero_SoC_v2023.1/SynplifyPro/lib/vhd/snps_haps_pkg.vhd (N/A, 2023-03-17 12:02:54)
146      /usr/local/microchip/Libero_SoC_v2023.1/SynplifyPro/lib/vhd/umr_capim.vhd (N/A, 2023-03-17 12:02:54)
147      /usr/local/microchip/Libero_SoC_v2023.1/SynplifyPro/lib/vhd2008/arith.vhd (N/A, 2023-03-17 12:02:54)
148      /usr/local/microchip/Libero_SoC_v2023.1/SynplifyPro/lib/vhd2008/location.map (N/A, 2023-03-17 12:02:54)
149      /usr/local/microchip/Libero_SoC_v2023.1/SynplifyPro/lib/vhd2008/numeric.vhd (N/A, 2023-03-17 12:02:54)
150      /usr/local/microchip/Libero_SoC_v2023.1/SynplifyPro/lib/vhd2008/std.vhd (N/A, 2023-03-17 12:02:54)
151      /usr/local/microchip/Libero_SoC_v2023.1/SynplifyPro/lib/vhd2008/std1164.vhd (N/A, 2023-03-17 12:02:54)
152      /usr/local/microchip/Libero_SoC_v2023.1/SynplifyPro/lib/vhd2008/std_textio.vhd (N/A, 2023-03-17 12:02:54)
153      /usr/local/microchip/Libero_SoC_v2023.1/SynplifyPro/lib/vhd2008/unsigned.vhd (N/A, 2023-03-17 12:02:54)

*******************************************************************
Modules that may have changed as a result of file changes: 75
MID:  lib.cell.view
0        coreahblite_lib.coreahblite.coreahblite_arch may have changed because the following files changed:
                        /home/tycho/git/NEORV32-SRAM/neorv32-sf2-with-envm/prj_dir/component/Actel/DirectCore/CoreAHBLite/5.2.100/rtl/vhdl/core/coreahblite.vhd (N/A, 2024-10-03 12:26:36) <-- (architecture and entity definition)
                        /home/tycho/git/NEORV32-SRAM/neorv32-sf2-with-envm/prj_dir/component/work/top/top.vhd (N/A, 2024-10-03 12:26:36) <-- (may instantiate this module)
                        /home/tycho/git/NEORV32-SRAM/neorv32-sf2-with-envm/prj_dir/component/work/top_sb/top_sb.vhd (N/A, 2024-10-03 12:26:36) <-- (may instantiate this module)
2        coreahblite_lib.coreahblite_addrdec.coreahblite_addrdec_arch may have changed because the following files changed:
                        /home/tycho/git/NEORV32-SRAM/neorv32-sf2-with-envm/prj_dir/component/Actel/DirectCore/CoreAHBLite/5.2.100/rtl/vhdl/core/coreahblite.vhd (N/A, 2024-10-03 12:26:36) <-- (may instantiate this module)
                        /home/tycho/git/NEORV32-SRAM/neorv32-sf2-with-envm/prj_dir/component/Actel/DirectCore/CoreAHBLite/5.2.100/rtl/vhdl/core/coreahblite_addrdec.vhd (N/A, 2024-10-03 12:26:36) <-- (architecture and entity definition)
                        /home/tycho/git/NEORV32-SRAM/neorv32-sf2-with-envm/prj_dir/component/Actel/DirectCore/CoreAHBLite/5.2.100/rtl/vhdl/core/coreahblite_masterstage.vhd (N/A, 2024-10-03 12:26:36) <-- (may instantiate this module)
                        /home/tycho/git/NEORV32-SRAM/neorv32-sf2-with-envm/prj_dir/component/Actel/DirectCore/CoreAHBLite/5.2.100/rtl/vhdl/core/coreahblite_matrix4x16.vhd (N/A, 2024-10-03 12:26:36) <-- (may instantiate this module)
                        /home/tycho/git/NEORV32-SRAM/neorv32-sf2-with-envm/prj_dir/component/work/top/top.vhd (N/A, 2024-10-03 12:26:36) <-- (may instantiate this module)
                        /home/tycho/git/NEORV32-SRAM/neorv32-sf2-with-envm/prj_dir/component/work/top_sb/top_sb.vhd (N/A, 2024-10-03 12:26:36) <-- (may instantiate this module)
4        coreahblite_lib.coreahblite_defaultslavesm.coreahblite_defaultslavesm_arch may have changed because the following files changed:
                        /home/tycho/git/NEORV32-SRAM/neorv32-sf2-with-envm/prj_dir/component/Actel/DirectCore/CoreAHBLite/5.2.100/rtl/vhdl/core/coreahblite.vhd (N/A, 2024-10-03 12:26:36) <-- (may instantiate this module)
                        /home/tycho/git/NEORV32-SRAM/neorv32-sf2-with-envm/prj_dir/component/Actel/DirectCore/CoreAHBLite/5.2.100/rtl/vhdl/core/coreahblite_defaultslavesm.vhd (N/A, 2024-10-03 12:26:36) <-- (architecture and entity definition)
                        /home/tycho/git/NEORV32-SRAM/neorv32-sf2-with-envm/prj_dir/component/Actel/DirectCore/CoreAHBLite/5.2.100/rtl/vhdl/core/coreahblite_masterstage.vhd (N/A, 2024-10-03 12:26:36) <-- (may instantiate this module)
                        /home/tycho/git/NEORV32-SRAM/neorv32-sf2-with-envm/prj_dir/component/Actel/DirectCore/CoreAHBLite/5.2.100/rtl/vhdl/core/coreahblite_matrix4x16.vhd (N/A, 2024-10-03 12:26:36) <-- (may instantiate this module)
                        /home/tycho/git/NEORV32-SRAM/neorv32-sf2-with-envm/prj_dir/component/work/top/top.vhd (N/A, 2024-10-03 12:26:36) <-- (may instantiate this module)
                        /home/tycho/git/NEORV32-SRAM/neorv32-sf2-with-envm/prj_dir/component/work/top_sb/top_sb.vhd (N/A, 2024-10-03 12:26:36) <-- (may instantiate this module)
6        coreahblite_lib.coreahblite_masterstage.coreahblite_masterstage_arch may have changed because the following files changed:
                        /home/tycho/git/NEORV32-SRAM/neorv32-sf2-with-envm/prj_dir/component/Actel/DirectCore/CoreAHBLite/5.2.100/rtl/vhdl/core/coreahblite.vhd (N/A, 2024-10-03 12:26:36) <-- (may instantiate this module)
                        /home/tycho/git/NEORV32-SRAM/neorv32-sf2-with-envm/prj_dir/component/Actel/DirectCore/CoreAHBLite/5.2.100/rtl/vhdl/core/coreahblite_masterstage.vhd (N/A, 2024-10-03 12:26:36) <-- (architecture and entity definition)
                        /home/tycho/git/NEORV32-SRAM/neorv32-sf2-with-envm/prj_dir/component/Actel/DirectCore/CoreAHBLite/5.2.100/rtl/vhdl/core/coreahblite_matrix4x16.vhd (N/A, 2024-10-03 12:26:36) <-- (may instantiate this module)
                        /home/tycho/git/NEORV32-SRAM/neorv32-sf2-with-envm/prj_dir/component/work/top/top.vhd (N/A, 2024-10-03 12:26:36) <-- (may instantiate this module)
                        /home/tycho/git/NEORV32-SRAM/neorv32-sf2-with-envm/prj_dir/component/work/top_sb/top_sb.vhd (N/A, 2024-10-03 12:26:36) <-- (may instantiate this module)
8        coreahblite_lib.coreahblite_matrix4x16.coreahblite_matrix4x16_arch may have changed because the following files changed:
                        /home/tycho/git/NEORV32-SRAM/neorv32-sf2-with-envm/prj_dir/component/Actel/DirectCore/CoreAHBLite/5.2.100/rtl/vhdl/core/coreahblite.vhd (N/A, 2024-10-03 12:26:36) <-- (may instantiate this module)
                        /home/tycho/git/NEORV32-SRAM/neorv32-sf2-with-envm/prj_dir/component/Actel/DirectCore/CoreAHBLite/5.2.100/rtl/vhdl/core/coreahblite_matrix4x16.vhd (N/A, 2024-10-03 12:26:36) <-- (architecture and entity definition)
                        /home/tycho/git/NEORV32-SRAM/neorv32-sf2-with-envm/prj_dir/component/work/top/top.vhd (N/A, 2024-10-03 12:26:36) <-- (may instantiate this module)
                        /home/tycho/git/NEORV32-SRAM/neorv32-sf2-with-envm/prj_dir/component/work/top_sb/top_sb.vhd (N/A, 2024-10-03 12:26:36) <-- (may instantiate this module)
10       coreahblite_lib.coreahblite_slavearbiter.coreahblite_slavearbiter_arch may have changed because the following files changed:
                        /home/tycho/git/NEORV32-SRAM/neorv32-sf2-with-envm/prj_dir/component/Actel/DirectCore/CoreAHBLite/5.2.100/rtl/vhdl/core/coreahblite.vhd (N/A, 2024-10-03 12:26:36) <-- (may instantiate this module)
                        /home/tycho/git/NEORV32-SRAM/neorv32-sf2-with-envm/prj_dir/component/Actel/DirectCore/CoreAHBLite/5.2.100/rtl/vhdl/core/coreahblite_matrix4x16.vhd (N/A, 2024-10-03 12:26:36) <-- (may instantiate this module)
                        /home/tycho/git/NEORV32-SRAM/neorv32-sf2-with-envm/prj_dir/component/Actel/DirectCore/CoreAHBLite/5.2.100/rtl/vhdl/core/coreahblite_slavearbiter.vhd (N/A, 2024-10-03 12:26:36) <-- (architecture and entity definition)
                        /home/tycho/git/NEORV32-SRAM/neorv32-sf2-with-envm/prj_dir/component/Actel/DirectCore/CoreAHBLite/5.2.100/rtl/vhdl/core/coreahblite_slavestage.vhd (N/A, 2024-10-03 12:26:36) <-- (may instantiate this module)
                        /home/tycho/git/NEORV32-SRAM/neorv32-sf2-with-envm/prj_dir/component/work/top/top.vhd (N/A, 2024-10-03 12:26:36) <-- (may instantiate this module)
                        /home/tycho/git/NEORV32-SRAM/neorv32-sf2-with-envm/prj_dir/component/work/top_sb/top_sb.vhd (N/A, 2024-10-03 12:26:36) <-- (may instantiate this module)
12       coreahblite_lib.coreahblite_slavestage.trans may have changed because the following files changed:
                        /home/tycho/git/NEORV32-SRAM/neorv32-sf2-with-envm/prj_dir/component/Actel/DirectCore/CoreAHBLite/5.2.100/rtl/vhdl/core/coreahblite.vhd (N/A, 2024-10-03 12:26:36) <-- (may instantiate this module)
                        /home/tycho/git/NEORV32-SRAM/neorv32-sf2-with-envm/prj_dir/component/Actel/DirectCore/CoreAHBLite/5.2.100/rtl/vhdl/core/coreahblite_matrix4x16.vhd (N/A, 2024-10-03 12:26:36) <-- (may instantiate this module)
                        /home/tycho/git/NEORV32-SRAM/neorv32-sf2-with-envm/prj_dir/component/Actel/DirectCore/CoreAHBLite/5.2.100/rtl/vhdl/core/coreahblite_slavestage.vhd (N/A, 2024-10-03 12:26:36) <-- (architecture and entity definition)
                        /home/tycho/git/NEORV32-SRAM/neorv32-sf2-with-envm/prj_dir/component/work/top/top.vhd (N/A, 2024-10-03 12:26:36) <-- (may instantiate this module)
                        /home/tycho/git/NEORV32-SRAM/neorv32-sf2-with-envm/prj_dir/component/work/top_sb/top_sb.vhd (N/A, 2024-10-03 12:26:36) <-- (may instantiate this module)
14       neorv32.neorv32_boot_rom.neorv32_boot_rom_rtl may have changed because the following files changed:
                        /home/tycho/git/NEORV32-SRAM/neorv32-sf2-with-envm/prj_dir/component/work/top/top.vhd (N/A, 2024-10-03 12:26:36) <-- (may instantiate this module)
                        /home/tycho/git/NEORV32-SRAM/neorv32-sf2-with-envm/prj_dir/hdl/neorv32_ProcessorTop_Minimal.vhd (N/A, 2024-10-03 12:26:36) <-- (may instantiate this module)
                        /home/tycho/git/NEORV32-SRAM/neorv32-sf2-with-envm/prj_dir/hdl/neorv32_boot_rom.vhd (N/A, 2024-10-03 12:26:36) <-- (architecture and entity definition)
                        /home/tycho/git/NEORV32-SRAM/neorv32-sf2-with-envm/prj_dir/hdl/neorv32_top.vhd (N/A, 2024-10-03 12:26:36) <-- (may instantiate this module)
16       neorv32.neorv32_bus_gateway.neorv32_bus_gateway_rtl may have changed because the following files changed:
                        /home/tycho/git/NEORV32-SRAM/neorv32-sf2-with-envm/prj_dir/component/work/top/top.vhd (N/A, 2024-10-03 12:26:36) <-- (may instantiate this module)
                        /home/tycho/git/NEORV32-SRAM/neorv32-sf2-with-envm/prj_dir/hdl/neorv32_ProcessorTop_Minimal.vhd (N/A, 2024-10-03 12:26:36) <-- (may instantiate this module)
                        /home/tycho/git/NEORV32-SRAM/neorv32-sf2-with-envm/prj_dir/hdl/neorv32_intercon.vhd (N/A, 2024-10-03 12:26:36) <-- (architecture and entity definition)
                        /home/tycho/git/NEORV32-SRAM/neorv32-sf2-with-envm/prj_dir/hdl/neorv32_top.vhd (N/A, 2024-10-03 12:26:36) <-- (may instantiate this module)
18       neorv32.neorv32_bus_io_switch.neorv32_bus_io_switch_rtl may have changed because the following files changed:
                        /home/tycho/git/NEORV32-SRAM/neorv32-sf2-with-envm/prj_dir/component/work/top/top.vhd (N/A, 2024-10-03 12:26:36) <-- (may instantiate this module)
                        /home/tycho/git/NEORV32-SRAM/neorv32-sf2-with-envm/prj_dir/hdl/neorv32_ProcessorTop_Minimal.vhd (N/A, 2024-10-03 12:26:36) <-- (may instantiate this module)
                        /home/tycho/git/NEORV32-SRAM/neorv32-sf2-with-envm/prj_dir/hdl/neorv32_intercon.vhd (N/A, 2024-10-03 12:26:36) <-- (architecture and entity definition)
                        /home/tycho/git/NEORV32-SRAM/neorv32-sf2-with-envm/prj_dir/hdl/neorv32_top.vhd (N/A, 2024-10-03 12:26:36) <-- (may instantiate this module)
20       neorv32.neorv32_bus_reservation_set.neorv32_bus_reservation_set_rtl may have changed because the following files changed:
                        /home/tycho/git/NEORV32-SRAM/neorv32-sf2-with-envm/prj_dir/component/work/top/top.vhd (N/A, 2024-10-03 12:26:36) <-- (may instantiate this module)
                        /home/tycho/git/NEORV32-SRAM/neorv32-sf2-with-envm/prj_dir/hdl/neorv32_ProcessorTop_Minimal.vhd (N/A, 2024-10-03 12:26:36) <-- (may instantiate this module)
                        /home/tycho/git/NEORV32-SRAM/neorv32-sf2-with-envm/prj_dir/hdl/neorv32_intercon.vhd (N/A, 2024-10-03 12:26:36) <-- (architecture and entity definition)
                        /home/tycho/git/NEORV32-SRAM/neorv32-sf2-with-envm/prj_dir/hdl/neorv32_top.vhd (N/A, 2024-10-03 12:26:36) <-- (may instantiate this module)
22       neorv32.neorv32_bus_switch.neorv32_bus_switch_rtl may have changed because the following files changed:
                        /home/tycho/git/NEORV32-SRAM/neorv32-sf2-with-envm/prj_dir/component/work/top/top.vhd (N/A, 2024-10-03 12:26:36) <-- (may instantiate this module)
                        /home/tycho/git/NEORV32-SRAM/neorv32-sf2-with-envm/prj_dir/hdl/neorv32_ProcessorTop_Minimal.vhd (N/A, 2024-10-03 12:26:36) <-- (may instantiate this module)
                        /home/tycho/git/NEORV32-SRAM/neorv32-sf2-with-envm/prj_dir/hdl/neorv32_intercon.vhd (N/A, 2024-10-03 12:26:36) <-- (architecture and entity definition)
                        /home/tycho/git/NEORV32-SRAM/neorv32-sf2-with-envm/prj_dir/hdl/neorv32_top.vhd (N/A, 2024-10-03 12:26:36) <-- (may instantiate this module)
24       neorv32.neorv32_cfs.neorv32_cfs_rtl may have changed because the following files changed:
                        /home/tycho/git/NEORV32-SRAM/neorv32-sf2-with-envm/prj_dir/component/work/top/top.vhd (N/A, 2024-10-03 12:26:36) <-- (may instantiate this module)
                        /home/tycho/git/NEORV32-SRAM/neorv32-sf2-with-envm/prj_dir/hdl/neorv32_ProcessorTop_Minimal.vhd (N/A, 2024-10-03 12:26:36) <-- (may instantiate this module)
                        /home/tycho/git/NEORV32-SRAM/neorv32-sf2-with-envm/prj_dir/hdl/neorv32_cfs.vhd (N/A, 2024-10-03 12:26:36) <-- (architecture and entity definition)
                        /home/tycho/git/NEORV32-SRAM/neorv32-sf2-with-envm/prj_dir/hdl/neorv32_top.vhd (N/A, 2024-10-03 12:26:36) <-- (may instantiate this module)
26       neorv32.neorv32_cpu.neorv32_cpu_rtl may have changed because the following files changed:
                        /home/tycho/git/NEORV32-SRAM/neorv32-sf2-with-envm/prj_dir/component/work/top/top.vhd (N/A, 2024-10-03 12:26:36) <-- (may instantiate this module)
                        /home/tycho/git/NEORV32-SRAM/neorv32-sf2-with-envm/prj_dir/hdl/neorv32_ProcessorTop_Minimal.vhd (N/A, 2024-10-03 12:26:36) <-- (may instantiate this module)
                        /home/tycho/git/NEORV32-SRAM/neorv32-sf2-with-envm/prj_dir/hdl/neorv32_cpu.vhd (N/A, 2024-10-03 12:26:36) <-- (architecture and entity definition)
                        /home/tycho/git/NEORV32-SRAM/neorv32-sf2-with-envm/prj_dir/hdl/neorv32_top.vhd (N/A, 2024-10-03 12:26:36) <-- (may instantiate this module)
28       neorv32.neorv32_cpu_alu.neorv32_cpu_cpu_rtl may have changed because the following files changed:
                        /home/tycho/git/NEORV32-SRAM/neorv32-sf2-with-envm/prj_dir/component/work/top/top.vhd (N/A, 2024-10-03 12:26:36) <-- (may instantiate this module)
                        /home/tycho/git/NEORV32-SRAM/neorv32-sf2-with-envm/prj_dir/hdl/neorv32_ProcessorTop_Minimal.vhd (N/A, 2024-10-03 12:26:36) <-- (may instantiate this module)
                        /home/tycho/git/NEORV32-SRAM/neorv32-sf2-with-envm/prj_dir/hdl/neorv32_cpu.vhd (N/A, 2024-10-03 12:26:36) <-- (may instantiate this module)
                        /home/tycho/git/NEORV32-SRAM/neorv32-sf2-with-envm/prj_dir/hdl/neorv32_cpu_alu.vhd (N/A, 2024-10-03 12:26:36) <-- (architecture and entity definition)
                        /home/tycho/git/NEORV32-SRAM/neorv32-sf2-with-envm/prj_dir/hdl/neorv32_top.vhd (N/A, 2024-10-03 12:26:36) <-- (may instantiate this module)
30       neorv32.neorv32_cpu_control.neorv32_cpu_control_rtl may have changed because the following files changed:
                        /home/tycho/git/NEORV32-SRAM/neorv32-sf2-with-envm/prj_dir/component/work/top/top.vhd (N/A, 2024-10-03 12:26:36) <-- (may instantiate this module)
                        /home/tycho/git/NEORV32-SRAM/neorv32-sf2-with-envm/prj_dir/hdl/neorv32_ProcessorTop_Minimal.vhd (N/A, 2024-10-03 12:26:36) <-- (may instantiate this module)
                        /home/tycho/git/NEORV32-SRAM/neorv32-sf2-with-envm/prj_dir/hdl/neorv32_cpu.vhd (N/A, 2024-10-03 12:26:36) <-- (may instantiate this module)
                        /home/tycho/git/NEORV32-SRAM/neorv32-sf2-with-envm/prj_dir/hdl/neorv32_cpu_control.vhd (N/A, 2024-10-03 12:26:36) <-- (architecture and entity definition)
                        /home/tycho/git/NEORV32-SRAM/neorv32-sf2-with-envm/prj_dir/hdl/neorv32_top.vhd (N/A, 2024-10-03 12:26:36) <-- (may instantiate this module)
32       neorv32.neorv32_cpu_cp_bitmanip.neorv32_cpu_cp_bitmanip_rtl may have changed because the following files changed:
                        /home/tycho/git/NEORV32-SRAM/neorv32-sf2-with-envm/prj_dir/component/work/top/top.vhd (N/A, 2024-10-03 12:26:36) <-- (may instantiate this module)
                        /home/tycho/git/NEORV32-SRAM/neorv32-sf2-with-envm/prj_dir/hdl/neorv32_ProcessorTop_Minimal.vhd (N/A, 2024-10-03 12:26:36) <-- (may instantiate this module)
                        /home/tycho/git/NEORV32-SRAM/neorv32-sf2-with-envm/prj_dir/hdl/neorv32_cpu.vhd (N/A, 2024-10-03 12:26:36) <-- (may instantiate this module)
                        /home/tycho/git/NEORV32-SRAM/neorv32-sf2-with-envm/prj_dir/hdl/neorv32_cpu_alu.vhd (N/A, 2024-10-03 12:26:36) <-- (may instantiate this module)
                        /home/tycho/git/NEORV32-SRAM/neorv32-sf2-with-envm/prj_dir/hdl/neorv32_cpu_cp_bitmanip.vhd (N/A, 2024-10-03 12:26:36) <-- (architecture and entity definition)
                        /home/tycho/git/NEORV32-SRAM/neorv32-sf2-with-envm/prj_dir/hdl/neorv32_top.vhd (N/A, 2024-10-03 12:26:36) <-- (may instantiate this module)
34       neorv32.neorv32_cpu_cp_cfu.neorv32_cpu_cp_cfu_rtl may have changed because the following files changed:
                        /home/tycho/git/NEORV32-SRAM/neorv32-sf2-with-envm/prj_dir/component/work/top/top.vhd (N/A, 2024-10-03 12:26:36) <-- (may instantiate this module)
                        /home/tycho/git/NEORV32-SRAM/neorv32-sf2-with-envm/prj_dir/hdl/neorv32_ProcessorTop_Minimal.vhd (N/A, 2024-10-03 12:26:36) <-- (may instantiate this module)
                        /home/tycho/git/NEORV32-SRAM/neorv32-sf2-with-envm/prj_dir/hdl/neorv32_cpu.vhd (N/A, 2024-10-03 12:26:36) <-- (may instantiate this module)
                        /home/tycho/git/NEORV32-SRAM/neorv32-sf2-with-envm/prj_dir/hdl/neorv32_cpu_alu.vhd (N/A, 2024-10-03 12:26:36) <-- (may instantiate this module)
                        /home/tycho/git/NEORV32-SRAM/neorv32-sf2-with-envm/prj_dir/hdl/neorv32_cpu_cp_cfu.vhd (N/A, 2024-10-03 12:26:36) <-- (architecture and entity definition)
                        /home/tycho/git/NEORV32-SRAM/neorv32-sf2-with-envm/prj_dir/hdl/neorv32_top.vhd (N/A, 2024-10-03 12:26:36) <-- (may instantiate this module)
36       neorv32.neorv32_cpu_cp_fpu.neorv32_cpu_cp_fpu_rtl may have changed because the following files changed:
                        /home/tycho/git/NEORV32-SRAM/neorv32-sf2-with-envm/prj_dir/component/work/top/top.vhd (N/A, 2024-10-03 12:26:36) <-- (may instantiate this module)
                        /home/tycho/git/NEORV32-SRAM/neorv32-sf2-with-envm/prj_dir/hdl/neorv32_ProcessorTop_Minimal.vhd (N/A, 2024-10-03 12:26:36) <-- (may instantiate this module)
                        /home/tycho/git/NEORV32-SRAM/neorv32-sf2-with-envm/prj_dir/hdl/neorv32_cpu.vhd (N/A, 2024-10-03 12:26:36) <-- (may instantiate this module)
                        /home/tycho/git/NEORV32-SRAM/neorv32-sf2-with-envm/prj_dir/hdl/neorv32_cpu_alu.vhd (N/A, 2024-10-03 12:26:36) <-- (may instantiate this module)
                        /home/tycho/git/NEORV32-SRAM/neorv32-sf2-with-envm/prj_dir/hdl/neorv32_cpu_cp_fpu.vhd (N/A, 2024-10-03 12:26:36) <-- (architecture and entity definition)
                        /home/tycho/git/NEORV32-SRAM/neorv32-sf2-with-envm/prj_dir/hdl/neorv32_top.vhd (N/A, 2024-10-03 12:26:36) <-- (may instantiate this module)
38       neorv32.neorv32_cpu_cp_fpu_f2i.neorv32_cpu_cp_fpu_f2i_rtl may have changed because the following files changed:
                        /home/tycho/git/NEORV32-SRAM/neorv32-sf2-with-envm/prj_dir/component/work/top/top.vhd (N/A, 2024-10-03 12:26:36) <-- (may instantiate this module)
                        /home/tycho/git/NEORV32-SRAM/neorv32-sf2-with-envm/prj_dir/hdl/neorv32_ProcessorTop_Minimal.vhd (N/A, 2024-10-03 12:26:36) <-- (may instantiate this module)
                        /home/tycho/git/NEORV32-SRAM/neorv32-sf2-with-envm/prj_dir/hdl/neorv32_cpu.vhd (N/A, 2024-10-03 12:26:36) <-- (may instantiate this module)
                        /home/tycho/git/NEORV32-SRAM/neorv32-sf2-with-envm/prj_dir/hdl/neorv32_cpu_alu.vhd (N/A, 2024-10-03 12:26:36) <-- (may instantiate this module)
                        /home/tycho/git/NEORV32-SRAM/neorv32-sf2-with-envm/prj_dir/hdl/neorv32_cpu_cp_fpu.vhd (N/A, 2024-10-03 12:26:36) <-- (architecture and entity definition)
                        /home/tycho/git/NEORV32-SRAM/neorv32-sf2-with-envm/prj_dir/hdl/neorv32_top.vhd (N/A, 2024-10-03 12:26:36) <-- (may instantiate this module)
40       neorv32.neorv32_cpu_cp_fpu_normalizer.neorv32_cpu_cp_fpu_normalizer_rtl may have changed because the following files changed:
                        /home/tycho/git/NEORV32-SRAM/neorv32-sf2-with-envm/prj_dir/component/work/top/top.vhd (N/A, 2024-10-03 12:26:36) <-- (may instantiate this module)
                        /home/tycho/git/NEORV32-SRAM/neorv32-sf2-with-envm/prj_dir/hdl/neorv32_ProcessorTop_Minimal.vhd (N/A, 2024-10-03 12:26:36) <-- (may instantiate this module)
                        /home/tycho/git/NEORV32-SRAM/neorv32-sf2-with-envm/prj_dir/hdl/neorv32_cpu.vhd (N/A, 2024-10-03 12:26:36) <-- (may instantiate this module)
                        /home/tycho/git/NEORV32-SRAM/neorv32-sf2-with-envm/prj_dir/hdl/neorv32_cpu_alu.vhd (N/A, 2024-10-03 12:26:36) <-- (may instantiate this module)
                        /home/tycho/git/NEORV32-SRAM/neorv32-sf2-with-envm/prj_dir/hdl/neorv32_cpu_cp_fpu.vhd (N/A, 2024-10-03 12:26:36) <-- (architecture and entity definition)
                        /home/tycho/git/NEORV32-SRAM/neorv32-sf2-with-envm/prj_dir/hdl/neorv32_top.vhd (N/A, 2024-10-03 12:26:36) <-- (may instantiate this module)
42       neorv32.neorv32_cpu_cp_muldiv.neorv32_cpu_cp_muldiv_rtl may have changed because the following files changed:
                        /home/tycho/git/NEORV32-SRAM/neorv32-sf2-with-envm/prj_dir/component/work/top/top.vhd (N/A, 2024-10-03 12:26:36) <-- (may instantiate this module)
                        /home/tycho/git/NEORV32-SRAM/neorv32-sf2-with-envm/prj_dir/hdl/neorv32_ProcessorTop_Minimal.vhd (N/A, 2024-10-03 12:26:36) <-- (may instantiate this module)
                        /home/tycho/git/NEORV32-SRAM/neorv32-sf2-with-envm/prj_dir/hdl/neorv32_cpu.vhd (N/A, 2024-10-03 12:26:36) <-- (may instantiate this module)
                        /home/tycho/git/NEORV32-SRAM/neorv32-sf2-with-envm/prj_dir/hdl/neorv32_cpu_alu.vhd (N/A, 2024-10-03 12:26:36) <-- (may instantiate this module)
                        /home/tycho/git/NEORV32-SRAM/neorv32-sf2-with-envm/prj_dir/hdl/neorv32_cpu_cp_muldiv.vhd (N/A, 2024-10-03 12:26:36) <-- (architecture and entity definition)
                        /home/tycho/git/NEORV32-SRAM/neorv32-sf2-with-envm/prj_dir/hdl/neorv32_top.vhd (N/A, 2024-10-03 12:26:36) <-- (may instantiate this module)
44       neorv32.neorv32_cpu_cp_shifter.neorv32_cpu_cp_shifter_rtl may have changed because the following files changed:
                        /home/tycho/git/NEORV32-SRAM/neorv32-sf2-with-envm/prj_dir/component/work/top/top.vhd (N/A, 2024-10-03 12:26:36) <-- (may instantiate this module)
                        /home/tycho/git/NEORV32-SRAM/neorv32-sf2-with-envm/prj_dir/hdl/neorv32_ProcessorTop_Minimal.vhd (N/A, 2024-10-03 12:26:36) <-- (may instantiate this module)
                        /home/tycho/git/NEORV32-SRAM/neorv32-sf2-with-envm/prj_dir/hdl/neorv32_cpu.vhd (N/A, 2024-10-03 12:26:36) <-- (may instantiate this module)
                        /home/tycho/git/NEORV32-SRAM/neorv32-sf2-with-envm/prj_dir/hdl/neorv32_cpu_alu.vhd (N/A, 2024-10-03 12:26:36) <-- (may instantiate this module)
                        /home/tycho/git/NEORV32-SRAM/neorv32-sf2-with-envm/prj_dir/hdl/neorv32_cpu_cp_shifter.vhd (N/A, 2024-10-03 12:26:36) <-- (architecture and entity definition)
                        /home/tycho/git/NEORV32-SRAM/neorv32-sf2-with-envm/prj_dir/hdl/neorv32_top.vhd (N/A, 2024-10-03 12:26:36) <-- (may instantiate this module)
46       neorv32.neorv32_cpu_decompressor.neorv32_cpu_decompressor_rtl may have changed because the following files changed:
                        /home/tycho/git/NEORV32-SRAM/neorv32-sf2-with-envm/prj_dir/component/work/top/top.vhd (N/A, 2024-10-03 12:26:36) <-- (may instantiate this module)
                        /home/tycho/git/NEORV32-SRAM/neorv32-sf2-with-envm/prj_dir/hdl/neorv32_ProcessorTop_Minimal.vhd (N/A, 2024-10-03 12:26:36) <-- (may instantiate this module)
                        /home/tycho/git/NEORV32-SRAM/neorv32-sf2-with-envm/prj_dir/hdl/neorv32_cpu.vhd (N/A, 2024-10-03 12:26:36) <-- (may instantiate this module)
                        /home/tycho/git/NEORV32-SRAM/neorv32-sf2-with-envm/prj_dir/hdl/neorv32_cpu_control.vhd (N/A, 2024-10-03 12:26:36) <-- (may instantiate this module)
                        /home/tycho/git/NEORV32-SRAM/neorv32-sf2-with-envm/prj_dir/hdl/neorv32_cpu_decompressor.vhd (N/A, 2024-10-03 12:26:36) <-- (architecture and entity definition)
                        /home/tycho/git/NEORV32-SRAM/neorv32-sf2-with-envm/prj_dir/hdl/neorv32_top.vhd (N/A, 2024-10-03 12:26:36) <-- (may instantiate this module)
48       neorv32.neorv32_cpu_lsu.neorv32_cpu_lsu_rtl may have changed because the following files changed:
                        /home/tycho/git/NEORV32-SRAM/neorv32-sf2-with-envm/prj_dir/component/work/top/top.vhd (N/A, 2024-10-03 12:26:36) <-- (may instantiate this module)
                        /home/tycho/git/NEORV32-SRAM/neorv32-sf2-with-envm/prj_dir/hdl/neorv32_ProcessorTop_Minimal.vhd (N/A, 2024-10-03 12:26:36) <-- (may instantiate this module)
                        /home/tycho/git/NEORV32-SRAM/neorv32-sf2-with-envm/prj_dir/hdl/neorv32_cpu.vhd (N/A, 2024-10-03 12:26:36) <-- (may instantiate this module)
                        /home/tycho/git/NEORV32-SRAM/neorv32-sf2-with-envm/prj_dir/hdl/neorv32_cpu_lsu.vhd (N/A, 2024-10-03 12:26:36) <-- (architecture and entity definition)
                        /home/tycho/git/NEORV32-SRAM/neorv32-sf2-with-envm/prj_dir/hdl/neorv32_top.vhd (N/A, 2024-10-03 12:26:36) <-- (may instantiate this module)
50       neorv32.neorv32_cpu_pmp.neorv32_cpu_pmp_rtl may have changed because the following files changed:
                        /home/tycho/git/NEORV32-SRAM/neorv32-sf2-with-envm/prj_dir/component/work/top/top.vhd (N/A, 2024-10-03 12:26:36) <-- (may instantiate this module)
                        /home/tycho/git/NEORV32-SRAM/neorv32-sf2-with-envm/prj_dir/hdl/neorv32_ProcessorTop_Minimal.vhd (N/A, 2024-10-03 12:26:36) <-- (may instantiate this module)
                        /home/tycho/git/NEORV32-SRAM/neorv32-sf2-with-envm/prj_dir/hdl/neorv32_cpu.vhd (N/A, 2024-10-03 12:26:36) <-- (may instantiate this module)
                        /home/tycho/git/NEORV32-SRAM/neorv32-sf2-with-envm/prj_dir/hdl/neorv32_cpu_pmp.vhd (N/A, 2024-10-03 12:26:36) <-- (architecture and entity definition)
                        /home/tycho/git/NEORV32-SRAM/neorv32-sf2-with-envm/prj_dir/hdl/neorv32_top.vhd (N/A, 2024-10-03 12:26:36) <-- (may instantiate this module)
52       neorv32.neorv32_cpu_regfile.neorv32_cpu_regfile_rtl may have changed because the following files changed:
                        /home/tycho/git/NEORV32-SRAM/neorv32-sf2-with-envm/prj_dir/component/work/top/top.vhd (N/A, 2024-10-03 12:26:36) <-- (may instantiate this module)
                        /home/tycho/git/NEORV32-SRAM/neorv32-sf2-with-envm/prj_dir/hdl/neorv32_ProcessorTop_Minimal.vhd (N/A, 2024-10-03 12:26:36) <-- (may instantiate this module)
                        /home/tycho/git/NEORV32-SRAM/neorv32-sf2-with-envm/prj_dir/hdl/neorv32_cpu.vhd (N/A, 2024-10-03 12:26:36) <-- (may instantiate this module)
                        /home/tycho/git/NEORV32-SRAM/neorv32-sf2-with-envm/prj_dir/hdl/neorv32_cpu_regfile.vhd (N/A, 2024-10-03 12:26:36) <-- (architecture and entity definition)
                        /home/tycho/git/NEORV32-SRAM/neorv32-sf2-with-envm/prj_dir/hdl/neorv32_top.vhd (N/A, 2024-10-03 12:26:36) <-- (may instantiate this module)
54       neorv32.neorv32_crc.neorv32_crc_rtl may have changed because the following files changed:
                        /home/tycho/git/NEORV32-SRAM/neorv32-sf2-with-envm/prj_dir/component/work/top/top.vhd (N/A, 2024-10-03 12:26:36) <-- (may instantiate this module)
                        /home/tycho/git/NEORV32-SRAM/neorv32-sf2-with-envm/prj_dir/hdl/neorv32_ProcessorTop_Minimal.vhd (N/A, 2024-10-03 12:26:36) <-- (may instantiate this module)
                        /home/tycho/git/NEORV32-SRAM/neorv32-sf2-with-envm/prj_dir/hdl/neorv32_crc.vhd (N/A, 2024-10-03 12:26:36) <-- (architecture and entity definition)
                        /home/tycho/git/NEORV32-SRAM/neorv32-sf2-with-envm/prj_dir/hdl/neorv32_top.vhd (N/A, 2024-10-03 12:26:36) <-- (may instantiate this module)
56       neorv32.neorv32_dcache.neorv32_dcache_rtl may have changed because the following files changed:
                        /home/tycho/git/NEORV32-SRAM/neorv32-sf2-with-envm/prj_dir/component/work/top/top.vhd (N/A, 2024-10-03 12:26:36) <-- (may instantiate this module)
                        /home/tycho/git/NEORV32-SRAM/neorv32-sf2-with-envm/prj_dir/hdl/neorv32_ProcessorTop_Minimal.vhd (N/A, 2024-10-03 12:26:36) <-- (may instantiate this module)
                        /home/tycho/git/NEORV32-SRAM/neorv32-sf2-with-envm/prj_dir/hdl/neorv32_dcache.vhd (N/A, 2024-10-03 12:26:36) <-- (architecture and entity definition)
                        /home/tycho/git/NEORV32-SRAM/neorv32-sf2-with-envm/prj_dir/hdl/neorv32_top.vhd (N/A, 2024-10-03 12:26:36) <-- (may instantiate this module)
58       neorv32.neorv32_dcache_memory.neorv32_dcache_memory_rtl may have changed because the following files changed:
                        /home/tycho/git/NEORV32-SRAM/neorv32-sf2-with-envm/prj_dir/component/work/top/top.vhd (N/A, 2024-10-03 12:26:36) <-- (may instantiate this module)
                        /home/tycho/git/NEORV32-SRAM/neorv32-sf2-with-envm/prj_dir/hdl/neorv32_ProcessorTop_Minimal.vhd (N/A, 2024-10-03 12:26:36) <-- (may instantiate this module)
                        /home/tycho/git/NEORV32-SRAM/neorv32-sf2-with-envm/prj_dir/hdl/neorv32_dcache.vhd (N/A, 2024-10-03 12:26:36) <-- (architecture and entity definition)
                        /home/tycho/git/NEORV32-SRAM/neorv32-sf2-with-envm/prj_dir/hdl/neorv32_top.vhd (N/A, 2024-10-03 12:26:36) <-- (may instantiate this module)
60       neorv32.neorv32_debug_dm.neorv32_debug_dm_rtl may have changed because the following files changed:
                        /home/tycho/git/NEORV32-SRAM/neorv32-sf2-with-envm/prj_dir/component/work/top/top.vhd (N/A, 2024-10-03 12:26:36) <-- (may instantiate this module)
                        /home/tycho/git/NEORV32-SRAM/neorv32-sf2-with-envm/prj_dir/hdl/neorv32_ProcessorTop_Minimal.vhd (N/A, 2024-10-03 12:26:36) <-- (may instantiate this module)
                        /home/tycho/git/NEORV32-SRAM/neorv32-sf2-with-envm/prj_dir/hdl/neorv32_debug_dm.vhd (N/A, 2024-10-03 12:26:36) <-- (architecture and entity definition)
                        /home/tycho/git/NEORV32-SRAM/neorv32-sf2-with-envm/prj_dir/hdl/neorv32_top.vhd (N/A, 2024-10-03 12:26:36) <-- (may instantiate this module)
62       neorv32.neorv32_debug_dtm.neorv32_debug_dtm_rtl may have changed because the following files changed:
                        /home/tycho/git/NEORV32-SRAM/neorv32-sf2-with-envm/prj_dir/component/work/top/top.vhd (N/A, 2024-10-03 12:26:36) <-- (may instantiate this module)
                        /home/tycho/git/NEORV32-SRAM/neorv32-sf2-with-envm/prj_dir/hdl/neorv32_ProcessorTop_Minimal.vhd (N/A, 2024-10-03 12:26:36) <-- (may instantiate this module)
                        /home/tycho/git/NEORV32-SRAM/neorv32-sf2-with-envm/prj_dir/hdl/neorv32_debug_dtm.vhd (N/A, 2024-10-03 12:26:36) <-- (architecture and entity definition)
                        /home/tycho/git/NEORV32-SRAM/neorv32-sf2-with-envm/prj_dir/hdl/neorv32_top.vhd (N/A, 2024-10-03 12:26:36) <-- (may instantiate this module)
64       neorv32.neorv32_dma.neorv32_dma_rtl may have changed because the following files changed:
                        /home/tycho/git/NEORV32-SRAM/neorv32-sf2-with-envm/prj_dir/component/work/top/top.vhd (N/A, 2024-10-03 12:26:36) <-- (may instantiate this module)
                        /home/tycho/git/NEORV32-SRAM/neorv32-sf2-with-envm/prj_dir/hdl/neorv32_ProcessorTop_Minimal.vhd (N/A, 2024-10-03 12:26:36) <-- (may instantiate this module)
                        /home/tycho/git/NEORV32-SRAM/neorv32-sf2-with-envm/prj_dir/hdl/neorv32_dma.vhd (N/A, 2024-10-03 12:26:36) <-- (architecture and entity definition)
                        /home/tycho/git/NEORV32-SRAM/neorv32-sf2-with-envm/prj_dir/hdl/neorv32_top.vhd (N/A, 2024-10-03 12:26:36) <-- (may instantiate this module)
66       neorv32.neorv32_dmem.neorv32_dmem_rtl may have changed because the following files changed:
                        /home/tycho/git/NEORV32-SRAM/neorv32-sf2-with-envm/prj_dir/component/work/top/top.vhd (N/A, 2024-10-03 12:26:36) <-- (may instantiate this module)
                        /home/tycho/git/NEORV32-SRAM/neorv32-sf2-with-envm/prj_dir/hdl/neorv32_ProcessorTop_Minimal.vhd (N/A, 2024-10-03 12:26:36) <-- (may instantiate this module)
                        /home/tycho/git/NEORV32-SRAM/neorv32-sf2-with-envm/prj_dir/hdl/neorv32_dmem.default.vhd (N/A, 2024-10-03 12:26:36) <-- (architecture definition)
                        /home/tycho/git/NEORV32-SRAM/neorv32-sf2-with-envm/prj_dir/hdl/neorv32_top.vhd (N/A, 2024-10-03 12:26:36) <-- (may instantiate this module)
68       neorv32.neorv32_fifo.neorv32_fifo_rtl may have changed because the following files changed:
                        /home/tycho/git/NEORV32-SRAM/neorv32-sf2-with-envm/prj_dir/component/work/top/top.vhd (N/A, 2024-10-03 12:26:36) <-- (may instantiate this module)
                        /home/tycho/git/NEORV32-SRAM/neorv32-sf2-with-envm/prj_dir/hdl/neorv32_ProcessorTop_Minimal.vhd (N/A, 2024-10-03 12:26:36) <-- (may instantiate this module)
                        /home/tycho/git/NEORV32-SRAM/neorv32-sf2-with-envm/prj_dir/hdl/neorv32_cpu.vhd (N/A, 2024-10-03 12:26:36) <-- (may instantiate this module)
                        /home/tycho/git/NEORV32-SRAM/neorv32-sf2-with-envm/prj_dir/hdl/neorv32_cpu_control.vhd (N/A, 2024-10-03 12:26:36) <-- (may instantiate this module)
                        /home/tycho/git/NEORV32-SRAM/neorv32-sf2-with-envm/prj_dir/hdl/neorv32_fifo.vhd (N/A, 2024-10-03 12:26:36) <-- (architecture and entity definition)
                        /home/tycho/git/NEORV32-SRAM/neorv32-sf2-with-envm/prj_dir/hdl/neorv32_neoled.vhd (N/A, 2024-10-03 12:26:36) <-- (may instantiate this module)
                        /home/tycho/git/NEORV32-SRAM/neorv32-sf2-with-envm/prj_dir/hdl/neorv32_sdi.vhd (N/A, 2024-10-03 12:26:36) <-- (may instantiate this module)
                        /home/tycho/git/NEORV32-SRAM/neorv32-sf2-with-envm/prj_dir/hdl/neorv32_slink.vhd (N/A, 2024-10-03 12:26:36) <-- (may instantiate this module)
                        /home/tycho/git/NEORV32-SRAM/neorv32-sf2-with-envm/prj_dir/hdl/neorv32_spi.vhd (N/A, 2024-10-03 12:26:36) <-- (may instantiate this module)
                        /home/tycho/git/NEORV32-SRAM/neorv32-sf2-with-envm/prj_dir/hdl/neorv32_top.vhd (N/A, 2024-10-03 12:26:36) <-- (may instantiate this module)
                        /home/tycho/git/NEORV32-SRAM/neorv32-sf2-with-envm/prj_dir/hdl/neorv32_trng.vhd (N/A, 2024-10-03 12:26:36) <-- (may instantiate this module)
                        /home/tycho/git/NEORV32-SRAM/neorv32-sf2-with-envm/prj_dir/hdl/neorv32_uart.vhd (N/A, 2024-10-03 12:26:36) <-- (may instantiate this module)
70       neorv32.neorv32_gpio.neorv32_gpio_rtl may have changed because the following files changed:
                        /home/tycho/git/NEORV32-SRAM/neorv32-sf2-with-envm/prj_dir/component/work/top/top.vhd (N/A, 2024-10-03 12:26:36) <-- (may instantiate this module)
                        /home/tycho/git/NEORV32-SRAM/neorv32-sf2-with-envm/prj_dir/hdl/neorv32_ProcessorTop_Minimal.vhd (N/A, 2024-10-03 12:26:36) <-- (may instantiate this module)
                        /home/tycho/git/NEORV32-SRAM/neorv32-sf2-with-envm/prj_dir/hdl/neorv32_gpio.vhd (N/A, 2024-10-03 12:26:36) <-- (architecture and entity definition)
                        /home/tycho/git/NEORV32-SRAM/neorv32-sf2-with-envm/prj_dir/hdl/neorv32_top.vhd (N/A, 2024-10-03 12:26:36) <-- (may instantiate this module)
72       neorv32.neorv32_gptmr.neorv32_gptmr_rtl may have changed because the following files changed:
                        /home/tycho/git/NEORV32-SRAM/neorv32-sf2-with-envm/prj_dir/component/work/top/top.vhd (N/A, 2024-10-03 12:26:36) <-- (may instantiate this module)
                        /home/tycho/git/NEORV32-SRAM/neorv32-sf2-with-envm/prj_dir/hdl/neorv32_ProcessorTop_Minimal.vhd (N/A, 2024-10-03 12:26:36) <-- (may instantiate this module)
                        /home/tycho/git/NEORV32-SRAM/neorv32-sf2-with-envm/prj_dir/hdl/neorv32_gptmr.vhd (N/A, 2024-10-03 12:26:36) <-- (architecture and entity definition)
                        /home/tycho/git/NEORV32-SRAM/neorv32-sf2-with-envm/prj_dir/hdl/neorv32_top.vhd (N/A, 2024-10-03 12:26:36) <-- (may instantiate this module)
74       neorv32.neorv32_icache.neorv32_icache_rtl may have changed because the following files changed:
                        /home/tycho/git/NEORV32-SRAM/neorv32-sf2-with-envm/prj_dir/component/work/top/top.vhd (N/A, 2024-10-03 12:26:36) <-- (may instantiate this module)
                        /home/tycho/git/NEORV32-SRAM/neorv32-sf2-with-envm/prj_dir/hdl/neorv32_ProcessorTop_Minimal.vhd (N/A, 2024-10-03 12:26:36) <-- (may instantiate this module)
                        /home/tycho/git/NEORV32-SRAM/neorv32-sf2-with-envm/prj_dir/hdl/neorv32_icache.vhd (N/A, 2024-10-03 12:26:36) <-- (architecture and entity definition)
                        /home/tycho/git/NEORV32-SRAM/neorv32-sf2-with-envm/prj_dir/hdl/neorv32_top.vhd (N/A, 2024-10-03 12:26:36) <-- (may instantiate this module)
76       neorv32.neorv32_icache_memory.neorv32_icache_memory_rtl may have changed because the following files changed:
                        /home/tycho/git/NEORV32-SRAM/neorv32-sf2-with-envm/prj_dir/component/work/top/top.vhd (N/A, 2024-10-03 12:26:36) <-- (may instantiate this module)
                        /home/tycho/git/NEORV32-SRAM/neorv32-sf2-with-envm/prj_dir/hdl/neorv32_ProcessorTop_Minimal.vhd (N/A, 2024-10-03 12:26:36) <-- (may instantiate this module)
                        /home/tycho/git/NEORV32-SRAM/neorv32-sf2-with-envm/prj_dir/hdl/neorv32_icache.vhd (N/A, 2024-10-03 12:26:36) <-- (architecture and entity definition)
                        /home/tycho/git/NEORV32-SRAM/neorv32-sf2-with-envm/prj_dir/hdl/neorv32_top.vhd (N/A, 2024-10-03 12:26:36) <-- (may instantiate this module)
78       neorv32.neorv32_imem.neorv32_imem_rtl may have changed because the following files changed:
                        /home/tycho/git/NEORV32-SRAM/neorv32-sf2-with-envm/prj_dir/hdl/neorv32_imem.default.vhd (N/A, 2024-10-03 12:26:36) <-- (architecture definition)
80       neorv32.neorv32_mtime.neorv32_mtime_rtl may have changed because the following files changed:
                        /home/tycho/git/NEORV32-SRAM/neorv32-sf2-with-envm/prj_dir/component/work/top/top.vhd (N/A, 2024-10-03 12:26:36) <-- (may instantiate this module)
                        /home/tycho/git/NEORV32-SRAM/neorv32-sf2-with-envm/prj_dir/hdl/neorv32_ProcessorTop_Minimal.vhd (N/A, 2024-10-03 12:26:36) <-- (may instantiate this module)
                        /home/tycho/git/NEORV32-SRAM/neorv32-sf2-with-envm/prj_dir/hdl/neorv32_mtime.vhd (N/A, 2024-10-03 12:26:36) <-- (architecture and entity definition)
                        /home/tycho/git/NEORV32-SRAM/neorv32-sf2-with-envm/prj_dir/hdl/neorv32_top.vhd (N/A, 2024-10-03 12:26:36) <-- (may instantiate this module)
82       neorv32.neorv32_neoled.neorv32_neoled_rtl may have changed because the following files changed:
                        /home/tycho/git/NEORV32-SRAM/neorv32-sf2-with-envm/prj_dir/component/work/top/top.vhd (N/A, 2024-10-03 12:26:36) <-- (may instantiate this module)
                        /home/tycho/git/NEORV32-SRAM/neorv32-sf2-with-envm/prj_dir/hdl/neorv32_ProcessorTop_Minimal.vhd (N/A, 2024-10-03 12:26:36) <-- (may instantiate this module)
                        /home/tycho/git/NEORV32-SRAM/neorv32-sf2-with-envm/prj_dir/hdl/neorv32_neoled.vhd (N/A, 2024-10-03 12:26:36) <-- (architecture and entity definition)
                        /home/tycho/git/NEORV32-SRAM/neorv32-sf2-with-envm/prj_dir/hdl/neorv32_top.vhd (N/A, 2024-10-03 12:26:36) <-- (may instantiate this module)
84       neorv32.neorv32_onewire.neorv32_onewire_rtl may have changed because the following files changed:
                        /home/tycho/git/NEORV32-SRAM/neorv32-sf2-with-envm/prj_dir/component/work/top/top.vhd (N/A, 2024-10-03 12:26:36) <-- (may instantiate this module)
                        /home/tycho/git/NEORV32-SRAM/neorv32-sf2-with-envm/prj_dir/hdl/neorv32_ProcessorTop_Minimal.vhd (N/A, 2024-10-03 12:26:36) <-- (may instantiate this module)
                        /home/tycho/git/NEORV32-SRAM/neorv32-sf2-with-envm/prj_dir/hdl/neorv32_onewire.vhd (N/A, 2024-10-03 12:26:36) <-- (architecture and entity definition)
                        /home/tycho/git/NEORV32-SRAM/neorv32-sf2-with-envm/prj_dir/hdl/neorv32_top.vhd (N/A, 2024-10-03 12:26:36) <-- (may instantiate this module)
86       neorv32.neorv32_pwm.neorv32_pwm_rtl may have changed because the following files changed:
                        /home/tycho/git/NEORV32-SRAM/neorv32-sf2-with-envm/prj_dir/component/work/top/top.vhd (N/A, 2024-10-03 12:26:36) <-- (may instantiate this module)
                        /home/tycho/git/NEORV32-SRAM/neorv32-sf2-with-envm/prj_dir/hdl/neorv32_ProcessorTop_Minimal.vhd (N/A, 2024-10-03 12:26:36) <-- (may instantiate this module)
                        /home/tycho/git/NEORV32-SRAM/neorv32-sf2-with-envm/prj_dir/hdl/neorv32_pwm.vhd (N/A, 2024-10-03 12:26:36) <-- (architecture and entity definition)
                        /home/tycho/git/NEORV32-SRAM/neorv32-sf2-with-envm/prj_dir/hdl/neorv32_top.vhd (N/A, 2024-10-03 12:26:36) <-- (may instantiate this module)
88       neorv32.neorv32_sdi.neorv32_sdi_rtl may have changed because the following files changed:
                        /home/tycho/git/NEORV32-SRAM/neorv32-sf2-with-envm/prj_dir/component/work/top/top.vhd (N/A, 2024-10-03 12:26:36) <-- (may instantiate this module)
                        /home/tycho/git/NEORV32-SRAM/neorv32-sf2-with-envm/prj_dir/hdl/neorv32_ProcessorTop_Minimal.vhd (N/A, 2024-10-03 12:26:36) <-- (may instantiate this module)
                        /home/tycho/git/NEORV32-SRAM/neorv32-sf2-with-envm/prj_dir/hdl/neorv32_sdi.vhd (N/A, 2024-10-03 12:26:36) <-- (architecture and entity definition)
                        /home/tycho/git/NEORV32-SRAM/neorv32-sf2-with-envm/prj_dir/hdl/neorv32_top.vhd (N/A, 2024-10-03 12:26:36) <-- (may instantiate this module)
90       neorv32.neorv32_slink.neorv32_slink_rtl may have changed because the following files changed:
                        /home/tycho/git/NEORV32-SRAM/neorv32-sf2-with-envm/prj_dir/component/work/top/top.vhd (N/A, 2024-10-03 12:26:36) <-- (may instantiate this module)
                        /home/tycho/git/NEORV32-SRAM/neorv32-sf2-with-envm/prj_dir/hdl/neorv32_ProcessorTop_Minimal.vhd (N/A, 2024-10-03 12:26:36) <-- (may instantiate this module)
                        /home/tycho/git/NEORV32-SRAM/neorv32-sf2-with-envm/prj_dir/hdl/neorv32_slink.vhd (N/A, 2024-10-03 12:26:36) <-- (architecture and entity definition)
                        /home/tycho/git/NEORV32-SRAM/neorv32-sf2-with-envm/prj_dir/hdl/neorv32_top.vhd (N/A, 2024-10-03 12:26:36) <-- (may instantiate this module)
92       neorv32.neorv32_spi.neorv32_spi_rtl may have changed because the following files changed:
                        /home/tycho/git/NEORV32-SRAM/neorv32-sf2-with-envm/prj_dir/component/work/top/top.vhd (N/A, 2024-10-03 12:26:36) <-- (may instantiate this module)
                        /home/tycho/git/NEORV32-SRAM/neorv32-sf2-with-envm/prj_dir/hdl/neorv32_ProcessorTop_Minimal.vhd (N/A, 2024-10-03 12:26:36) <-- (may instantiate this module)
                        /home/tycho/git/NEORV32-SRAM/neorv32-sf2-with-envm/prj_dir/hdl/neorv32_spi.vhd (N/A, 2024-10-03 12:26:36) <-- (architecture and entity definition)
                        /home/tycho/git/NEORV32-SRAM/neorv32-sf2-with-envm/prj_dir/hdl/neorv32_top.vhd (N/A, 2024-10-03 12:26:36) <-- (may instantiate this module)
94       neorv32.neorv32_sysinfo.neorv32_sysinfo_rtl may have changed because the following files changed:
                        /home/tycho/git/NEORV32-SRAM/neorv32-sf2-with-envm/prj_dir/component/work/top/top.vhd (N/A, 2024-10-03 12:26:36) <-- (may instantiate this module)
                        /home/tycho/git/NEORV32-SRAM/neorv32-sf2-with-envm/prj_dir/hdl/neorv32_ProcessorTop_Minimal.vhd (N/A, 2024-10-03 12:26:36) <-- (may instantiate this module)
                        /home/tycho/git/NEORV32-SRAM/neorv32-sf2-with-envm/prj_dir/hdl/neorv32_sysinfo.vhd (N/A, 2024-10-03 12:26:36) <-- (architecture and entity definition)
                        /home/tycho/git/NEORV32-SRAM/neorv32-sf2-with-envm/prj_dir/hdl/neorv32_top.vhd (N/A, 2024-10-03 12:26:36) <-- (may instantiate this module)
96       neorv32.neorv32_top.neorv32_top_rtl may have changed because the following files changed:
                        /home/tycho/git/NEORV32-SRAM/neorv32-sf2-with-envm/prj_dir/component/work/top/top.vhd (N/A, 2024-10-03 12:26:36) <-- (may instantiate this module)
                        /home/tycho/git/NEORV32-SRAM/neorv32-sf2-with-envm/prj_dir/hdl/neorv32_ProcessorTop_Minimal.vhd (N/A, 2024-10-03 12:26:36) <-- (may instantiate this module)
                        /home/tycho/git/NEORV32-SRAM/neorv32-sf2-with-envm/prj_dir/hdl/neorv32_top.vhd (N/A, 2024-10-03 12:26:36) <-- (architecture and entity definition)
98       neorv32.neorv32_trng.neorv32_trng_rtl may have changed because the following files changed:
                        /home/tycho/git/NEORV32-SRAM/neorv32-sf2-with-envm/prj_dir/component/work/top/top.vhd (N/A, 2024-10-03 12:26:36) <-- (may instantiate this module)
                        /home/tycho/git/NEORV32-SRAM/neorv32-sf2-with-envm/prj_dir/hdl/neorv32_ProcessorTop_Minimal.vhd (N/A, 2024-10-03 12:26:36) <-- (may instantiate this module)
                        /home/tycho/git/NEORV32-SRAM/neorv32-sf2-with-envm/prj_dir/hdl/neorv32_top.vhd (N/A, 2024-10-03 12:26:36) <-- (may instantiate this module)
                        /home/tycho/git/NEORV32-SRAM/neorv32-sf2-with-envm/prj_dir/hdl/neorv32_trng.vhd (N/A, 2024-10-03 12:26:36) <-- (architecture and entity definition)
100      neorv32.neorv32_twi.neorv32_twi_rtl may have changed because the following files changed:
                        /home/tycho/git/NEORV32-SRAM/neorv32-sf2-with-envm/prj_dir/component/work/top/top.vhd (N/A, 2024-10-03 12:26:36) <-- (may instantiate this module)
                        /home/tycho/git/NEORV32-SRAM/neorv32-sf2-with-envm/prj_dir/hdl/neorv32_ProcessorTop_Minimal.vhd (N/A, 2024-10-03 12:26:36) <-- (may instantiate this module)
                        /home/tycho/git/NEORV32-SRAM/neorv32-sf2-with-envm/prj_dir/hdl/neorv32_top.vhd (N/A, 2024-10-03 12:26:36) <-- (may instantiate this module)
                        /home/tycho/git/NEORV32-SRAM/neorv32-sf2-with-envm/prj_dir/hdl/neorv32_twi.vhd (N/A, 2024-10-03 12:26:36) <-- (architecture and entity definition)
102      neorv32.neorv32_uart.neorv32_uart_rtl may have changed because the following files changed:
                        /home/tycho/git/NEORV32-SRAM/neorv32-sf2-with-envm/prj_dir/component/work/top/top.vhd (N/A, 2024-10-03 12:26:36) <-- (may instantiate this module)
                        /home/tycho/git/NEORV32-SRAM/neorv32-sf2-with-envm/prj_dir/hdl/neorv32_ProcessorTop_Minimal.vhd (N/A, 2024-10-03 12:26:36) <-- (may instantiate this module)
                        /home/tycho/git/NEORV32-SRAM/neorv32-sf2-with-envm/prj_dir/hdl/neorv32_top.vhd (N/A, 2024-10-03 12:26:36) <-- (may instantiate this module)
                        /home/tycho/git/NEORV32-SRAM/neorv32-sf2-with-envm/prj_dir/hdl/neorv32_uart.vhd (N/A, 2024-10-03 12:26:36) <-- (architecture and entity definition)
104      neorv32.neorv32_wdt.neorv32_wdt_rtl may have changed because the following files changed:
                        /home/tycho/git/NEORV32-SRAM/neorv32-sf2-with-envm/prj_dir/component/work/top/top.vhd (N/A, 2024-10-03 12:26:36) <-- (may instantiate this module)
                        /home/tycho/git/NEORV32-SRAM/neorv32-sf2-with-envm/prj_dir/hdl/neorv32_ProcessorTop_Minimal.vhd (N/A, 2024-10-03 12:26:36) <-- (may instantiate this module)
                        /home/tycho/git/NEORV32-SRAM/neorv32-sf2-with-envm/prj_dir/hdl/neorv32_top.vhd (N/A, 2024-10-03 12:26:36) <-- (may instantiate this module)
                        /home/tycho/git/NEORV32-SRAM/neorv32-sf2-with-envm/prj_dir/hdl/neorv32_wdt.vhd (N/A, 2024-10-03 12:26:36) <-- (architecture and entity definition)
106      neorv32.neorv32_wishbone.neorv32_wishbone_rtl may have changed because the following files changed:
                        /home/tycho/git/NEORV32-SRAM/neorv32-sf2-with-envm/prj_dir/component/work/top/top.vhd (N/A, 2024-10-03 12:26:36) <-- (may instantiate this module)
                        /home/tycho/git/NEORV32-SRAM/neorv32-sf2-with-envm/prj_dir/hdl/neorv32_ProcessorTop_Minimal.vhd (N/A, 2024-10-03 12:26:36) <-- (may instantiate this module)
                        /home/tycho/git/NEORV32-SRAM/neorv32-sf2-with-envm/prj_dir/hdl/neorv32_top.vhd (N/A, 2024-10-03 12:26:36) <-- (may instantiate this module)
                        /home/tycho/git/NEORV32-SRAM/neorv32-sf2-with-envm/prj_dir/hdl/neorv32_wishbone.vhd (N/A, 2024-10-03 12:26:36) <-- (architecture and entity definition)
108      neorv32.neorv32_xip.neorv32_xip_rtl may have changed because the following files changed:
                        /home/tycho/git/NEORV32-SRAM/neorv32-sf2-with-envm/prj_dir/component/work/top/top.vhd (N/A, 2024-10-03 12:26:36) <-- (may instantiate this module)
                        /home/tycho/git/NEORV32-SRAM/neorv32-sf2-with-envm/prj_dir/hdl/neorv32_ProcessorTop_Minimal.vhd (N/A, 2024-10-03 12:26:36) <-- (may instantiate this module)
                        /home/tycho/git/NEORV32-SRAM/neorv32-sf2-with-envm/prj_dir/hdl/neorv32_top.vhd (N/A, 2024-10-03 12:26:36) <-- (may instantiate this module)
                        /home/tycho/git/NEORV32-SRAM/neorv32-sf2-with-envm/prj_dir/hdl/neorv32_xip.vhd (N/A, 2024-10-03 12:26:36) <-- (architecture and entity definition)
110      neorv32.neorv32_xip_phy.neorv32_xip_phy_rtl may have changed because the following files changed:
                        /home/tycho/git/NEORV32-SRAM/neorv32-sf2-with-envm/prj_dir/component/work/top/top.vhd (N/A, 2024-10-03 12:26:36) <-- (may instantiate this module)
                        /home/tycho/git/NEORV32-SRAM/neorv32-sf2-with-envm/prj_dir/hdl/neorv32_ProcessorTop_Minimal.vhd (N/A, 2024-10-03 12:26:36) <-- (may instantiate this module)
                        /home/tycho/git/NEORV32-SRAM/neorv32-sf2-with-envm/prj_dir/hdl/neorv32_top.vhd (N/A, 2024-10-03 12:26:36) <-- (may instantiate this module)
                        /home/tycho/git/NEORV32-SRAM/neorv32-sf2-with-envm/prj_dir/hdl/neorv32_xip.vhd (N/A, 2024-10-03 12:26:36) <-- (architecture and entity definition)
112      neorv32.neorv32_xirq.neorv32_xirq_rtl may have changed because the following files changed:
                        /home/tycho/git/NEORV32-SRAM/neorv32-sf2-with-envm/prj_dir/component/work/top/top.vhd (N/A, 2024-10-03 12:26:36) <-- (may instantiate this module)
                        /home/tycho/git/NEORV32-SRAM/neorv32-sf2-with-envm/prj_dir/hdl/neorv32_ProcessorTop_Minimal.vhd (N/A, 2024-10-03 12:26:36) <-- (may instantiate this module)
                        /home/tycho/git/NEORV32-SRAM/neorv32-sf2-with-envm/prj_dir/hdl/neorv32_top.vhd (N/A, 2024-10-03 12:26:36) <-- (may instantiate this module)
                        /home/tycho/git/NEORV32-SRAM/neorv32-sf2-with-envm/prj_dir/hdl/neorv32_xirq.vhd (N/A, 2024-10-03 12:26:36) <-- (architecture and entity definition)
114      neorv32.neotrng.neotrng_rtl may have changed because the following files changed:
                        /home/tycho/git/NEORV32-SRAM/neorv32-sf2-with-envm/prj_dir/component/work/top/top.vhd (N/A, 2024-10-03 12:26:36) <-- (may instantiate this module)
                        /home/tycho/git/NEORV32-SRAM/neorv32-sf2-with-envm/prj_dir/hdl/neorv32_ProcessorTop_Minimal.vhd (N/A, 2024-10-03 12:26:36) <-- (may instantiate this module)
                        /home/tycho/git/NEORV32-SRAM/neorv32-sf2-with-envm/prj_dir/hdl/neorv32_top.vhd (N/A, 2024-10-03 12:26:36) <-- (may instantiate this module)
                        /home/tycho/git/NEORV32-SRAM/neorv32-sf2-with-envm/prj_dir/hdl/neorv32_trng.vhd (N/A, 2024-10-03 12:26:36) <-- (architecture and entity definition)
116      neorv32.neotrng_cell.neotrng_cell_rtl may have changed because the following files changed:
                        /home/tycho/git/NEORV32-SRAM/neorv32-sf2-with-envm/prj_dir/component/work/top/top.vhd (N/A, 2024-10-03 12:26:36) <-- (may instantiate this module)
                        /home/tycho/git/NEORV32-SRAM/neorv32-sf2-with-envm/prj_dir/hdl/neorv32_ProcessorTop_Minimal.vhd (N/A, 2024-10-03 12:26:36) <-- (may instantiate this module)
                        /home/tycho/git/NEORV32-SRAM/neorv32-sf2-with-envm/prj_dir/hdl/neorv32_top.vhd (N/A, 2024-10-03 12:26:36) <-- (may instantiate this module)
                        /home/tycho/git/NEORV32-SRAM/neorv32-sf2-with-envm/prj_dir/hdl/neorv32_trng.vhd (N/A, 2024-10-03 12:26:36) <-- (architecture and entity definition)
118      work.coreresetp.rtl may have changed because the following files changed:
                        /home/tycho/git/NEORV32-SRAM/neorv32-sf2-with-envm/prj_dir/component/Actel/DirectCore/CoreResetP/7.1.100/rtl/vhdl/core/coreresetp.vhd (N/A, 2024-10-03 12:26:36) <-- (architecture and entity definition)
                        /home/tycho/git/NEORV32-SRAM/neorv32-sf2-with-envm/prj_dir/component/work/top/top.vhd (N/A, 2024-10-03 12:26:36) <-- (may instantiate this module)
                        /home/tycho/git/NEORV32-SRAM/neorv32-sf2-with-envm/prj_dir/component/work/top_sb/top_sb.vhd (N/A, 2024-10-03 12:26:36) <-- (may instantiate this module)
120      work.coreresetp_pcie_hotreset.rtl may have changed because the following files changed:
                        /home/tycho/git/NEORV32-SRAM/neorv32-sf2-with-envm/prj_dir/component/Actel/DirectCore/CoreResetP/7.1.100/rtl/vhdl/core/coreresetp.vhd (N/A, 2024-10-03 12:26:36) <-- (may instantiate this module)
                        /home/tycho/git/NEORV32-SRAM/neorv32-sf2-with-envm/prj_dir/component/Actel/DirectCore/CoreResetP/7.1.100/rtl/vhdl/core/coreresetp_pcie_hotreset.vhd (N/A, 2024-10-03 12:26:36) <-- (architecture and entity definition)
                        /home/tycho/git/NEORV32-SRAM/neorv32-sf2-with-envm/prj_dir/component/work/top/top.vhd (N/A, 2024-10-03 12:26:36) <-- (may instantiate this module)
                        /home/tycho/git/NEORV32-SRAM/neorv32-sf2-with-envm/prj_dir/component/work/top_sb/top_sb.vhd (N/A, 2024-10-03 12:26:36) <-- (may instantiate this module)
122      work.mss_010.def_arch may have changed because the following files changed:
                        /home/tycho/git/NEORV32-SRAM/neorv32-sf2-with-envm/prj_dir/component/work/top/top.vhd (N/A, 2024-10-03 12:26:36) <-- (may instantiate this module)
                        /home/tycho/git/NEORV32-SRAM/neorv32-sf2-with-envm/prj_dir/component/work/top_sb/top_sb.vhd (N/A, 2024-10-03 12:26:36) <-- (may instantiate this module)
                        /home/tycho/git/NEORV32-SRAM/neorv32-sf2-with-envm/prj_dir/component/work/top_sb_HPMS/top_sb_HPMS.vhd (N/A, 2024-10-03 12:26:36) <-- (may instantiate this module)
                        /home/tycho/git/NEORV32-SRAM/neorv32-sf2-with-envm/prj_dir/component/work/top_sb_HPMS/top_sb_HPMS_syn.vhd (N/A, 2024-10-03 12:26:36) <-- (architecture and entity definition)
124      work.neorv32_processortop_minimal.neorv32_processortop_minimal_rtl may have changed because the following files changed:
                        /home/tycho/git/NEORV32-SRAM/neorv32-sf2-with-envm/prj_dir/component/work/top/top.vhd (N/A, 2024-10-03 12:26:36) <-- (may instantiate this module)
                        /home/tycho/git/NEORV32-SRAM/neorv32-sf2-with-envm/prj_dir/hdl/neorv32_ProcessorTop_Minimal.vhd (N/A, 2024-10-03 12:26:36) <-- (architecture and entity definition)
126      work.rcosc_1mhz.def_arch may have changed because the following files changed:
                        /home/tycho/git/NEORV32-SRAM/neorv32-sf2-with-envm/prj_dir/component/Actel/SgCore/OSC/2.0.101/osc_comps.vhd (N/A, 2024-10-03 12:26:36) <-- (architecture and entity definition)
                        /home/tycho/git/NEORV32-SRAM/neorv32-sf2-with-envm/prj_dir/component/work/top/top.vhd (N/A, 2024-10-03 12:26:36) <-- (may instantiate this module)
                        /home/tycho/git/NEORV32-SRAM/neorv32-sf2-with-envm/prj_dir/component/work/top_sb/FABOSC_0/top_sb_FABOSC_0_OSC.vhd (N/A, 2024-10-03 12:26:36) <-- (may instantiate this module)
                        /home/tycho/git/NEORV32-SRAM/neorv32-sf2-with-envm/prj_dir/component/work/top_sb/top_sb.vhd (N/A, 2024-10-03 12:26:36) <-- (may instantiate this module)
128      work.rcosc_1mhz_fab.def_arch may have changed because the following files changed:
                        /home/tycho/git/NEORV32-SRAM/neorv32-sf2-with-envm/prj_dir/component/Actel/SgCore/OSC/2.0.101/osc_comps.vhd (N/A, 2024-10-03 12:26:36) <-- (architecture and entity definition)
                        /home/tycho/git/NEORV32-SRAM/neorv32-sf2-with-envm/prj_dir/component/work/top/top.vhd (N/A, 2024-10-03 12:26:36) <-- (may instantiate this module)
                        /home/tycho/git/NEORV32-SRAM/neorv32-sf2-with-envm/prj_dir/component/work/top_sb/FABOSC_0/top_sb_FABOSC_0_OSC.vhd (N/A, 2024-10-03 12:26:36) <-- (may instantiate this module)
                        /home/tycho/git/NEORV32-SRAM/neorv32-sf2-with-envm/prj_dir/component/work/top_sb/top_sb.vhd (N/A, 2024-10-03 12:26:36) <-- (may instantiate this module)
130      work.rcosc_25_50mhz.def_arch may have changed because the following files changed:
                        /home/tycho/git/NEORV32-SRAM/neorv32-sf2-with-envm/prj_dir/component/Actel/SgCore/OSC/2.0.101/osc_comps.vhd (N/A, 2024-10-03 12:26:36) <-- (architecture and entity definition)
                        /home/tycho/git/NEORV32-SRAM/neorv32-sf2-with-envm/prj_dir/component/work/top/top.vhd (N/A, 2024-10-03 12:26:36) <-- (may instantiate this module)
                        /home/tycho/git/NEORV32-SRAM/neorv32-sf2-with-envm/prj_dir/component/work/top_sb/FABOSC_0/top_sb_FABOSC_0_OSC.vhd (N/A, 2024-10-03 12:26:36) <-- (may instantiate this module)
                        /home/tycho/git/NEORV32-SRAM/neorv32-sf2-with-envm/prj_dir/component/work/top_sb/top_sb.vhd (N/A, 2024-10-03 12:26:36) <-- (may instantiate this module)
132      work.rcosc_25_50mhz_fab.def_arch may have changed because the following files changed:
                        /home/tycho/git/NEORV32-SRAM/neorv32-sf2-with-envm/prj_dir/component/Actel/SgCore/OSC/2.0.101/osc_comps.vhd (N/A, 2024-10-03 12:26:36) <-- (architecture and entity definition)
                        /home/tycho/git/NEORV32-SRAM/neorv32-sf2-with-envm/prj_dir/component/work/top/top.vhd (N/A, 2024-10-03 12:26:36) <-- (may instantiate this module)
                        /home/tycho/git/NEORV32-SRAM/neorv32-sf2-with-envm/prj_dir/component/work/top_sb/FABOSC_0/top_sb_FABOSC_0_OSC.vhd (N/A, 2024-10-03 12:26:36) <-- (may instantiate this module)
                        /home/tycho/git/NEORV32-SRAM/neorv32-sf2-with-envm/prj_dir/component/work/top_sb/top_sb.vhd (N/A, 2024-10-03 12:26:36) <-- (may instantiate this module)
134      work.top.rtl may have changed because the following files changed:
                        /home/tycho/git/NEORV32-SRAM/neorv32-sf2-with-envm/prj_dir/component/work/top/top.vhd (N/A, 2024-10-03 12:26:36) <-- (architecture and entity definition)
136      work.top_sb.rtl may have changed because the following files changed:
                        /home/tycho/git/NEORV32-SRAM/neorv32-sf2-with-envm/prj_dir/component/work/top/top.vhd (N/A, 2024-10-03 12:26:36) <-- (may instantiate this module)
                        /home/tycho/git/NEORV32-SRAM/neorv32-sf2-with-envm/prj_dir/component/work/top_sb/top_sb.vhd (N/A, 2024-10-03 12:26:36) <-- (architecture and entity definition)
138      work.top_sb_ccc_0_fccc.def_arch may have changed because the following files changed:
                        /home/tycho/git/NEORV32-SRAM/neorv32-sf2-with-envm/prj_dir/component/work/top/top.vhd (N/A, 2024-10-03 12:26:36) <-- (may instantiate this module)
                        /home/tycho/git/NEORV32-SRAM/neorv32-sf2-with-envm/prj_dir/component/work/top_sb/CCC_0/top_sb_CCC_0_FCCC.vhd (N/A, 2024-10-03 12:26:36) <-- (architecture and entity definition)
                        /home/tycho/git/NEORV32-SRAM/neorv32-sf2-with-envm/prj_dir/component/work/top_sb/top_sb.vhd (N/A, 2024-10-03 12:26:36) <-- (may instantiate this module)
140      work.top_sb_fabosc_0_osc.def_arch may have changed because the following files changed:
                        /home/tycho/git/NEORV32-SRAM/neorv32-sf2-with-envm/prj_dir/component/work/top/top.vhd (N/A, 2024-10-03 12:26:36) <-- (may instantiate this module)
                        /home/tycho/git/NEORV32-SRAM/neorv32-sf2-with-envm/prj_dir/component/work/top_sb/FABOSC_0/top_sb_FABOSC_0_OSC.vhd (N/A, 2024-10-03 12:26:36) <-- (architecture and entity definition)
                        /home/tycho/git/NEORV32-SRAM/neorv32-sf2-with-envm/prj_dir/component/work/top_sb/top_sb.vhd (N/A, 2024-10-03 12:26:36) <-- (may instantiate this module)
142      work.top_sb_hpms.rtl may have changed because the following files changed:
                        /home/tycho/git/NEORV32-SRAM/neorv32-sf2-with-envm/prj_dir/component/work/top/top.vhd (N/A, 2024-10-03 12:26:36) <-- (may instantiate this module)
                        /home/tycho/git/NEORV32-SRAM/neorv32-sf2-with-envm/prj_dir/component/work/top_sb/top_sb.vhd (N/A, 2024-10-03 12:26:36) <-- (may instantiate this module)
                        /home/tycho/git/NEORV32-SRAM/neorv32-sf2-with-envm/prj_dir/component/work/top_sb_HPMS/top_sb_HPMS.vhd (N/A, 2024-10-03 12:26:36) <-- (architecture and entity definition)
144      work.wb2ahbl.rtl may have changed because the following files changed:
                        /home/tycho/git/NEORV32-SRAM/neorv32-sf2-with-envm/prj_dir/component/work/top/top.vhd (N/A, 2024-10-03 12:26:36) <-- (may instantiate this module)
                        /home/tycho/git/NEORV32-SRAM/neorv32-sf2-with-envm/prj_dir/hdl/WB2AHBL.vhd (N/A, 2024-10-03 12:26:36) <-- (architecture and entity definition)
146      work.xtlosc.def_arch may have changed because the following files changed:
                        /home/tycho/git/NEORV32-SRAM/neorv32-sf2-with-envm/prj_dir/component/Actel/SgCore/OSC/2.0.101/osc_comps.vhd (N/A, 2024-10-03 12:26:36) <-- (architecture and entity definition)
                        /home/tycho/git/NEORV32-SRAM/neorv32-sf2-with-envm/prj_dir/component/work/top/top.vhd (N/A, 2024-10-03 12:26:36) <-- (may instantiate this module)
                        /home/tycho/git/NEORV32-SRAM/neorv32-sf2-with-envm/prj_dir/component/work/top_sb/FABOSC_0/top_sb_FABOSC_0_OSC.vhd (N/A, 2024-10-03 12:26:36) <-- (may instantiate this module)
                        /home/tycho/git/NEORV32-SRAM/neorv32-sf2-with-envm/prj_dir/component/work/top_sb/top_sb.vhd (N/A, 2024-10-03 12:26:36) <-- (may instantiate this module)
148      work.xtlosc_fab.def_arch may have changed because the following files changed:
                        /home/tycho/git/NEORV32-SRAM/neorv32-sf2-with-envm/prj_dir/component/Actel/SgCore/OSC/2.0.101/osc_comps.vhd (N/A, 2024-10-03 12:26:36) <-- (architecture and entity definition)
                        /home/tycho/git/NEORV32-SRAM/neorv32-sf2-with-envm/prj_dir/component/work/top/top.vhd (N/A, 2024-10-03 12:26:36) <-- (may instantiate this module)
                        /home/tycho/git/NEORV32-SRAM/neorv32-sf2-with-envm/prj_dir/component/work/top_sb/FABOSC_0/top_sb_FABOSC_0_OSC.vhd (N/A, 2024-10-03 12:26:36) <-- (may instantiate this module)
                        /home/tycho/git/NEORV32-SRAM/neorv32-sf2-with-envm/prj_dir/component/work/top_sb/top_sb.vhd (N/A, 2024-10-03 12:26:36) <-- (may instantiate this module)

*******************************************************************
Unmodified files: 0
FID:  path (timestamp)

*******************************************************************
Unchanged modules: 0
MID:  lib.cell.view
